###############################################################################
#
# IAR ELF Linker V8.50.9.278/W32 for ARM                  11/Mar/2023  00:45:55
# Copyright 2007-2020 IAR Systems AB.
#
#    Output file  =
#        D:\Ls_Monitor_Lower\Xian_Template\EW-ARM(v8x)\Flash\Exe\Run_Xian.out
#    Map file     =
#        D:\Ls_Monitor_Lower\Xian_Template\EW-ARM(v8x)\Flash\List\Run_Xian.map
#    Command line =
#        -f C:\Users\ADMINI~1\AppData\Local\Temp\EWCAEA.tmp
#        ("D:\Ls_Monitor_Lower\Xian_Template\EW-ARM(v8x)\Flash\Obj\about_phone_ui.o"
#        "D:\Ls_Monitor_Lower\Xian_Template\EW-ARM(v8x)\Flash\Obj\adjust_pedal.o"
#        "D:\Ls_Monitor_Lower\Xian_Template\EW-ARM(v8x)\Flash\Obj\battery_box.o"
#        "D:\Ls_Monitor_Lower\Xian_Template\EW-ARM(v8x)\Flash\Obj\bsp_can_bus.o"
#        "D:\Ls_Monitor_Lower\Xian_Template\EW-ARM(v8x)\Flash\Obj\bsp_dwt.o"
#        "D:\Ls_Monitor_Lower\Xian_Template\EW-ARM(v8x)\Flash\Obj\bsp_font.o"
#        "D:\Ls_Monitor_Lower\Xian_Template\EW-ARM(v8x)\Flash\Obj\bsp_iic_bus.o"
#        "D:\Ls_Monitor_Lower\Xian_Template\EW-ARM(v8x)\Flash\Obj\bsp_key.o"
#        "D:\Ls_Monitor_Lower\Xian_Template\EW-ARM(v8x)\Flash\Obj\bsp_lcd.o"
#        "D:\Ls_Monitor_Lower\Xian_Template\EW-ARM(v8x)\Flash\Obj\bsp_led.o"
#        "D:\Ls_Monitor_Lower\Xian_Template\EW-ARM(v8x)\Flash\Obj\bsp_mlx90614.o"
#        "D:\Ls_Monitor_Lower\Xian_Template\EW-ARM(v8x)\Flash\Obj\bsp_rotation_sensor.o"
#        "D:\Ls_Monitor_Lower\Xian_Template\EW-ARM(v8x)\Flash\Obj\bsp_sdio_sd.o"
#        "D:\Ls_Monitor_Lower\Xian_Template\EW-ARM(v8x)\Flash\Obj\bsp_spi_ads1256.o"
#        "D:\Ls_Monitor_Lower\Xian_Template\EW-ARM(v8x)\Flash\Obj\bsp_spi_bus.o"
#        "D:\Ls_Monitor_Lower\Xian_Template\EW-ARM(v8x)\Flash\Obj\bsp_spi_flash.o"
#        "D:\Ls_Monitor_Lower\Xian_Template\EW-ARM(v8x)\Flash\Obj\bsp_spi_flash_demo.o"
#        "D:\Ls_Monitor_Lower\Xian_Template\EW-ARM(v8x)\Flash\Obj\bsp_tim_pwm.o"
#        "D:\Ls_Monitor_Lower\Xian_Template\EW-ARM(v8x)\Flash\Obj\bsp_touch.o"
#        "D:\Ls_Monitor_Lower\Xian_Template\EW-ARM(v8x)\Flash\Obj\bsp_usart_fifo.o"
#        "D:\Ls_Monitor_Lower\Xian_Template\EW-ARM(v8x)\Flash\Obj\bsp_ws2812b.o"
#        "D:\Ls_Monitor_Lower\Xian_Template\EW-ARM(v8x)\Flash\Obj\cc936.o"
#        "D:\Ls_Monitor_Lower\Xian_Template\EW-ARM(v8x)\Flash\Obj\cool_control.o"
#        "D:\Ls_Monitor_Lower\Xian_Template\EW-ARM(v8x)\Flash\Obj\DEV_Config.o"
#        "D:\Ls_Monitor_Lower\Xian_Template\EW-ARM(v8x)\Flash\Obj\diskio.o"
#        "D:\Ls_Monitor_Lower\Xian_Template\EW-ARM(v8x)\Flash\Obj\EPD_2in9b_V3.o"
#        "D:\Ls_Monitor_Lower\Xian_Template\EW-ARM(v8x)\Flash\Obj\EPD_2in9b_V3_test.o"
#        "D:\Ls_Monitor_Lower\Xian_Template\EW-ARM(v8x)\Flash\Obj\ff.o"
#        "D:\Ls_Monitor_Lower\Xian_Template\EW-ARM(v8x)\Flash\Obj\ff_gen_drv.o"
#        "D:\Ls_Monitor_Lower\Xian_Template\EW-ARM(v8x)\Flash\Obj\font12.o"
#        "D:\Ls_Monitor_Lower\Xian_Template\EW-ARM(v8x)\Flash\Obj\font12CN.o"
#        "D:\Ls_Monitor_Lower\Xian_Template\EW-ARM(v8x)\Flash\Obj\font16.o"
#        "D:\Ls_Monitor_Lower\Xian_Template\EW-ARM(v8x)\Flash\Obj\font20.o"
#        "D:\Ls_Monitor_Lower\Xian_Template\EW-ARM(v8x)\Flash\Obj\font24.o"
#        "D:\Ls_Monitor_Lower\Xian_Template\EW-ARM(v8x)\Flash\Obj\font24CN.o"
#        "D:\Ls_Monitor_Lower\Xian_Template\EW-ARM(v8x)\Flash\Obj\font8.o"
#        "D:\Ls_Monitor_Lower\Xian_Template\EW-ARM(v8x)\Flash\Obj\GUI_Paint.o"
#        "D:\Ls_Monitor_Lower\Xian_Template\EW-ARM(v8x)\Flash\Obj\ImageData.o"
#        "D:\Ls_Monitor_Lower\Xian_Template\EW-ARM(v8x)\Flash\Obj\ImageData2.o"
#        "D:\Ls_Monitor_Lower\Xian_Template\EW-ARM(v8x)\Flash\Obj\iwdg.o"
#        "D:\Ls_Monitor_Lower\Xian_Template\EW-ARM(v8x)\Flash\Obj\lv_anim.o"
#        "D:\Ls_Monitor_Lower\Xian_Template\EW-ARM(v8x)\Flash\Obj\lv_anim_timeline.o"
#        "D:\Ls_Monitor_Lower\Xian_Template\EW-ARM(v8x)\Flash\Obj\lv_animimg.o"
#        "D:\Ls_Monitor_Lower\Xian_Template\EW-ARM(v8x)\Flash\Obj\lv_arc.o"
#        "D:\Ls_Monitor_Lower\Xian_Template\EW-ARM(v8x)\Flash\Obj\lv_area.o"
#        "D:\Ls_Monitor_Lower\Xian_Template\EW-ARM(v8x)\Flash\Obj\lv_async.o"
#        "D:\Ls_Monitor_Lower\Xian_Template\EW-ARM(v8x)\Flash\Obj\lv_bar.o"
#        "D:\Ls_Monitor_Lower\Xian_Template\EW-ARM(v8x)\Flash\Obj\lv_bidi.o"
#        "D:\Ls_Monitor_Lower\Xian_Template\EW-ARM(v8x)\Flash\Obj\lv_btn.o"
#        "D:\Ls_Monitor_Lower\Xian_Template\EW-ARM(v8x)\Flash\Obj\lv_btnmatrix.o"
#        "D:\Ls_Monitor_Lower\Xian_Template\EW-ARM(v8x)\Flash\Obj\lv_calendar.o"
#        "D:\Ls_Monitor_Lower\Xian_Template\EW-ARM(v8x)\Flash\Obj\lv_calendar_header_arrow.o"
#        "D:\Ls_Monitor_Lower\Xian_Template\EW-ARM(v8x)\Flash\Obj\lv_calendar_header_dropdown.o"
#        "D:\Ls_Monitor_Lower\Xian_Template\EW-ARM(v8x)\Flash\Obj\lv_canvas.o"
#        "D:\Ls_Monitor_Lower\Xian_Template\EW-ARM(v8x)\Flash\Obj\lv_chart.o"
#        "D:\Ls_Monitor_Lower\Xian_Template\EW-ARM(v8x)\Flash\Obj\lv_checkbox.o"
#        "D:\Ls_Monitor_Lower\Xian_Template\EW-ARM(v8x)\Flash\Obj\lv_color.o"
#        "D:\Ls_Monitor_Lower\Xian_Template\EW-ARM(v8x)\Flash\Obj\lv_colorwheel.o"
#        "D:\Ls_Monitor_Lower\Xian_Template\EW-ARM(v8x)\Flash\Obj\lv_disp.o"
#        "D:\Ls_Monitor_Lower\Xian_Template\EW-ARM(v8x)\Flash\Obj\lv_draw.o"
#        "D:\Ls_Monitor_Lower\Xian_Template\EW-ARM(v8x)\Flash\Obj\lv_draw_arc.o"
#        "D:\Ls_Monitor_Lower\Xian_Template\EW-ARM(v8x)\Flash\Obj\lv_draw_img.o"
#        "D:\Ls_Monitor_Lower\Xian_Template\EW-ARM(v8x)\Flash\Obj\lv_draw_label.o"
#        "D:\Ls_Monitor_Lower\Xian_Template\EW-ARM(v8x)\Flash\Obj\lv_draw_layer.o"
#        "D:\Ls_Monitor_Lower\Xian_Template\EW-ARM(v8x)\Flash\Obj\lv_draw_line.o"
#        "D:\Ls_Monitor_Lower\Xian_Template\EW-ARM(v8x)\Flash\Obj\lv_draw_mask.o"
#        "D:\Ls_Monitor_Lower\Xian_Template\EW-ARM(v8x)\Flash\Obj\lv_draw_rect.o"
#        "D:\Ls_Monitor_Lower\Xian_Template\EW-ARM(v8x)\Flash\Obj\lv_draw_sw.o"
#        "D:\Ls_Monitor_Lower\Xian_Template\EW-ARM(v8x)\Flash\Obj\lv_draw_sw_arc.o"
#        "D:\Ls_Monitor_Lower\Xian_Template\EW-ARM(v8x)\Flash\Obj\lv_draw_sw_blend.o"
#        "D:\Ls_Monitor_Lower\Xian_Template\EW-ARM(v8x)\Flash\Obj\lv_draw_sw_dither.o"
#        "D:\Ls_Monitor_Lower\Xian_Template\EW-ARM(v8x)\Flash\Obj\lv_draw_sw_gradient.o"
#        "D:\Ls_Monitor_Lower\Xian_Template\EW-ARM(v8x)\Flash\Obj\lv_draw_sw_img.o"
#        "D:\Ls_Monitor_Lower\Xian_Template\EW-ARM(v8x)\Flash\Obj\lv_draw_sw_layer.o"
#        "D:\Ls_Monitor_Lower\Xian_Template\EW-ARM(v8x)\Flash\Obj\lv_draw_sw_letter.o"
#        "D:\Ls_Monitor_Lower\Xian_Template\EW-ARM(v8x)\Flash\Obj\lv_draw_sw_line.o"
#        "D:\Ls_Monitor_Lower\Xian_Template\EW-ARM(v8x)\Flash\Obj\lv_draw_sw_polygon.o"
#        "D:\Ls_Monitor_Lower\Xian_Template\EW-ARM(v8x)\Flash\Obj\lv_draw_sw_rect.o"
#        "D:\Ls_Monitor_Lower\Xian_Template\EW-ARM(v8x)\Flash\Obj\lv_draw_sw_transform.o"
#        "D:\Ls_Monitor_Lower\Xian_Template\EW-ARM(v8x)\Flash\Obj\lv_draw_transform.o"
#        "D:\Ls_Monitor_Lower\Xian_Template\EW-ARM(v8x)\Flash\Obj\lv_draw_triangle.o"
#        "D:\Ls_Monitor_Lower\Xian_Template\EW-ARM(v8x)\Flash\Obj\lv_dropdown.o"
#        "D:\Ls_Monitor_Lower\Xian_Template\EW-ARM(v8x)\Flash\Obj\lv_event.o"
#        "D:\Ls_Monitor_Lower\Xian_Template\EW-ARM(v8x)\Flash\Obj\lv_extra.o"
#        "D:\Ls_Monitor_Lower\Xian_Template\EW-ARM(v8x)\Flash\Obj\lv_flex.o"
#        "D:\Ls_Monitor_Lower\Xian_Template\EW-ARM(v8x)\Flash\Obj\lv_font.o"
#        "D:\Ls_Monitor_Lower\Xian_Template\EW-ARM(v8x)\Flash\Obj\lv_font_dejavu_16_persian_hebrew.o"
#        "D:\Ls_Monitor_Lower\Xian_Template\EW-ARM(v8x)\Flash\Obj\lv_font_fmt_txt.o"
#        "D:\Ls_Monitor_Lower\Xian_Template\EW-ARM(v8x)\Flash\Obj\lv_font_loader.o"
#        "D:\Ls_Monitor_Lower\Xian_Template\EW-ARM(v8x)\Flash\Obj\lv_font_montserrat_10.o"
#        "D:\Ls_Monitor_Lower\Xian_Template\EW-ARM(v8x)\Flash\Obj\lv_font_montserrat_12.o"
#        "D:\Ls_Monitor_Lower\Xian_Template\EW-ARM(v8x)\Flash\Obj\lv_font_montserrat_12_subpx.o"
#        "D:\Ls_Monitor_Lower\Xian_Template\EW-ARM(v8x)\Flash\Obj\lv_font_montserrat_14.o"
#        "D:\Ls_Monitor_Lower\Xian_Template\EW-ARM(v8x)\Flash\Obj\lv_font_montserrat_16.o"
#        "D:\Ls_Monitor_Lower\Xian_Template\EW-ARM(v8x)\Flash\Obj\lv_font_montserrat_24.o"
#        "D:\Ls_Monitor_Lower\Xian_Template\EW-ARM(v8x)\Flash\Obj\lv_font_montserrat_8.o"
#        "D:\Ls_Monitor_Lower\Xian_Template\EW-ARM(v8x)\Flash\Obj\lv_font_simsun_16_cjk.o"
#        "D:\Ls_Monitor_Lower\Xian_Template\EW-ARM(v8x)\Flash\Obj\lv_font_unscii_16.o"
#        "D:\Ls_Monitor_Lower\Xian_Template\EW-ARM(v8x)\Flash\Obj\lv_font_unscii_8.o"
#        "D:\Ls_Monitor_Lower\Xian_Template\EW-ARM(v8x)\Flash\Obj\lv_fragment.o"
#        "D:\Ls_Monitor_Lower\Xian_Template\EW-ARM(v8x)\Flash\Obj\lv_fragment_manager.o"
#        "D:\Ls_Monitor_Lower\Xian_Template\EW-ARM(v8x)\Flash\Obj\lv_fs.o"
#        "D:\Ls_Monitor_Lower\Xian_Template\EW-ARM(v8x)\Flash\Obj\lv_fs_fatfs.o"
#        "D:\Ls_Monitor_Lower\Xian_Template\EW-ARM(v8x)\Flash\Obj\lv_gc.o"
#        "D:\Ls_Monitor_Lower\Xian_Template\EW-ARM(v8x)\Flash\Obj\lv_grid.o"
#        "D:\Ls_Monitor_Lower\Xian_Template\EW-ARM(v8x)\Flash\Obj\lv_gridnav.o"
#        "D:\Ls_Monitor_Lower\Xian_Template\EW-ARM(v8x)\Flash\Obj\lv_group.o"
#        "D:\Ls_Monitor_Lower\Xian_Template\EW-ARM(v8x)\Flash\Obj\lv_hal_disp.o"
#        "D:\Ls_Monitor_Lower\Xian_Template\EW-ARM(v8x)\Flash\Obj\lv_hal_indev.o"
#        "D:\Ls_Monitor_Lower\Xian_Template\EW-ARM(v8x)\Flash\Obj\lv_hal_tick.o"
#        "D:\Ls_Monitor_Lower\Xian_Template\EW-ARM(v8x)\Flash\Obj\lv_ime_pinyin.o"
#        "D:\Ls_Monitor_Lower\Xian_Template\EW-ARM(v8x)\Flash\Obj\lv_img.o"
#        "D:\Ls_Monitor_Lower\Xian_Template\EW-ARM(v8x)\Flash\Obj\lv_img_buf.o"
#        "D:\Ls_Monitor_Lower\Xian_Template\EW-ARM(v8x)\Flash\Obj\lv_img_cache.o"
#        "D:\Ls_Monitor_Lower\Xian_Template\EW-ARM(v8x)\Flash\Obj\lv_img_decoder.o"
#        "D:\Ls_Monitor_Lower\Xian_Template\EW-ARM(v8x)\Flash\Obj\lv_imgbtn.o"
#        "D:\Ls_Monitor_Lower\Xian_Template\EW-ARM(v8x)\Flash\Obj\lv_imgfont.o"
#        "D:\Ls_Monitor_Lower\Xian_Template\EW-ARM(v8x)\Flash\Obj\lv_indev.o"
#        "D:\Ls_Monitor_Lower\Xian_Template\EW-ARM(v8x)\Flash\Obj\lv_indev_scroll.o"
#        "D:\Ls_Monitor_Lower\Xian_Template\EW-ARM(v8x)\Flash\Obj\lv_keyboard.o"
#        "D:\Ls_Monitor_Lower\Xian_Template\EW-ARM(v8x)\Flash\Obj\lv_label.o"
#        "D:\Ls_Monitor_Lower\Xian_Template\EW-ARM(v8x)\Flash\Obj\lv_led.o"
#        "D:\Ls_Monitor_Lower\Xian_Template\EW-ARM(v8x)\Flash\Obj\lv_line.o"
#        "D:\Ls_Monitor_Lower\Xian_Template\EW-ARM(v8x)\Flash\Obj\lv_list.o"
#        "D:\Ls_Monitor_Lower\Xian_Template\EW-ARM(v8x)\Flash\Obj\lv_ll.o"
#        "D:\Ls_Monitor_Lower\Xian_Template\EW-ARM(v8x)\Flash\Obj\lv_log.o"
#        "D:\Ls_Monitor_Lower\Xian_Template\EW-ARM(v8x)\Flash\Obj\lv_lru.o"
#        "D:\Ls_Monitor_Lower\Xian_Template\EW-ARM(v8x)\Flash\Obj\lv_math.o"
#        "D:\Ls_Monitor_Lower\Xian_Template\EW-ARM(v8x)\Flash\Obj\lv_mem.o"
#        "D:\Ls_Monitor_Lower\Xian_Template\EW-ARM(v8x)\Flash\Obj\lv_menu.o"
#        "D:\Ls_Monitor_Lower\Xian_Template\EW-ARM(v8x)\Flash\Obj\lv_meter.o"
#        "D:\Ls_Monitor_Lower\Xian_Template\EW-ARM(v8x)\Flash\Obj\lv_monkey.o"
#        "D:\Ls_Monitor_Lower\Xian_Template\EW-ARM(v8x)\Flash\Obj\lv_msg.o"
#        "D:\Ls_Monitor_Lower\Xian_Template\EW-ARM(v8x)\Flash\Obj\lv_msgbox.o"
#        "D:\Ls_Monitor_Lower\Xian_Template\EW-ARM(v8x)\Flash\Obj\lv_obj.o"
#        "D:\Ls_Monitor_Lower\Xian_Template\EW-ARM(v8x)\Flash\Obj\lv_obj_class.o"
#        "D:\Ls_Monitor_Lower\Xian_Template\EW-ARM(v8x)\Flash\Obj\lv_obj_draw.o"
#        "D:\Ls_Monitor_Lower\Xian_Template\EW-ARM(v8x)\Flash\Obj\lv_obj_pos.o"
#        "D:\Ls_Monitor_Lower\Xian_Template\EW-ARM(v8x)\Flash\Obj\lv_obj_scroll.o"
#        "D:\Ls_Monitor_Lower\Xian_Template\EW-ARM(v8x)\Flash\Obj\lv_obj_style.o"
#        "D:\Ls_Monitor_Lower\Xian_Template\EW-ARM(v8x)\Flash\Obj\lv_obj_style_gen.o"
#        "D:\Ls_Monitor_Lower\Xian_Template\EW-ARM(v8x)\Flash\Obj\lv_obj_tree.o"
#        "D:\Ls_Monitor_Lower\Xian_Template\EW-ARM(v8x)\Flash\Obj\lv_objx_templ.o"
#        "D:\Ls_Monitor_Lower\Xian_Template\EW-ARM(v8x)\Flash\Obj\lv_port_disp_template.o"
#        "D:\Ls_Monitor_Lower\Xian_Template\EW-ARM(v8x)\Flash\Obj\lv_port_indev_template.o"
#        "D:\Ls_Monitor_Lower\Xian_Template\EW-ARM(v8x)\Flash\Obj\lv_printf.o"
#        "D:\Ls_Monitor_Lower\Xian_Template\EW-ARM(v8x)\Flash\Obj\lv_refr.o"
#        "D:\Ls_Monitor_Lower\Xian_Template\EW-ARM(v8x)\Flash\Obj\lv_roller.o"
#        "D:\Ls_Monitor_Lower\Xian_Template\EW-ARM(v8x)\Flash\Obj\lv_slider.o"
#        "D:\Ls_Monitor_Lower\Xian_Template\EW-ARM(v8x)\Flash\Obj\lv_snapshot.o"
#        "D:\Ls_Monitor_Lower\Xian_Template\EW-ARM(v8x)\Flash\Obj\lv_span.o"
#        "D:\Ls_Monitor_Lower\Xian_Template\EW-ARM(v8x)\Flash\Obj\lv_spinbox.o"
#        "D:\Ls_Monitor_Lower\Xian_Template\EW-ARM(v8x)\Flash\Obj\lv_spinner.o"
#        "D:\Ls_Monitor_Lower\Xian_Template\EW-ARM(v8x)\Flash\Obj\lv_style.o"
#        "D:\Ls_Monitor_Lower\Xian_Template\EW-ARM(v8x)\Flash\Obj\lv_style_gen.o"
#        "D:\Ls_Monitor_Lower\Xian_Template\EW-ARM(v8x)\Flash\Obj\lv_switch.o"
#        "D:\Ls_Monitor_Lower\Xian_Template\EW-ARM(v8x)\Flash\Obj\lv_table.o"
#        "D:\Ls_Monitor_Lower\Xian_Template\EW-ARM(v8x)\Flash\Obj\lv_tabview.o"
#        "D:\Ls_Monitor_Lower\Xian_Template\EW-ARM(v8x)\Flash\Obj\lv_templ.o"
#        "D:\Ls_Monitor_Lower\Xian_Template\EW-ARM(v8x)\Flash\Obj\lv_textarea.o"
#        "D:\Ls_Monitor_Lower\Xian_Template\EW-ARM(v8x)\Flash\Obj\lv_theme.o"
#        "D:\Ls_Monitor_Lower\Xian_Template\EW-ARM(v8x)\Flash\Obj\lv_theme_basic.o"
#        "D:\Ls_Monitor_Lower\Xian_Template\EW-ARM(v8x)\Flash\Obj\lv_theme_default.o"
#        "D:\Ls_Monitor_Lower\Xian_Template\EW-ARM(v8x)\Flash\Obj\lv_theme_mono.o"
#        "D:\Ls_Monitor_Lower\Xian_Template\EW-ARM(v8x)\Flash\Obj\lv_tileview.o"
#        "D:\Ls_Monitor_Lower\Xian_Template\EW-ARM(v8x)\Flash\Obj\lv_timer.o"
#        "D:\Ls_Monitor_Lower\Xian_Template\EW-ARM(v8x)\Flash\Obj\lv_tlsf.o"
#        "D:\Ls_Monitor_Lower\Xian_Template\EW-ARM(v8x)\Flash\Obj\lv_txt.o"
#        "D:\Ls_Monitor_Lower\Xian_Template\EW-ARM(v8x)\Flash\Obj\lv_txt_ap.o"
#        "D:\Ls_Monitor_Lower\Xian_Template\EW-ARM(v8x)\Flash\Obj\lv_utils.o"
#        "D:\Ls_Monitor_Lower\Xian_Template\EW-ARM(v8x)\Flash\Obj\lv_win.o"
#        "D:\Ls_Monitor_Lower\Xian_Template\EW-ARM(v8x)\Flash\Obj\main.o"
#        "D:\Ls_Monitor_Lower\Xian_Template\EW-ARM(v8x)\Flash\Obj\Monitor.o"
#        "D:\Ls_Monitor_Lower\Xian_Template\EW-ARM(v8x)\Flash\Obj\motor_control_ui.o"
#        "D:\Ls_Monitor_Lower\Xian_Template\EW-ARM(v8x)\Flash\Obj\myFont20.o"
#        "D:\Ls_Monitor_Lower\Xian_Template\EW-ARM(v8x)\Flash\Obj\myFont36.o"
#        "D:\Ls_Monitor_Lower\Xian_Template\EW-ARM(v8x)\Flash\Obj\sd_diskio_dma.o"
#        "D:\Ls_Monitor_Lower\Xian_Template\EW-ARM(v8x)\Flash\Obj\sensor_ui.o"
#        "D:\Ls_Monitor_Lower\Xian_Template\EW-ARM(v8x)\Flash\Obj\set_up.o"
#        "D:\Ls_Monitor_Lower\Xian_Template\EW-ARM(v8x)\Flash\Obj\startup_stm32f407xx.o"
#        "D:\Ls_Monitor_Lower\Xian_Template\EW-ARM(v8x)\Flash\Obj\stm32f4xx_hal.o"
#        "D:\Ls_Monitor_Lower\Xian_Template\EW-ARM(v8x)\Flash\Obj\stm32f4xx_hal_can.o"
#        "D:\Ls_Monitor_Lower\Xian_Template\EW-ARM(v8x)\Flash\Obj\stm32f4xx_hal_cortex.o"
#        "D:\Ls_Monitor_Lower\Xian_Template\EW-ARM(v8x)\Flash\Obj\stm32f4xx_hal_crc.o"
#        "D:\Ls_Monitor_Lower\Xian_Template\EW-ARM(v8x)\Flash\Obj\stm32f4xx_hal_dma.o"
#        "D:\Ls_Monitor_Lower\Xian_Template\EW-ARM(v8x)\Flash\Obj\stm32f4xx_hal_dma_ex.o"
#        "D:\Ls_Monitor_Lower\Xian_Template\EW-ARM(v8x)\Flash\Obj\stm32f4xx_hal_eth.o"
#        "D:\Ls_Monitor_Lower\Xian_Template\EW-ARM(v8x)\Flash\Obj\stm32f4xx_hal_gpio.o"
#        "D:\Ls_Monitor_Lower\Xian_Template\EW-ARM(v8x)\Flash\Obj\stm32f4xx_hal_i2c.o"
#        "D:\Ls_Monitor_Lower\Xian_Template\EW-ARM(v8x)\Flash\Obj\stm32f4xx_hal_i2c_ex.o"
#        "D:\Ls_Monitor_Lower\Xian_Template\EW-ARM(v8x)\Flash\Obj\stm32f4xx_hal_iwdg.o"
#        "D:\Ls_Monitor_Lower\Xian_Template\EW-ARM(v8x)\Flash\Obj\stm32f4xx_hal_msp.o"
#        "D:\Ls_Monitor_Lower\Xian_Template\EW-ARM(v8x)\Flash\Obj\stm32f4xx_hal_pwr.o"
#        "D:\Ls_Monitor_Lower\Xian_Template\EW-ARM(v8x)\Flash\Obj\stm32f4xx_hal_pwr_ex.o"
#        "D:\Ls_Monitor_Lower\Xian_Template\EW-ARM(v8x)\Flash\Obj\stm32f4xx_hal_rcc.o"
#        "D:\Ls_Monitor_Lower\Xian_Template\EW-ARM(v8x)\Flash\Obj\stm32f4xx_hal_rcc_ex.o"
#        "D:\Ls_Monitor_Lower\Xian_Template\EW-ARM(v8x)\Flash\Obj\stm32f4xx_hal_sd.o"
#        "D:\Ls_Monitor_Lower\Xian_Template\EW-ARM(v8x)\Flash\Obj\stm32f4xx_hal_spi.o"
#        "D:\Ls_Monitor_Lower\Xian_Template\EW-ARM(v8x)\Flash\Obj\stm32f4xx_hal_sram.o"
#        "D:\Ls_Monitor_Lower\Xian_Template\EW-ARM(v8x)\Flash\Obj\stm32f4xx_hal_tim.o"
#        "D:\Ls_Monitor_Lower\Xian_Template\EW-ARM(v8x)\Flash\Obj\stm32f4xx_hal_tim_ex.o"
#        "D:\Ls_Monitor_Lower\Xian_Template\EW-ARM(v8x)\Flash\Obj\stm32f4xx_hal_timebase_tim.o"
#        "D:\Ls_Monitor_Lower\Xian_Template\EW-ARM(v8x)\Flash\Obj\stm32f4xx_hal_uart.o"
#        "D:\Ls_Monitor_Lower\Xian_Template\EW-ARM(v8x)\Flash\Obj\stm32f4xx_it.o"
#        "D:\Ls_Monitor_Lower\Xian_Template\EW-ARM(v8x)\Flash\Obj\stm32f4xx_ll_fsmc.o"
#        "D:\Ls_Monitor_Lower\Xian_Template\EW-ARM(v8x)\Flash\Obj\stm32f4xx_ll_sdmmc.o"
#        "D:\Ls_Monitor_Lower\Xian_Template\EW-ARM(v8x)\Flash\Obj\sys.o"
#        "D:\Ls_Monitor_Lower\Xian_Template\EW-ARM(v8x)\Flash\Obj\syscall.o"
#        "D:\Ls_Monitor_Lower\Xian_Template\EW-ARM(v8x)\Flash\Obj\system_stm32f4xx.o"
#        "D:\Ls_Monitor_Lower\Xian_Template\EW-ARM(v8x)\Flash\Obj\ticktim.o"
#        "D:\Ls_Monitor_Lower\Xian_Template\EW-ARM(v8x)\Flash\Obj\tx_block_allocate.o"
#        "D:\Ls_Monitor_Lower\Xian_Template\EW-ARM(v8x)\Flash\Obj\tx_block_pool_cleanup.o"
#        "D:\Ls_Monitor_Lower\Xian_Template\EW-ARM(v8x)\Flash\Obj\tx_block_pool_create.o"
#        "D:\Ls_Monitor_Lower\Xian_Template\EW-ARM(v8x)\Flash\Obj\tx_block_pool_delete.o"
#        "D:\Ls_Monitor_Lower\Xian_Template\EW-ARM(v8x)\Flash\Obj\tx_block_pool_info_get.o"
#        "D:\Ls_Monitor_Lower\Xian_Template\EW-ARM(v8x)\Flash\Obj\tx_block_pool_initialize.o"
#        "D:\Ls_Monitor_Lower\Xian_Template\EW-ARM(v8x)\Flash\Obj\tx_block_pool_performance_info_get.o"
#        "D:\Ls_Monitor_Lower\Xian_Template\EW-ARM(v8x)\Flash\Obj\tx_block_pool_performance_system_info_get.o"
#        "D:\Ls_Monitor_Lower\Xian_Template\EW-ARM(v8x)\Flash\Obj\tx_block_pool_prioritize.o"
#        "D:\Ls_Monitor_Lower\Xian_Template\EW-ARM(v8x)\Flash\Obj\tx_block_release.o"
#        "D:\Ls_Monitor_Lower\Xian_Template\EW-ARM(v8x)\Flash\Obj\tx_byte_allocate.o"
#        "D:\Ls_Monitor_Lower\Xian_Template\EW-ARM(v8x)\Flash\Obj\tx_byte_pool_cleanup.o"
#        "D:\Ls_Monitor_Lower\Xian_Template\EW-ARM(v8x)\Flash\Obj\tx_byte_pool_create.o"
#        "D:\Ls_Monitor_Lower\Xian_Template\EW-ARM(v8x)\Flash\Obj\tx_byte_pool_delete.o"
#        "D:\Ls_Monitor_Lower\Xian_Template\EW-ARM(v8x)\Flash\Obj\tx_byte_pool_info_get.o"
#        "D:\Ls_Monitor_Lower\Xian_Template\EW-ARM(v8x)\Flash\Obj\tx_byte_pool_initialize.o"
#        "D:\Ls_Monitor_Lower\Xian_Template\EW-ARM(v8x)\Flash\Obj\tx_byte_pool_performance_info_get.o"
#        "D:\Ls_Monitor_Lower\Xian_Template\EW-ARM(v8x)\Flash\Obj\tx_byte_pool_performance_system_info_get.o"
#        "D:\Ls_Monitor_Lower\Xian_Template\EW-ARM(v8x)\Flash\Obj\tx_byte_pool_prioritize.o"
#        "D:\Ls_Monitor_Lower\Xian_Template\EW-ARM(v8x)\Flash\Obj\tx_byte_pool_search.o"
#        "D:\Ls_Monitor_Lower\Xian_Template\EW-ARM(v8x)\Flash\Obj\tx_byte_release.o"
#        "D:\Ls_Monitor_Lower\Xian_Template\EW-ARM(v8x)\Flash\Obj\tx_event_flags_cleanup.o"
#        "D:\Ls_Monitor_Lower\Xian_Template\EW-ARM(v8x)\Flash\Obj\tx_event_flags_create.o"
#        "D:\Ls_Monitor_Lower\Xian_Template\EW-ARM(v8x)\Flash\Obj\tx_event_flags_delete.o"
#        "D:\Ls_Monitor_Lower\Xian_Template\EW-ARM(v8x)\Flash\Obj\tx_event_flags_get.o"
#        "D:\Ls_Monitor_Lower\Xian_Template\EW-ARM(v8x)\Flash\Obj\tx_event_flags_info_get.o"
#        "D:\Ls_Monitor_Lower\Xian_Template\EW-ARM(v8x)\Flash\Obj\tx_event_flags_initialize.o"
#        "D:\Ls_Monitor_Lower\Xian_Template\EW-ARM(v8x)\Flash\Obj\tx_event_flags_performance_info_get.o"
#        "D:\Ls_Monitor_Lower\Xian_Template\EW-ARM(v8x)\Flash\Obj\tx_event_flags_performance_system_info_get.o"
#        "D:\Ls_Monitor_Lower\Xian_Template\EW-ARM(v8x)\Flash\Obj\tx_event_flags_set.o"
#        "D:\Ls_Monitor_Lower\Xian_Template\EW-ARM(v8x)\Flash\Obj\tx_event_flags_set_notify.o"
#        "D:\Ls_Monitor_Lower\Xian_Template\EW-ARM(v8x)\Flash\Obj\tx_iar.o"
#        "D:\Ls_Monitor_Lower\Xian_Template\EW-ARM(v8x)\Flash\Obj\tx_initialize_high_level.o"
#        "D:\Ls_Monitor_Lower\Xian_Template\EW-ARM(v8x)\Flash\Obj\tx_initialize_kernel_enter.o"
#        "D:\Ls_Monitor_Lower\Xian_Template\EW-ARM(v8x)\Flash\Obj\tx_initialize_kernel_setup.o"
#        "D:\Ls_Monitor_Lower\Xian_Template\EW-ARM(v8x)\Flash\Obj\tx_initialize_low_level.o"
#        "D:\Ls_Monitor_Lower\Xian_Template\EW-ARM(v8x)\Flash\Obj\tx_misra.o"
#        "D:\Ls_Monitor_Lower\Xian_Template\EW-ARM(v8x)\Flash\Obj\tx_mutex_cleanup.o"
#        "D:\Ls_Monitor_Lower\Xian_Template\EW-ARM(v8x)\Flash\Obj\tx_mutex_create.o"
#        "D:\Ls_Monitor_Lower\Xian_Template\EW-ARM(v8x)\Flash\Obj\tx_mutex_delete.o"
#        "D:\Ls_Monitor_Lower\Xian_Template\EW-ARM(v8x)\Flash\Obj\tx_mutex_get.o"
#        "D:\Ls_Monitor_Lower\Xian_Template\EW-ARM(v8x)\Flash\Obj\tx_mutex_info_get.o"
#        "D:\Ls_Monitor_Lower\Xian_Template\EW-ARM(v8x)\Flash\Obj\tx_mutex_initialize.o"
#        "D:\Ls_Monitor_Lower\Xian_Template\EW-ARM(v8x)\Flash\Obj\tx_mutex_performance_info_get.o"
#        "D:\Ls_Monitor_Lower\Xian_Template\EW-ARM(v8x)\Flash\Obj\tx_mutex_performance_system_info_get.o"
#        "D:\Ls_Monitor_Lower\Xian_Template\EW-ARM(v8x)\Flash\Obj\tx_mutex_prioritize.o"
#        "D:\Ls_Monitor_Lower\Xian_Template\EW-ARM(v8x)\Flash\Obj\tx_mutex_priority_change.o"
#        "D:\Ls_Monitor_Lower\Xian_Template\EW-ARM(v8x)\Flash\Obj\tx_mutex_put.o"
#        "D:\Ls_Monitor_Lower\Xian_Template\EW-ARM(v8x)\Flash\Obj\tx_queue_cleanup.o"
#        "D:\Ls_Monitor_Lower\Xian_Template\EW-ARM(v8x)\Flash\Obj\tx_queue_create.o"
#        "D:\Ls_Monitor_Lower\Xian_Template\EW-ARM(v8x)\Flash\Obj\tx_queue_delete.o"
#        "D:\Ls_Monitor_Lower\Xian_Template\EW-ARM(v8x)\Flash\Obj\tx_queue_flush.o"
#        "D:\Ls_Monitor_Lower\Xian_Template\EW-ARM(v8x)\Flash\Obj\tx_queue_front_send.o"
#        "D:\Ls_Monitor_Lower\Xian_Template\EW-ARM(v8x)\Flash\Obj\tx_queue_info_get.o"
#        "D:\Ls_Monitor_Lower\Xian_Template\EW-ARM(v8x)\Flash\Obj\tx_queue_initialize.o"
#        "D:\Ls_Monitor_Lower\Xian_Template\EW-ARM(v8x)\Flash\Obj\tx_queue_performance_info_get.o"
#        "D:\Ls_Monitor_Lower\Xian_Template\EW-ARM(v8x)\Flash\Obj\tx_queue_performance_system_info_get.o"
#        "D:\Ls_Monitor_Lower\Xian_Template\EW-ARM(v8x)\Flash\Obj\tx_queue_prioritize.o"
#        "D:\Ls_Monitor_Lower\Xian_Template\EW-ARM(v8x)\Flash\Obj\tx_queue_receive.o"
#        "D:\Ls_Monitor_Lower\Xian_Template\EW-ARM(v8x)\Flash\Obj\tx_queue_send.o"
#        "D:\Ls_Monitor_Lower\Xian_Template\EW-ARM(v8x)\Flash\Obj\tx_queue_send_notify.o"
#        "D:\Ls_Monitor_Lower\Xian_Template\EW-ARM(v8x)\Flash\Obj\tx_semaphore_ceiling_put.o"
#        "D:\Ls_Monitor_Lower\Xian_Template\EW-ARM(v8x)\Flash\Obj\tx_semaphore_cleanup.o"
#        "D:\Ls_Monitor_Lower\Xian_Template\EW-ARM(v8x)\Flash\Obj\tx_semaphore_create.o"
#        "D:\Ls_Monitor_Lower\Xian_Template\EW-ARM(v8x)\Flash\Obj\tx_semaphore_delete.o"
#        "D:\Ls_Monitor_Lower\Xian_Template\EW-ARM(v8x)\Flash\Obj\tx_semaphore_get.o"
#        "D:\Ls_Monitor_Lower\Xian_Template\EW-ARM(v8x)\Flash\Obj\tx_semaphore_info_get.o"
#        "D:\Ls_Monitor_Lower\Xian_Template\EW-ARM(v8x)\Flash\Obj\tx_semaphore_initialize.o"
#        "D:\Ls_Monitor_Lower\Xian_Template\EW-ARM(v8x)\Flash\Obj\tx_semaphore_performance_info_get.o"
#        "D:\Ls_Monitor_Lower\Xian_Template\EW-ARM(v8x)\Flash\Obj\tx_semaphore_performance_system_info_get.o"
#        "D:\Ls_Monitor_Lower\Xian_Template\EW-ARM(v8x)\Flash\Obj\tx_semaphore_prioritize.o"
#        "D:\Ls_Monitor_Lower\Xian_Template\EW-ARM(v8x)\Flash\Obj\tx_semaphore_put.o"
#        "D:\Ls_Monitor_Lower\Xian_Template\EW-ARM(v8x)\Flash\Obj\tx_semaphore_put_notify.o"
#        "D:\Ls_Monitor_Lower\Xian_Template\EW-ARM(v8x)\Flash\Obj\tx_thread_context_restore.o"
#        "D:\Ls_Monitor_Lower\Xian_Template\EW-ARM(v8x)\Flash\Obj\tx_thread_context_save.o"
#        "D:\Ls_Monitor_Lower\Xian_Template\EW-ARM(v8x)\Flash\Obj\tx_thread_create.o"
#        "D:\Ls_Monitor_Lower\Xian_Template\EW-ARM(v8x)\Flash\Obj\tx_thread_delete.o"
#        "D:\Ls_Monitor_Lower\Xian_Template\EW-ARM(v8x)\Flash\Obj\tx_thread_entry_exit_notify.o"
#        "D:\Ls_Monitor_Lower\Xian_Template\EW-ARM(v8x)\Flash\Obj\tx_thread_identify.o"
#        "D:\Ls_Monitor_Lower\Xian_Template\EW-ARM(v8x)\Flash\Obj\tx_thread_info_get.o"
#        "D:\Ls_Monitor_Lower\Xian_Template\EW-ARM(v8x)\Flash\Obj\tx_thread_initialize.o"
#        "D:\Ls_Monitor_Lower\Xian_Template\EW-ARM(v8x)\Flash\Obj\tx_thread_interrupt_control.o"
#        "D:\Ls_Monitor_Lower\Xian_Template\EW-ARM(v8x)\Flash\Obj\tx_thread_interrupt_disable.o"
#        "D:\Ls_Monitor_Lower\Xian_Template\EW-ARM(v8x)\Flash\Obj\tx_thread_interrupt_restore.o"
#        "D:\Ls_Monitor_Lower\Xian_Template\EW-ARM(v8x)\Flash\Obj\tx_thread_performance_info_get.o"
#        "D:\Ls_Monitor_Lower\Xian_Template\EW-ARM(v8x)\Flash\Obj\tx_thread_performance_system_info_get.o"
#        "D:\Ls_Monitor_Lower\Xian_Template\EW-ARM(v8x)\Flash\Obj\tx_thread_preemption_change.o"
#        "D:\Ls_Monitor_Lower\Xian_Template\EW-ARM(v8x)\Flash\Obj\tx_thread_priority_change.o"
#        "D:\Ls_Monitor_Lower\Xian_Template\EW-ARM(v8x)\Flash\Obj\tx_thread_relinquish.o"
#        "D:\Ls_Monitor_Lower\Xian_Template\EW-ARM(v8x)\Flash\Obj\tx_thread_reset.o"
#        "D:\Ls_Monitor_Lower\Xian_Template\EW-ARM(v8x)\Flash\Obj\tx_thread_resume.o"
#        "D:\Ls_Monitor_Lower\Xian_Template\EW-ARM(v8x)\Flash\Obj\tx_thread_schedule.o"
#        "D:\Ls_Monitor_Lower\Xian_Template\EW-ARM(v8x)\Flash\Obj\tx_thread_shell_entry.o"
#        "D:\Ls_Monitor_Lower\Xian_Template\EW-ARM(v8x)\Flash\Obj\tx_thread_sleep.o"
#        "D:\Ls_Monitor_Lower\Xian_Template\EW-ARM(v8x)\Flash\Obj\tx_thread_stack_analyze.o"
#        "D:\Ls_Monitor_Lower\Xian_Template\EW-ARM(v8x)\Flash\Obj\tx_thread_stack_build.o"
#        "D:\Ls_Monitor_Lower\Xian_Template\EW-ARM(v8x)\Flash\Obj\tx_thread_stack_error_handler.o"
#        "D:\Ls_Monitor_Lower\Xian_Template\EW-ARM(v8x)\Flash\Obj\tx_thread_stack_error_notify.o"
#        "D:\Ls_Monitor_Lower\Xian_Template\EW-ARM(v8x)\Flash\Obj\tx_thread_suspend.o"
#        "D:\Ls_Monitor_Lower\Xian_Template\EW-ARM(v8x)\Flash\Obj\tx_thread_system_preempt_check.o"
#        "D:\Ls_Monitor_Lower\Xian_Template\EW-ARM(v8x)\Flash\Obj\tx_thread_system_resume.o"
#        "D:\Ls_Monitor_Lower\Xian_Template\EW-ARM(v8x)\Flash\Obj\tx_thread_system_return.o"
#        "D:\Ls_Monitor_Lower\Xian_Template\EW-ARM(v8x)\Flash\Obj\tx_thread_system_suspend.o"
#        "D:\Ls_Monitor_Lower\Xian_Template\EW-ARM(v8x)\Flash\Obj\tx_thread_terminate.o"
#        "D:\Ls_Monitor_Lower\Xian_Template\EW-ARM(v8x)\Flash\Obj\tx_thread_time_slice.o"
#        "D:\Ls_Monitor_Lower\Xian_Template\EW-ARM(v8x)\Flash\Obj\tx_thread_time_slice_change.o"
#        "D:\Ls_Monitor_Lower\Xian_Template\EW-ARM(v8x)\Flash\Obj\tx_thread_timeout.o"
#        "D:\Ls_Monitor_Lower\Xian_Template\EW-ARM(v8x)\Flash\Obj\tx_thread_wait_abort.o"
#        "D:\Ls_Monitor_Lower\Xian_Template\EW-ARM(v8x)\Flash\Obj\tx_time_get.o"
#        "D:\Ls_Monitor_Lower\Xian_Template\EW-ARM(v8x)\Flash\Obj\tx_time_set.o"
#        "D:\Ls_Monitor_Lower\Xian_Template\EW-ARM(v8x)\Flash\Obj\tx_timer_activate.o"
#        "D:\Ls_Monitor_Lower\Xian_Template\EW-ARM(v8x)\Flash\Obj\tx_timer_change.o"
#        "D:\Ls_Monitor_Lower\Xian_Template\EW-ARM(v8x)\Flash\Obj\tx_timer_create.o"
#        "D:\Ls_Monitor_Lower\Xian_Template\EW-ARM(v8x)\Flash\Obj\tx_timer_deactivate.o"
#        "D:\Ls_Monitor_Lower\Xian_Template\EW-ARM(v8x)\Flash\Obj\tx_timer_delete.o"
#        "D:\Ls_Monitor_Lower\Xian_Template\EW-ARM(v8x)\Flash\Obj\tx_timer_expiration_process.o"
#        "D:\Ls_Monitor_Lower\Xian_Template\EW-ARM(v8x)\Flash\Obj\tx_timer_info_get.o"
#        "D:\Ls_Monitor_Lower\Xian_Template\EW-ARM(v8x)\Flash\Obj\tx_timer_initialize.o"
#        "D:\Ls_Monitor_Lower\Xian_Template\EW-ARM(v8x)\Flash\Obj\tx_timer_interrupt.o"
#        "D:\Ls_Monitor_Lower\Xian_Template\EW-ARM(v8x)\Flash\Obj\tx_timer_performance_info_get.o"
#        "D:\Ls_Monitor_Lower\Xian_Template\EW-ARM(v8x)\Flash\Obj\tx_timer_performance_system_info_get.o"
#        "D:\Ls_Monitor_Lower\Xian_Template\EW-ARM(v8x)\Flash\Obj\tx_timer_system_activate.o"
#        "D:\Ls_Monitor_Lower\Xian_Template\EW-ARM(v8x)\Flash\Obj\tx_timer_system_deactivate.o"
#        "D:\Ls_Monitor_Lower\Xian_Template\EW-ARM(v8x)\Flash\Obj\tx_timer_thread_entry.o"
#        "D:\Ls_Monitor_Lower\Xian_Template\EW-ARM(v8x)\Flash\Obj\tx_trace_buffer_full_notify.o"
#        "D:\Ls_Monitor_Lower\Xian_Template\EW-ARM(v8x)\Flash\Obj\tx_trace_disable.o"
#        "D:\Ls_Monitor_Lower\Xian_Template\EW-ARM(v8x)\Flash\Obj\tx_trace_enable.o"
#        "D:\Ls_Monitor_Lower\Xian_Template\EW-ARM(v8x)\Flash\Obj\tx_trace_event_filter.o"
#        "D:\Ls_Monitor_Lower\Xian_Template\EW-ARM(v8x)\Flash\Obj\tx_trace_event_unfilter.o"
#        "D:\Ls_Monitor_Lower\Xian_Template\EW-ARM(v8x)\Flash\Obj\tx_trace_initialize.o"
#        "D:\Ls_Monitor_Lower\Xian_Template\EW-ARM(v8x)\Flash\Obj\tx_trace_interrupt_control.o"
#        "D:\Ls_Monitor_Lower\Xian_Template\EW-ARM(v8x)\Flash\Obj\tx_trace_isr_enter_insert.o"
#        "D:\Ls_Monitor_Lower\Xian_Template\EW-ARM(v8x)\Flash\Obj\tx_trace_isr_exit_insert.o"
#        "D:\Ls_Monitor_Lower\Xian_Template\EW-ARM(v8x)\Flash\Obj\tx_trace_object_register.o"
#        "D:\Ls_Monitor_Lower\Xian_Template\EW-ARM(v8x)\Flash\Obj\tx_trace_object_unregister.o"
#        "D:\Ls_Monitor_Lower\Xian_Template\EW-ARM(v8x)\Flash\Obj\tx_trace_user_event_insert.o"
#        "D:\Ls_Monitor_Lower\Xian_Template\EW-ARM(v8x)\Flash\Obj\txe_block_allocate.o"
#        "D:\Ls_Monitor_Lower\Xian_Template\EW-ARM(v8x)\Flash\Obj\txe_block_pool_create.o"
#        "D:\Ls_Monitor_Lower\Xian_Template\EW-ARM(v8x)\Flash\Obj\txe_block_pool_delete.o"
#        "D:\Ls_Monitor_Lower\Xian_Template\EW-ARM(v8x)\Flash\Obj\txe_block_pool_info_get.o"
#        "D:\Ls_Monitor_Lower\Xian_Template\EW-ARM(v8x)\Flash\Obj\txe_block_pool_prioritize.o"
#        "D:\Ls_Monitor_Lower\Xian_Template\EW-ARM(v8x)\Flash\Obj\txe_block_release.o"
#        "D:\Ls_Monitor_Lower\Xian_Template\EW-ARM(v8x)\Flash\Obj\txe_byte_allocate.o"
#        "D:\Ls_Monitor_Lower\Xian_Template\EW-ARM(v8x)\Flash\Obj\txe_byte_pool_create.o"
#        "D:\Ls_Monitor_Lower\Xian_Template\EW-ARM(v8x)\Flash\Obj\txe_byte_pool_delete.o"
#        "D:\Ls_Monitor_Lower\Xian_Template\EW-ARM(v8x)\Flash\Obj\txe_byte_pool_info_get.o"
#        "D:\Ls_Monitor_Lower\Xian_Template\EW-ARM(v8x)\Flash\Obj\txe_byte_pool_prioritize.o"
#        "D:\Ls_Monitor_Lower\Xian_Template\EW-ARM(v8x)\Flash\Obj\txe_byte_release.o"
#        "D:\Ls_Monitor_Lower\Xian_Template\EW-ARM(v8x)\Flash\Obj\txe_event_flags_create.o"
#        "D:\Ls_Monitor_Lower\Xian_Template\EW-ARM(v8x)\Flash\Obj\txe_event_flags_delete.o"
#        "D:\Ls_Monitor_Lower\Xian_Template\EW-ARM(v8x)\Flash\Obj\txe_event_flags_get.o"
#        "D:\Ls_Monitor_Lower\Xian_Template\EW-ARM(v8x)\Flash\Obj\txe_event_flags_info_get.o"
#        "D:\Ls_Monitor_Lower\Xian_Template\EW-ARM(v8x)\Flash\Obj\txe_event_flags_set.o"
#        "D:\Ls_Monitor_Lower\Xian_Template\EW-ARM(v8x)\Flash\Obj\txe_event_flags_set_notify.o"
#        "D:\Ls_Monitor_Lower\Xian_Template\EW-ARM(v8x)\Flash\Obj\txe_mutex_create.o"
#        "D:\Ls_Monitor_Lower\Xian_Template\EW-ARM(v8x)\Flash\Obj\txe_mutex_delete.o"
#        "D:\Ls_Monitor_Lower\Xian_Template\EW-ARM(v8x)\Flash\Obj\txe_mutex_get.o"
#        "D:\Ls_Monitor_Lower\Xian_Template\EW-ARM(v8x)\Flash\Obj\txe_mutex_info_get.o"
#        "D:\Ls_Monitor_Lower\Xian_Template\EW-ARM(v8x)\Flash\Obj\txe_mutex_prioritize.o"
#        "D:\Ls_Monitor_Lower\Xian_Template\EW-ARM(v8x)\Flash\Obj\txe_mutex_put.o"
#        "D:\Ls_Monitor_Lower\Xian_Template\EW-ARM(v8x)\Flash\Obj\txe_queue_create.o"
#        "D:\Ls_Monitor_Lower\Xian_Template\EW-ARM(v8x)\Flash\Obj\txe_queue_delete.o"
#        "D:\Ls_Monitor_Lower\Xian_Template\EW-ARM(v8x)\Flash\Obj\txe_queue_flush.o"
#        "D:\Ls_Monitor_Lower\Xian_Template\EW-ARM(v8x)\Flash\Obj\txe_queue_front_send.o"
#        "D:\Ls_Monitor_Lower\Xian_Template\EW-ARM(v8x)\Flash\Obj\txe_queue_info_get.o"
#        "D:\Ls_Monitor_Lower\Xian_Template\EW-ARM(v8x)\Flash\Obj\txe_queue_prioritize.o"
#        "D:\Ls_Monitor_Lower\Xian_Template\EW-ARM(v8x)\Flash\Obj\txe_queue_receive.o"
#        "D:\Ls_Monitor_Lower\Xian_Template\EW-ARM(v8x)\Flash\Obj\txe_queue_send.o"
#        "D:\Ls_Monitor_Lower\Xian_Template\EW-ARM(v8x)\Flash\Obj\txe_queue_send_notify.o"
#        "D:\Ls_Monitor_Lower\Xian_Template\EW-ARM(v8x)\Flash\Obj\txe_semaphore_ceiling_put.o"
#        "D:\Ls_Monitor_Lower\Xian_Template\EW-ARM(v8x)\Flash\Obj\txe_semaphore_create.o"
#        "D:\Ls_Monitor_Lower\Xian_Template\EW-ARM(v8x)\Flash\Obj\txe_semaphore_delete.o"
#        "D:\Ls_Monitor_Lower\Xian_Template\EW-ARM(v8x)\Flash\Obj\txe_semaphore_get.o"
#        "D:\Ls_Monitor_Lower\Xian_Template\EW-ARM(v8x)\Flash\Obj\txe_semaphore_info_get.o"
#        "D:\Ls_Monitor_Lower\Xian_Template\EW-ARM(v8x)\Flash\Obj\txe_semaphore_prioritize.o"
#        "D:\Ls_Monitor_Lower\Xian_Template\EW-ARM(v8x)\Flash\Obj\txe_semaphore_put.o"
#        "D:\Ls_Monitor_Lower\Xian_Template\EW-ARM(v8x)\Flash\Obj\txe_semaphore_put_notify.o"
#        "D:\Ls_Monitor_Lower\Xian_Template\EW-ARM(v8x)\Flash\Obj\txe_thread_create.o"
#        "D:\Ls_Monitor_Lower\Xian_Template\EW-ARM(v8x)\Flash\Obj\txe_thread_delete.o"
#        "D:\Ls_Monitor_Lower\Xian_Template\EW-ARM(v8x)\Flash\Obj\txe_thread_entry_exit_notify.o"
#        "D:\Ls_Monitor_Lower\Xian_Template\EW-ARM(v8x)\Flash\Obj\txe_thread_info_get.o"
#        "D:\Ls_Monitor_Lower\Xian_Template\EW-ARM(v8x)\Flash\Obj\txe_thread_preemption_change.o"
#        "D:\Ls_Monitor_Lower\Xian_Template\EW-ARM(v8x)\Flash\Obj\txe_thread_priority_change.o"
#        "D:\Ls_Monitor_Lower\Xian_Template\EW-ARM(v8x)\Flash\Obj\txe_thread_relinquish.o"
#        "D:\Ls_Monitor_Lower\Xian_Template\EW-ARM(v8x)\Flash\Obj\txe_thread_reset.o"
#        "D:\Ls_Monitor_Lower\Xian_Template\EW-ARM(v8x)\Flash\Obj\txe_thread_resume.o"
#        "D:\Ls_Monitor_Lower\Xian_Template\EW-ARM(v8x)\Flash\Obj\txe_thread_suspend.o"
#        "D:\Ls_Monitor_Lower\Xian_Template\EW-ARM(v8x)\Flash\Obj\txe_thread_terminate.o"
#        "D:\Ls_Monitor_Lower\Xian_Template\EW-ARM(v8x)\Flash\Obj\txe_thread_time_slice_change.o"
#        "D:\Ls_Monitor_Lower\Xian_Template\EW-ARM(v8x)\Flash\Obj\txe_thread_wait_abort.o"
#        "D:\Ls_Monitor_Lower\Xian_Template\EW-ARM(v8x)\Flash\Obj\txe_timer_activate.o"
#        "D:\Ls_Monitor_Lower\Xian_Template\EW-ARM(v8x)\Flash\Obj\txe_timer_change.o"
#        "D:\Ls_Monitor_Lower\Xian_Template\EW-ARM(v8x)\Flash\Obj\txe_timer_create.o"
#        "D:\Ls_Monitor_Lower\Xian_Template\EW-ARM(v8x)\Flash\Obj\txe_timer_deactivate.o"
#        "D:\Ls_Monitor_Lower\Xian_Template\EW-ARM(v8x)\Flash\Obj\txe_timer_delete.o"
#        "D:\Ls_Monitor_Lower\Xian_Template\EW-ARM(v8x)\Flash\Obj\txe_timer_info_get.o"
#        "D:\Ls_Monitor_Lower\Xian_Template\EW-ARM(v8x)\Flash\Obj\vehicle_status.o"
#        --redirect _Printf=_PrintfFullNoMb --redirect _Scanf=_ScanfFullNoMb
#        --no_out_extension -o
#        "D:\Ls_Monitor_Lower\Xian_Template\EW-ARM(v8x)\Flash\Exe\Run_Xian.out"
#        --map
#        "D:\Ls_Monitor_Lower\Xian_Template\EW-ARM(v8x)\Flash\List\Run_Xian.map"
#        --config
#        "D:\Ls_Monitor_Lower\Xian_Template\EW-ARM(v8x)\stm32f407xx_flash.icf"
#        --semihosting --entry __iar_program_start --vfe --text_out locale)
#
###############################################################################

*******************************************************************************
*** RUNTIME MODEL ATTRIBUTES
***

CppFlavor       = *
__Heap_Handler  = DLMalloc
__SystemLibrary = DLib
__dlib_version  = 6


*******************************************************************************
*** HEAP SELECTION
***

The advanced heap was selected because the application calls memory
allocation functions outside of system library functions, and there
are calls to deallocation functions in the application.


*******************************************************************************
*** PLACEMENT SUMMARY
***

"A0":  place at address 0x800'0000 { ro section .intvec };
"P1":  place in [from 0x800'0000 to 0x80f'ffff] { ro };
define block CSTACK with size = 4K, alignment = 8 { };
define block HEAP with size = 4K, alignment = 8 { };
"P2":  place in [from 0x2000'0000 to 0x2001'ffff] {
          rw, block CSTACK, block HEAP };
"P3":  place in [from 0x1000'0000 to 0x1000'ffff] {
          rw object lv_port_disp_template.o, rw object startup_stm32f407xx.o,
          rw object myfont36.o };
initialize by copy { rw };

No sections matched the following patterns:

  rw object myfont36.o             in "P3"
  rw object startup_stm32f407xx.o  in "P3"


  Section            Kind         Address      Size  Object
  -------            ----         -------      ----  ------
"A0":                                         0x188
  .intvec            ro code   0x800'0000     0x188  startup_stm32f407xx.o [1]
                             - 0x800'0188     0x188

"P1":                                      0x8'12e2
  .rodata            const     0x800'0188  0x1'5484  cc936.o [1]
  .rodata            const     0x801'560c  0x1'5484  cc936.o [1]
  .rodata            const     0x802'aa90    0x5d4c  lv_font_montserrat_24.o [1]
  .text              ro code   0x803'07dc    0x2db4  lv_theme_default.o [1]
  .text              ro code   0x803'3590     0x316  lv_style_gen.o [1]
  .text              ro code   0x803'38a6      0x3a  zero_init3.o [4]
  .text              ro code   0x803'38e0     0x302  lv_hal_disp.o [1]
  .text              ro code   0x803'3be2      0x1a  xsnprout.o [2]
  .text              ro code   0x803'3bfc     0x30c  lv_color.o [1]
  .text              ro code   0x803'3f08     0x5f4  lv_style.o [1]
  .text              ro code   0x803'44fc     0x62e  lv_mem.o [1]
  .text              ro code   0x803'4b2a       0xe  stm32f4xx_it.o [1]
  .text              ro code   0x803'4b38      0x8a  lv_disp.o [1]
  .rodata            const     0x803'4bc2       0x2  adjust_pedal.o [1]
  .text              ro code   0x803'4bc4    0x1388  lv_obj_style.o [1]
  .text              ro code   0x803'5f4c     0x418  lv_obj_tree.o [1]
  .text              ro code   0x803'6364    0x10e8  lv_obj.o [1]
  .text              ro code   0x803'744c     0x1e6  lv_ll.o [1]
  .rodata            const     0x803'7632       0x2  adjust_pedal.o [1]
  .text              ro code   0x803'7634     0x25a  lv_timer.o [1]
  .rodata            const     0x803'788e       0x2  adjust_pedal.o [1]
  .text              ro code   0x803'7890    0x15a0  lv_obj_scroll.o [1]
  .text              ro code   0x803'8e30    0x1d84  lv_obj_pos.o [1]
  .text              ro code   0x803'abb4     0xd60  lv_tlsf.o [1]
  .text              ro code   0x803'b914     0x458  lv_event.o [1]
  .text              ro code   0x803'bd6c     0xaa4  lv_obj_draw.o [1]
  .text              ro code   0x803'c810     0x4cc  lv_anim.o [1]
  .text              ro code   0x803'ccdc      0xf4  lv_hal_indev.o [1]
  .text              ro code   0x803'cdd0    0x1278  lv_indev.o [1]
  .text              ro code   0x803'e048     0x248  lv_obj_class.o [1]
  .text              ro code   0x803'e290     0x47c  lv_fs.o [1]
  .text              ro code   0x803'e70c     0x4f6  lv_group.o [1]
  .text              ro code   0x803'ec02      0x10  lv_draw.o [1]
  .rodata            const     0x803'ec12       0x2  adjust_pedal.o [1]
  .text              ro code   0x803'ec14    0x157e  lv_refr.o [1]
  .rodata            const     0x804'0192       0x2  lv_btnmatrix.o [1]
  .text              ro code   0x804'0194     0xa8a  lv_img_decoder.o [1]
  .text              ro code   0x804'0c1e      0x10  lv_extra.o [1]
  .rodata            const     0x804'0c2e       0x2  lv_draw_sw_letter.o [1]
  .text              ro code   0x804'0c30     0x6a0  lv_area.o [1]
  .text              ro code   0x804'12d0     0x10a  lv_draw_rect.o [1]
  .rodata            const     0x804'13da       0x2  lv_draw_sw_transform.o [1]
  .text              ro code   0x804'13dc    0x1ba6  lv_draw_mask.o [1]
  .text              ro code   0x804'2f82      0x20  lv_hal_tick.o [1]
  .rodata            const     0x804'2fa2       0x2  lv_img_decoder.o [1]
  .text              ro code   0x804'2fa4      0x66  ABImemset.o [4]
  .text              ro code   0x804'300a     0x1bc  lv_obj_style_gen.o [1]
  .rodata            const     0x804'31c6       0x2  lv_keyboard.o [1]
  .text              ro code   0x804'31c8      0xa6  ABImemcpy.o [4]
  .rodata            const     0x804'326e       0x2  lv_keyboard.o [1]
  .text              ro code   0x804'3270     0x45a  lv_draw_img.o [1]
  .rodata            const     0x804'36ca       0x2  lv_keyboard.o [1]
  .text              ro code   0x804'36cc     0x22c  lv_math.o [1]
  .text              ro code   0x804'38f8     0xe00  lv_indev_scroll.o [1]
  .text              ro code   0x804'46f8      0x82  lv_theme.o [1]
  .rodata            const     0x804'477a       0x2  lv_keyboard.o [1]
  .text              ro code   0x804'477c      0x36  strlen.o [4]
  .rodata            const     0x804'47b2       0x2  lv_keyboard.o [1]
  .text              ro code   0x804'47b4     0x3a8  lv_font_fmt_txt.o [1]
  .text              ro code   0x804'4b5c    0x15ea  lv_label.o [1]
  .text              ro code   0x804'6146      0xd4  lv_draw_layer.o [1]
  .rodata            const     0x804'621a       0x2  lv_keyboard.o [1]
  .text              ro code   0x804'621c      0x18  strcpy.o [4]
  .text              ro code   0x804'6234      0x12  strcmp.o [4]
  .rodata            const     0x804'6246       0x2  lv_keyboard.o [1]
  .text              ro code   0x804'6248     0xf3c  lv_flex.o [1]
  .text              ro code   0x804'7184     0xc7e  lv_grid.o [1]
  .rodata            const     0x804'7e02       0x2  lv_keyboard.o [1]
  .text              ro code   0x804'7e04     0x238  lv_fs_fatfs.o [1]
  .text              ro code   0x804'803c      0xd0  tx_time_get.o [1]
  .text              ro code   0x804'810c      0x62  lv_img_cache.o [1]
  .rodata            const     0x804'816e       0x2  lv_keyboard.o [1]
  .text              ro code   0x804'8170     0x21e  lv_img_buf.o [1]
  .rodata            const     0x804'838e       0x2  lv_keyboard.o [1]
  .text              ro code   0x804'8390     0x726  lv_draw_label.o [1]
  .text              ro code   0x804'8ab6      0x54  lv_utils.o [1]
  .rodata            const     0x804'8b0a       0x2  lv_keyboard.o [1]
  .text              ro code   0x804'8b0c     0x8f4  lv_txt.o [1]
  .text              ro code   0x804'9400      0xee  lv_font.o [1]
  .rodata            const     0x804'94ee       0x2  lv_keyboard.o [1]
  .text              ro code   0x804'94f0      0x50  ff_gen_drv.o [1]
  .text              ro code   0x804'9540      0x28  printf.o [2]
  .text              ro code   0x804'9568    0x23d2  ff.o [1]
  .rodata            const     0x804'b93a       0x2  lv_keyboard.o [1]
  .text              ro code   0x804'b93c       0x6  ABImemclr4.o [4]
  .text              ro code   0x804'b942      0x70  lv_draw_line.o [1]
  .rodata            const     0x804'b9b2       0x2  lv_keyboard.o [1]
  .text              ro code   0x804'b9b4    0x1110  lv_printf.o [1]
  .text              ro code   0x804'cac4     0xfc2  xprintffull_nomb.o [2]
  .rodata            const     0x804'da86       0x2  lv_keyboard.o [1]
  .text              ro code   0x804'da88      0xb4  diskio.o [1]
  .text              ro code   0x804'db3c     0x128  cc936.o [1]
  .text              ro code   0x804'dc64      0x10  syscall.o [1]
  .text              ro code   0x804'dc74      0x32  ABImemset48.o [4]
  .rodata            const     0x804'dca6       0x2  lv_keyboard.o [1]
  .text              ro code   0x804'dca8     0x230  I64DivMod.o [4]
  .text              ro code   0x804'ded8      0x20  DblCmpEq.o [3]
  .text              ro code   0x804'def8      0x2e  DblCmpLe.o [3]
  .rodata            const     0x804'df26       0x2  lv_keyboard.o [1]
  .text              ro code   0x804'df28      0x2e  DblCmpGe.o [3]
  .rodata            const     0x804'df56       0x2  lv_keyboard.o [1]
  .text              ro code   0x804'df58      0x3a  DblToS32.o [3]
  .rodata            const     0x804'df92       0x2  lv_keyboard.o [1]
  .text              ro code   0x804'df94      0x22  S32ToDbl.o [3]
  .rodata            const     0x804'dfb6       0x2  lv_keyboard.o [1]
  .text              ro code   0x804'dfb8      0xe2  DblSub.o [3]
  .rodata            const     0x804'e09a       0x2  lv_keyboard.o [1]
  .text              ro code   0x804'e09c     0x1a2  DblMul.o [3]
  .rodata            const     0x804'e23e       0x2  lv_keyboard.o [1]
  .text              ro code   0x804'e240      0x28  DblToU32.o [3]
  .text              ro code   0x804'e268      0x1a  U32ToDbl.o [3]
  .rodata            const     0x804'e282       0x2  lv_keyboard.o [1]
  .text              ro code   0x804'e284     0x17a  DblAdd.o [3]
  .rodata            const     0x804'e3fe       0x2  lv_keyboard.o [1]
  .text              ro code   0x804'e400     0x246  DblDiv.o [3]
  .rodata            const     0x804'e646       0x2  lv_keyboard.o [1]
  .text              ro code   0x804'e648      0x16  strchr.o [4]
  .rodata            const     0x804'e65e       0x2  lv_keyboard.o [1]
  .text              ro code   0x804'e660      0x40  xfail_s.o [2]
  .text              ro code   0x804'e6a0      0x58  memchr.o [4]
  .text              ro code   0x804'e6f8      0x70  frexp.o [3]
  .text              ro code   0x804'e768     0x13a  ldexp.o [3]
  .rodata            const     0x804'e8a2       0x2  lv_keyboard.o [1]
  .text              ro code   0x804'e8a4       0x8  xlocale_c.o [2]
  .text              ro code   0x804'e8ac    0x14c4  dlmalloc.o [2]
  .text              ro code   0x804'fd70       0x4  heaptramp0.o [2]
  .text              ro code   0x804'fd74       0x2  I64DivZer.o [4]
  .text              ro code   0x804'fd76       0x6  abort.o [2]
  .text              ro code   0x804'fd7c      0x2c  xgetmemchunk.o [2]
  .text              ro code   0x804'fda8      0x14  exit.o [5]
  .text              ro code   0x804'fdbc    0x2606  lv_chart.o [1]
  .rodata            const     0x805'23c2       0x2  lv_keyboard.o [1]
  .rodata            const     0x805'23c4    0x2280  lv_font_montserrat_14.o [1]
  .text              ro code   0x805'4644    0x2236  lv_draw_sw_rect.o [1]
  .rodata            const     0x805'687a       0x2  lv_keyboard.o [1]
  .text              ro code   0x805'687c    0x1132  lv_draw_sw_blend.o [1]
  .rodata            const     0x805'79ae       0x2  lv_keyboard.o [1]
  .text              ro code   0x805'79b0     0x502  lv_draw_sw_gradient.o [1]
  .rodata            const     0x805'7eb2       0x2  lv_keyboard.o [1]
  .text              ro code   0x805'7eb4    0x1578  lv_btnmatrix.o [1]
  .text              ro code   0x805'942c    0x1474  bsp_lcd.o [1]
  .text              ro code   0x805'a8a0     0x248  stm32f4xx_hal_gpio.o [1]
  .text              ro code   0x805'aae8      0x5c  stm32f4xx_hal_sram.o [1]
  .text              ro code   0x805'ab44      0x60  bsp_dwt.o [1]
  .text              ro code   0x805'aba4     0x458  bsp_spi_ads1256.o [1]
  .text              ro code   0x805'affc      0xe4  stm32f4xx_ll_fsmc.o [1]
  .text              ro code   0x805'b0e0     0x104  stm32f4xx_hal_cortex.o [1]
  .text              ro code   0x805'b1e4    0x1338  lv_textarea.o [1]
  .rodata            const     0x805'c51c    0x11c8  lv_font_montserrat_10.o [1]
  .text              ro code   0x805'd6e4    0x10d8  adjust_pedal.o [1]
  .text              ro code   0x805'e7bc     0x4c8  lv_imgbtn.o [1]
  .text              ro code   0x805'ec84     0x5dc  Monitor.o [1]
  .text              ro code   0x805'f260      0x48  FltToDbl.o [3]
  .text              ro code   0x805'f2a8      0x34  lv_btn.o [1]
  .text              ro code   0x805'f2dc     0x448  lv_switch.o [1]
  .text              ro code   0x805'f724     0x4a0  lv_checkbox.o [1]
  .text              ro code   0x805'fbc4     0x278  bsp_iic_bus.o [1]
  .text              ro code   0x805'fe3c      0x68  DblToFlt.o [3]
  .text              ro code   0x805'fea4     0x5f8  bsp_usart_fifo.o [1]
  .text              ro code   0x806'049c     0x606  main.o [1]
  .rodata            const     0x806'0aa2       0x2  lv_keyboard.o [1]
  .text              ro code   0x806'0aa4      0x34  txe_event_flags_set.o [1]
  .text              ro code   0x806'0ad8     0x14c  tx_thread_sleep.o [1]
  .text              ro code   0x806'0c24     0x162  motor_control_ui.o [1]
  .rodata            const     0x806'0d86       0x2  lv_keyboard.o [1]
  .text              ro code   0x806'0d88     0x3fe  about_phone_ui.o [1]
  .rodata            const     0x806'1186       0x2  lv_keyboard.o [1]
  .text              ro code   0x806'1188     0x15a  set_up.o [1]
  .rodata            const     0x806'12e2       0x2  lv_keyboard.o [1]
  .text              ro code   0x806'12e4     0x15e  vehicle_status.o [1]
  .rodata            const     0x806'1442       0x2  lv_keyboard.o [1]
  .text              ro code   0x806'1444     0x15a  cool_control.o [1]
  .rodata            const     0x806'159e       0x2  lv_keyboard.o [1]
  .text              ro code   0x806'15a0     0x440  battery_box.o [1]
  .text              ro code   0x806'19e0     0x858  sensor_ui.o [1]
  .text              ro code   0x806'2238     0xeb8  lv_meter.o [1]
  .text              ro code   0x806'30f0     0xca0  stm32f4xx_hal_i2c.o [1]
  .text              ro code   0x806'3d90     0x386  stm32f4xx_hal_uart.o [1]
  .rodata            const     0x806'4116       0x2  lv_keyboard.o [1]
  .text              ro code   0x806'4118      0x38  stm32f4xx_hal.o [1]
  .text              ro code   0x806'4150      0xb0  sys.o [1]
  .text              ro code   0x806'4200      0x10  stm32f4xx_hal.o [1]
  .text              ro code   0x806'4210      0x48  tx_initialize_kernel_enter.o [1]
  .text              ro code   0x806'4258     0x31a  bsp_key.o [1]
  .rodata            const     0x806'4572       0x2  lv_keyboard.o [1]
  .text              ro code   0x806'4574      0xcc  txe_mutex_create.o [1]
  .text              ro code   0x806'4640      0xe8  txe_timer_create.o [1]
  .text              ro code   0x806'4728      0xb4  txe_event_flags_create.o [1]
  .text              ro code   0x806'47dc     0x15c  txe_thread_create.o [1]
  .text              ro code   0x806'4938      0x10  stm32f4xx_hal.o [1]
  .text              ro code   0x806'4948     0x146  ticktim.o [1]
  .rodata            const     0x806'4a8e       0x2  lv_keyboard.o [1]
  .text              ro code   0x806'4a90     0x470  bsp_spi_bus.o [1]
  .text              ro code   0x806'4f00      0xd4  bsp_led.o [1]
  .text              ro code   0x806'4fd4     0x1b4  bsp_can_bus.o [1]
  .text              ro code   0x806'5188     0x170  bsp_rotation_sensor.o [1]
  .text              ro code   0x806'52f8      0x28  bsp_ws2812b.o [1]
  .text              ro code   0x806'5320     0x834  bsp_tim_pwm.o [1]
  .text              ro code   0x806'5b54     0x27c  bsp_spi_flash.o [1]
  .text              ro code   0x806'5dd0      0xb4  lv_port_disp_template.o [1]
  .text              ro code   0x806'5e84      0x98  lv_port_indev_template.o [1]
  .text              ro code   0x806'5f1c     0x468  tx_trace_enable.o [1]
  .text              ro code   0x806'6384      0x70  txe_event_flags_get.o [1]
  .text              ro code   0x806'63f4      0x7c  txe_mutex_get.o [1]
  .text              ro code   0x806'6470      0x4c  txe_mutex_put.o [1]
  .text              ro code   0x806'64bc      0x3c  vsnprint.o [2]
  .text              ro code   0x806'64f8     0x2e4  tx_event_flags_set.o [1]
  .text              ro code   0x806'67dc     0x398  tx_thread_system_suspend.o [1]
  .text              ro code   0x806'6b74     0x248  lv_line.o [1]
  .text              ro code   0x806'6dbc     0xab0  lv_img.o [1]
  .text              ro code   0x806'786c     0xaa6  lv_bar.o [1]
  .text              ro code   0x806'8312     0x53a  lv_draw_arc.o [1]
  .text              ro code   0x806'884c     0x204  stm32f4xx_hal_rcc.o [1]
  .text              ro code   0x806'8a50      0x5c  stm32f4xx_hal_timebase_tim.o [1]
  .text              ro code   0x806'8aac       0x2  stm32f4xx_hal_msp.o [1]
  .rodata            const     0x806'8aae       0x2  lv_keyboard.o [1]
  .text              ro code   0x806'8ab0     0x36c  stm32f4xx_hal_rcc.o [1]
  .text              ro code   0x806'8e1c      0x74  tx_initialize_low_level.o [1]
  .text              ro code   0x806'8e90      0x88  tx_initialize_high_level.o [1]
  .text              ro code   0x806'8f18      0xd0  tx_thread_schedule.o [1]
  .text              ro code   0x806'8fe8      0xc0  tx_thread_system_preempt_check.o [1]
  .text              ro code   0x806'90a8     0x134  tx_mutex_create.o [1]
  .text              ro code   0x806'91dc     0x144  tx_timer_create.o [1]
  .text              ro code   0x806'9320     0x124  tx_event_flags_create.o [1]
  .text              ro code   0x806'9444     0x238  tx_thread_create.o [1]
  .text              ro code   0x806'967c       0x2  ticktim.o [1]
  .rodata            const     0x806'967e       0x2  lv_keyboard.o [1]
  .text              ro code   0x806'9680     0x614  stm32f4xx_hal_spi.o [1]
  .text              ro code   0x806'9c94     0x504  stm32f4xx_hal_dma.o [1]
  .text              ro code   0x806'a198     0x6a0  stm32f4xx_hal_can.o [1]
  .text              ro code   0x806'a838     0xa9e  stm32f4xx_hal_tim.o [1]
  .rodata            const     0x806'b2d6       0x2  lv_keyboard.o [1]
  .text              ro code   0x806'b2d8      0x4c  stm32f4xx_hal_tim_ex.o [1]
  .text              ro code   0x806'b324     0xa80  bsp_touch.o [1]
  .text              ro code   0x806'bda4     0x11c  tx_trace_object_register.o [1]
  .text              ro code   0x806'bec0     0x1c4  tx_event_flags_get.o [1]
  .text              ro code   0x806'c084     0x1c8  tx_mutex_get.o [1]
  .text              ro code   0x806'c24c     0x2d4  tx_mutex_put.o [1]
  .text              ro code   0x806'c520     0x394  tx_thread_system_resume.o [1]
  .text              ro code   0x806'c8b4      0x20  tx_thread_stack_error_handler.o [1]
  .text              ro code   0x806'c8d4      0x80  tx_thread_stack_analyze.o [1]
  .text              ro code   0x806'c954      0x64  tx_timer_system_activate.o [1]
  .text              ro code   0x806'c9b8      0xe8  tx_timer_interrupt.o [1]
  .text              ro code   0x806'caa0      0x40  tx_trace_initialize.o [1]
  .text              ro code   0x806'cae0      0x98  tx_thread_initialize.o [1]
  .text              ro code   0x806'cb78      0xe0  tx_timer_initialize.o [1]
  .text              ro code   0x806'cc58      0x44  tx_thread_stack_build.o [1]
  .text              ro code   0x806'cc9c       0x2  stm32f4xx_hal_spi.o [1]
  .text              ro code   0x806'cc9e       0x2  stm32f4xx_hal_spi.o [1]
  .text              ro code   0x806'cca0       0x2  stm32f4xx_hal_spi.o [1]
  .text              ro code   0x806'cca2       0x2  stm32f4xx_hal_spi.o [1]
  .text              ro code   0x806'cca4       0x2  stm32f4xx_hal_can.o [1]
  .text              ro code   0x806'cca6       0x2  stm32f4xx_hal_can.o [1]
  .text              ro code   0x806'cca8       0x2  stm32f4xx_hal_can.o [1]
  .text              ro code   0x806'ccaa       0x2  stm32f4xx_hal_can.o [1]
  .text              ro code   0x806'ccac       0x2  stm32f4xx_hal_can.o [1]
  .text              ro code   0x806'ccae       0x2  stm32f4xx_hal_can.o [1]
  .text              ro code   0x806'ccb0       0x2  stm32f4xx_hal_can.o [1]
  .text              ro code   0x806'ccb2       0x2  stm32f4xx_hal_can.o [1]
  .text              ro code   0x806'ccb4       0x2  stm32f4xx_hal_can.o [1]
  .text              ro code   0x806'ccb6       0x2  stm32f4xx_hal_can.o [1]
  .text              ro code   0x806'ccb8       0x2  stm32f4xx_hal_can.o [1]
  .text              ro code   0x806'ccba       0x2  stm32f4xx_hal_tim.o [1]
  .text              ro code   0x806'ccbc       0x2  stm32f4xx_hal_tim.o [1]
  .text              ro code   0x806'ccbe       0x2  stm32f4xx_hal_tim.o [1]
  .text              ro code   0x806'ccc0       0x2  stm32f4xx_hal_tim.o [1]
  .text              ro code   0x806'ccc2       0x2  stm32f4xx_hal_tim_ex.o [1]
  .text              ro code   0x806'ccc4       0x2  stm32f4xx_hal_tim.o [1]
  .text              ro code   0x806'ccc6       0x2  stm32f4xx_hal_tim_ex.o [1]
  .text              ro code   0x806'ccc8       0x2  stm32f4xx_hal_tim.o [1]
  .text              ro code   0x806'ccca       0x2  stm32f4xx_hal_tim.o [1]
  .text              ro code   0x806'cccc      0xf0  tx_mutex_priority_change.o [1]
  .text              ro code   0x806'cdbc     0x168  tx_mutex_prioritize.o [1]
  .text              ro code   0x806'cf24      0x2e  tx_timer_system_deactivate.o [1]
  .rodata            const     0x806'cf52       0x2  lv_keyboard.o [1]
  .text              ro code   0x806'cf54      0x24  tx_timer_expiration_process.o [1]
  .text              ro code   0x806'cf78     0x24c  tx_thread_time_slice.o [1]
  .text              ro code   0x806'd1c4     0xfb2  lv_arc.o [1]
  .rodata            const     0x806'e176       0x2  lv_keyboard.o [1]
  .text              ro code   0x806'e178     0xf9e  lv_dropdown.o [1]
  .text              ro code   0x806'f116     0xf04  lv_draw_sw_arc.o [1]
  .rodata            const     0x807'001a       0x2  lv_keyboard.o [1]
  .text              ro code   0x807'001c     0xd6c  stm32f4xx_hal_sd.o [1]
  .text              ro code   0x807'0d88     0x700  stm32f4xx_ll_sdmmc.o [1]
  .text              ro code   0x807'1488       0x2  stm32f4xx_hal_sd.o [1]
  .rodata            const     0x807'148a       0x2  lv_keyboard.o [1]
  .text              ro code   0x807'148c      0xf0  bsp_sdio_sd.o [1]
  .text              ro code   0x807'157c      0x14  memset.o [4]
  .text              ro code   0x807'1590     0x17c  bsp_sdio_sd.o [1]
  .text              ro code   0x807'170c       0x2  bsp_sdio_sd.o [1]
  .rodata            const     0x807'170e       0x2  lv_keyboard.o [1]
  .text              ro code   0x807'1710     0x188  sd_diskio_dma.o [1]
  .text              ro code   0x807'1898     0xd28  lv_colorwheel.o [1]
  .text              ro code   0x807'25c0     0xca0  lv_table.o [1]
  .text              ro code   0x807'3260     0xc02  lv_roller.o [1]
  .rodata            const     0x807'3e62       0x2  lv_keyboard.o [1]
  .rodata            const     0x807'3e64     0xbb0  lv_font_montserrat_10.o [1]
  .rodata            const     0x807'4a14     0xbb0  lv_font_montserrat_14.o [1]
  .rodata            const     0x807'55c4     0xbb0  lv_font_montserrat_24.o [1]
  .rodata            const     0x807'6174     0xbb0  lv_font_montserrat_8.o [1]
  .text              ro code   0x807'6d24     0xb7c  lv_slider.o [1]
  .rodata            const     0x807'78a0     0xb58  lv_font_montserrat_8.o [1]
  .text              ro code   0x807'83f8     0xa74  lv_draw_sw_transform.o [1]
  .text              ro code   0x807'8e6c     0x9f4  lv_draw_sw_line.o [1]
  .text              ro code   0x807'9860     0x6a4  lv_draw_sw_img.o [1]
  .text              ro code   0x807'9f04      0x38  lv_draw_transform.o [1]
  .text              ro code   0x807'9f3c     0x514  lv_calendar.o [1]
  .rodata            const     0x807'a450     0x4f0  lv_font_montserrat_10.o [1]
  .rodata            const     0x807'a940     0x4f0  lv_font_montserrat_14.o [1]
  .rodata            const     0x807'ae30     0x4f0  lv_font_montserrat_24.o [1]
  .rodata            const     0x807'b320     0x4f0  lv_font_montserrat_8.o [1]
  .text              ro code   0x807'b810     0x4f0  lv_draw_sw_letter.o [1]
  .text              ro code   0x807'bd00     0x4e0  lv_menu.o [1]
  .text              ro code   0x807'c1e0     0x488  lv_spinbox.o [1]
  .text              ro code   0x807'c668     0x41e  lv_tabview.o [1]
  .rodata            const     0x807'ca86       0x2  lv_keyboard.o [1]
  .text              ro code   0x807'ca88     0x3f8  lv_draw_sw_polygon.o [1]
  .text              ro code   0x807'ce80     0x3c8  lv_led.o [1]
  .text              ro code   0x807'd248     0x350  lv_keyboard.o [1]
  .rodata            const     0x807'd598     0x268  lv_calendar_header_dropdown.o [1]
  .text              ro code   0x807'd800     0x24e  lv_draw_sw_layer.o [1]
  .rodata            const     0x807'da4e       0x2  lv_keyboard.o [1]
  .rodata            const     0x807'da50     0x1f4  cc936.o [1]
  .text              ro code   0x807'dc44     0x1ec  lv_calendar_header_arrow.o [1]
  .text              ro code   0x807'de30     0x192  lv_tileview.o [1]
  .rodata            const     0x807'dfc2       0x2  lv_keyboard.o [1]
  .text              ro code   0x807'dfc4     0x14c  lv_calendar_header_dropdown.o [1]
  .text              ro code   0x807'e110     0x130  tx_timer_thread_entry.o [1]
  .text              ro code   0x807'e240     0x112  lv_draw_sw.o [1]
  .rodata            const     0x807'e352       0x2  lv_keyboard.o [1]
  .rodata            const     0x807'e354     0x100  lv_draw_sw_letter.o [1]
  .text              ro code   0x807'e454      0xd4  myFont20.o [1]
  .text              ro code   0x807'e528      0xd2  lv_spinner.o [1]
  .rodata            const     0x807'e5fa       0x2  lv_keyboard.o [1]
  .text              ro code   0x807'e5fc      0xc8  tx_mutex_cleanup.o [1]
  .rodata            const     0x807'e6c4      0xc0  lv_color.o [1]
  .rodata            const     0x807'e784      0xbc  cc936.o [1]
  .rodata            const     0x807'e840      0xb8  bsp_touch.o [1]
  .rodata            const     0x807'e8f8      0xb8  lv_math.o [1]
  .rodata            const     0x807'e9b0      0xb0  lv_keyboard.o [1]
  .rodata            const     0x807'ea60      0xb0  lv_keyboard.o [1]
  .rodata            const     0x807'eb10      0xb0  lv_keyboard.o [1]
  .rodata            const     0x807'ebc0      0xa0  lv_font_montserrat_10.o [1]
  .rodata            const     0x807'ec60      0xa0  lv_font_montserrat_10.o [1]
  .rodata            const     0x807'ed00      0xa0  lv_font_montserrat_14.o [1]
  .rodata            const     0x807'eda0      0xa0  lv_font_montserrat_14.o [1]
  .rodata            const     0x807'ee40      0xa0  lv_font_montserrat_24.o [1]
  .rodata            const     0x807'eee0      0xa0  lv_font_montserrat_24.o [1]
  .rodata            const     0x807'ef80      0xa0  lv_font_montserrat_8.o [1]
  .rodata            const     0x807'f020      0xa0  lv_font_montserrat_8.o [1]
  .rodata            const     0x807'f0c0      0x98  lv_color.o [1]
  .text              ro code   0x807'f158      0x90  tx_event_flags_cleanup.o [1]
  .text              ro code   0x807'f1e8      0x84  tx_thread_shell_entry.o [1]
  .text              ro code   0x807'f26c      0x80  lv_win.o [1]
  .rodata            const     0x807'f2ec      0x7c  about_phone_ui.o [1]
  .rodata            const     0x807'f368      0x7c  lv_font_montserrat_10.o [1]
  .rodata            const     0x807'f3e4      0x7c  lv_font_montserrat_14.o [1]
  .rodata            const     0x807'f460      0x7c  lv_font_montserrat_24.o [1]
  .rodata            const     0x807'f4dc      0x7c  lv_font_montserrat_8.o [1]
  .text              ro code   0x807'f558      0x78  lz77_init_single.o [4]
  .rodata            const     0x807'f5d0      0x70  lv_style.o [1]
  .text              ro code   0x807'f640      0x60  system_stm32f4xx.o [1]
  .rodata            const     0x807'f6a0      0x54  lv_keyboard.o [1]
  .rodata            const     0x807'f6f4      0x50  lv_keyboard.o [1]
  .rodata            const     0x807'f744      0x50  lv_keyboard.o [1]
  .rodata            const     0x807'f794      0x50  lv_keyboard.o [1]
  .rodata            const     0x807'f7e4      0x44  lv_fs_fatfs.o [1]
  .rodata            const     0x807'f828      0x50  lv_printf.o [1]
  .rodata            const     0x807'f878      0x50  main.o [1]
  .rodata            const     0x807'f8c8      0x48  bsp_rotation_sensor.o [1]
  .rodata            const     0x807'f910      0x48  bsp_usart_fifo.o [1]
  .rodata            const     0x807'f958      0x44  main.o [1]
  .rodata            const     0x807'f99c      0x40  bsp_tim_pwm.o [1]
  .rodata            const     0x807'f9dc      0x40  lv_fs_fatfs.o [1]
  .rodata            const     0x807'fa1c      0x40  lv_fs_fatfs.o [1]
  .rodata            const     0x807'fa5c      0x3c  bsp_spi_bus.o [1]
  .rodata            const     0x807'fa98      0x3c  main.o [1]
  .rodata            const     0x807'fad4      0x38  about_phone_ui.o [1]
  .rodata            const     0x807'fb0c      0x38  lv_fs_fatfs.o [1]
  .rodata            const     0x807'fb44      0x38  lv_fs_fatfs.o [1]
  .text              ro code   0x807'fb7c      0x38  tx_thread_timeout.o [1]
  .rodata            const     0x807'fbb4      0x34  adjust_pedal.o [1]
  .rodata            const     0x807'fbe8      0x34  adjust_pedal.o [1]
  .rodata            const     0x807'fc1c      0x34  adjust_pedal.o [1]
  .rodata            const     0x807'fc50      0x34  lv_fs_fatfs.o [1]
  .rodata            const     0x807'fc84      0x34  lv_fs_fatfs.o [1]
  .rodata            const     0x807'fcb8      0x30  about_phone_ui.o [1]
  .rodata            const     0x807'fce8      0x30  about_phone_ui.o [1]
  .rodata            const     0x807'fd18      0x30  bsp_rotation_sensor.o [1]
  .rodata            const     0x807'fd48      0x30  bsp_spi_bus.o [1]
  .rodata            const     0x807'fd78      0x30  bsp_tim_pwm.o [1]
  .rodata            const     0x807'fda8      0x30  bsp_usart_fifo.o [1]
  .rodata            const     0x807'fdd8      0x30  lv_fs_fatfs.o [1]
  .rodata            const     0x807'fe08      0x30  lv_roller.o [1]
  .rodata            const     0x807'fe38      0x30  main.o [1]
  .rodata            const     0x807'fe68      0x2c  about_phone_ui.o [1]
  .rodata            const     0x807'fe94      0x2c  about_phone_ui.o [1]
  .rodata            const     0x807'fec0      0x2c  bsp_spi_bus.o [1]
  .rodata            const     0x807'feec      0x2c  lv_fs_fatfs.o [1]
  .rodata            const     0x807'ff18      0x2c  lv_fs_fatfs.o [1]
  .rodata            const     0x807'ff44      0x28  about_phone_ui.o [1]
  .rodata            const     0x807'ff6c      0x28  lv_color.o [1]
  .rodata            const     0x807'ff94      0x28  lv_font_montserrat_10.o [1]
  .rodata            const     0x807'ffbc      0x28  lv_font_montserrat_14.o [1]
  .rodata            const     0x807'ffe4      0x28  lv_font_montserrat_24.o [1]
  .rodata            const     0x808'000c      0x28  lv_font_montserrat_8.o [1]
  .rodata            const     0x808'0034      0x28  lv_fs_fatfs.o [1]
  .text              ro code   0x808'005c      0x28  data_init.o [4]
  .rodata            const     0x808'0084      0x24  bsp_spi_ads1256.o [1]
  .rodata            const     0x808'00a8      0x24  lv_calendar_header_dropdown.o [1]
  .rodata            const     0x808'00cc      0x24  lv_draw_sw_line.o [1]
  .rodata            const     0x808'00f0      0x24  lv_fs_fatfs.o [1]
  .rodata            const     0x808'0114      0x24  lv_fs_fatfs.o [1]
  .rodata            const     0x808'0138      0x24  lv_fs_fatfs.o [1]
  .rodata            const     0x808'015c      0x24  lv_fs_fatfs.o [1]
  .rodata            const     0x808'0180      0x24  lv_keyboard.o [1]
  .rodata            const     0x808'01a4      0x24  lv_refr.o [1]
  .text              ro code   0x808'01c8      0x22  fpinit_M.o [3]
  .iar.init_table    const     0x808'01ec      0x28  - Linker created -
  .rodata            const     0x808'0214       0x2  lv_keyboard.o [1]
  .rodata            const     0x808'0218      0x20  about_phone_ui.o [1]
  .rodata            const     0x808'0238      0x20  adjust_pedal.o [1]
  .rodata            const     0x808'0258      0x20  lv_fs_fatfs.o [1]
  .rodata            const     0x808'0278      0x20  lv_fs_fatfs.o [1]
  .rodata            const     0x808'0298      0x20  lv_fs_fatfs.o [1]
  .rodata            const     0x808'02b8      0x20  lv_fs_fatfs.o [1]
  .rodata            const     0x808'02d8      0x20  main.o [1]
  .rodata            const     0x808'02f8      0x20  motor_control_ui.o [1]
  .rodata            const     0x808'0318      0x20  vehicle_status.o [1]
  .text              ro code   0x808'0338      0x1e  cmain.o [4]
  .text              ro code   0x808'0356       0x4  low_level_init.o [2]
  .text              ro code   0x808'035a       0x4  exit.o [2]
  .rodata            const     0x808'035e       0x2  lv_keyboard.o [1]
  .text              ro code   0x808'0360       0xa  cexit.o [4]
  .rodata            const     0x808'036a       0x2  lv_keyboard.o [1]
  .rodata            const     0x808'036c      0x1c  about_phone_ui.o [1]
  .rodata            const     0x808'0388      0x1c  adjust_pedal.o [1]
  .rodata            const     0x808'03a4      0x1c  adjust_pedal.o [1]
  .rodata            const     0x808'03c0      0x1c  battery_box.o [1]
  .rodata            const     0x808'03dc      0x1c  battery_box.o [1]
  .rodata            const     0x808'03f8      0x1c  battery_box.o [1]
  .rodata            const     0x808'0414      0x1c  battery_box.o [1]
  .rodata            const     0x808'0430      0x1c  battery_box.o [1]
  .rodata            const     0x808'044c      0x1c  cool_control.o [1]
  .rodata            const     0x808'0468      0x1c  lv_arc.o [1]
  .rodata            const     0x808'0484      0x1c  lv_bar.o [1]
  .rodata            const     0x808'04a0      0x1c  lv_btn.o [1]
  .rodata            const     0x808'04bc      0x1c  lv_btnmatrix.o [1]
  .rodata            const     0x808'04d8      0x1c  lv_calendar.o [1]
  .rodata            const     0x808'04f4      0x1c  lv_calendar_header_arrow.o [1]
  .rodata            const     0x808'0510      0x1c  lv_calendar_header_dropdown.o [1]
  .rodata            const     0x808'052c      0x1c  lv_chart.o [1]
  .rodata            const     0x808'0548      0x1c  lv_checkbox.o [1]
  .rodata            const     0x808'0564      0x1c  lv_colorwheel.o [1]
  .rodata            const     0x808'0580      0x1c  lv_dropdown.o [1]
  .rodata            const     0x808'059c      0x1c  lv_dropdown.o [1]
  .rodata            const     0x808'05b8      0x1c  lv_dropdown.o [1]
  .rodata            const     0x808'05d4      0x1c  lv_font_montserrat_10.o [1]
  .rodata            const     0x808'05f0      0x1c  lv_font_montserrat_14.o [1]
  .rodata            const     0x808'060c      0x1c  lv_font_montserrat_24.o [1]
  .rodata            const     0x808'0628      0x1c  lv_font_montserrat_8.o [1]
  .rodata            const     0x808'0644      0x1c  lv_fs_fatfs.o [1]
  .rodata            const     0x808'0660      0x1c  lv_img.o [1]
  .rodata            const     0x808'067c      0x1c  lv_imgbtn.o [1]
  .rodata            const     0x808'0698      0x1c  lv_keyboard.o [1]
  .rodata            const     0x808'06b4      0x1c  lv_label.o [1]
  .rodata            const     0x808'06d0      0x1c  lv_led.o [1]
  .rodata            const     0x808'06ec      0x1c  lv_line.o [1]
  .rodata            const     0x808'0708      0x1c  lv_list.o [1]
  .rodata            const     0x808'0724      0x1c  lv_list.o [1]
  .rodata            const     0x808'0740      0x1c  lv_list.o [1]
  .rodata            const     0x808'075c      0x1c  lv_menu.o [1]
  .rodata            const     0x808'0778      0x1c  lv_menu.o [1]
  .rodata            const     0x808'0794      0x1c  lv_menu.o [1]
  .rodata            const     0x808'07b0      0x1c  lv_menu.o [1]
  .rodata            const     0x808'07cc      0x1c  lv_menu.o [1]
  .rodata            const     0x808'07e8      0x1c  lv_menu.o [1]
  .rodata            const     0x808'0804      0x1c  lv_menu.o [1]
  .rodata            const     0x808'0820      0x1c  lv_menu.o [1]
  .rodata            const     0x808'083c      0x1c  lv_menu.o [1]
  .rodata            const     0x808'0858      0x1c  lv_meter.o [1]
  .rodata            const     0x808'0874      0x1c  lv_msgbox.o [1]
  .rodata            const     0x808'0890      0x1c  lv_msgbox.o [1]
  .rodata            const     0x808'08ac      0x1c  lv_obj.o [1]
  .rodata            const     0x808'08c8      0x1c  lv_roller.o [1]
  .rodata            const     0x808'08e4      0x1c  lv_roller.o [1]
  .rodata            const     0x808'0900      0x1c  lv_slider.o [1]
  .rodata            const     0x808'091c      0x1c  lv_spinbox.o [1]
  .rodata            const     0x808'0938      0x1c  lv_spinner.o [1]
  .rodata            const     0x808'0954      0x1c  lv_switch.o [1]
  .rodata            const     0x808'0970      0x1c  lv_table.o [1]
  .rodata            const     0x808'098c      0x1c  lv_tabview.o [1]
  .rodata            const     0x808'09a8      0x1c  lv_textarea.o [1]
  .rodata            const     0x808'09c4      0x1c  lv_tileview.o [1]
  .rodata            const     0x808'09e0      0x1c  lv_tileview.o [1]
  .rodata            const     0x808'09fc      0x1c  lv_win.o [1]
  .rodata            const     0x808'0a18      0x1c  main.o [1]
  .rodata            const     0x808'0a34      0x1c  main.o [1]
  .rodata            const     0x808'0a50      0x1c  myFont20.o [1]
  .text              ro code   0x808'0a6c      0x1c  cstartup_M.o [4]
  .rodata            const     0x808'0a88      0x18  adjust_pedal.o [1]
  .rodata            const     0x808'0aa0      0x18  adjust_pedal.o [1]
  .rodata            const     0x808'0ab8      0x18  adjust_pedal.o [1]
  .rodata            const     0x808'0ad0      0x18  adjust_pedal.o [1]
  .rodata            const     0x808'0ae8      0x18  adjust_pedal.o [1]
  .rodata            const     0x808'0b00      0x18  adjust_pedal.o [1]
  .rodata            const     0x808'0b18      0x18  bsp_can_bus.o [1]
  .rodata            const     0x808'0b30      0x18  lv_font_montserrat_10.o [1]
  .rodata            const     0x808'0b48      0x18  lv_font_montserrat_14.o [1]
  .rodata            const     0x808'0b60      0x18  lv_font_montserrat_24.o [1]
  .rodata            const     0x808'0b78      0x18  lv_font_montserrat_8.o [1]
  .rodata            const     0x808'0b90      0x18  lv_fs_fatfs.o [1]
  .rodata            const     0x808'0ba8      0x18  lv_theme_default.o [1]
  .rodata            const     0x808'0bc0      0x18  Monitor.o [1]
  .rodata            const     0x808'0bd8      0x18  motor_control_ui.o [1]
  .rodata            const     0x808'0bf0      0x18  sensor_ui.o [1]
  .rodata            const     0x808'0c08      0x18  set_up.o [1]
  .text              ro code   0x808'0c20      0x16  xprout.o [2]
  .rodata            const     0x808'0c36       0x2  lv_keyboard.o [1]
  .text              ro code   0x808'0c38       0xc  putchar.o [2]
  .rodata            const     0x808'0c44      0x14  adjust_pedal.o [1]
  .rodata            const     0x808'0c58      0x14  adjust_pedal.o [1]
  .rodata            const     0x808'0c6c      0x14  battery_box.o [1]
  .rodata            const     0x808'0c80      0x14  bsp_touch.o [1]
  .rodata            const     0x808'0c94      0x14  bsp_touch.o [1]
  .rodata            const     0x808'0ca8      0x14  main.o [1]
  .rodata            const     0x808'0cbc      0x14  main.o [1]
  .rodata            const     0x808'0cd0      0x14  main.o [1]
  .rodata            const     0x808'0ce4      0x14  main.o [1]
  .rodata            const     0x808'0cf8      0x14  sd_diskio_dma.o [1]
  .rodata            const     0x808'0d0c      0x14  sensor_ui.o [1]
  .rodata            const     0x808'0d20      0x14  tx_timer_initialize.o [1]
  .rodata            const     0x808'0d34      0x10  about_phone_ui.o [1]
  .rodata            const     0x808'0d44      0x10  adjust_pedal.o [1]
  .rodata            const     0x808'0d54      0x10  bsp_key.o [1]
  .rodata            const     0x808'0d64      0x10  bsp_spi_ads1256.o [1]
  .rodata            const     0x808'0d74      0x10  bsp_spi_flash.o [1]
  .rodata            const     0x808'0d84      0x10  bsp_tim_pwm.o [1]
  .rodata            const     0x808'0d94      0x10  bsp_touch.o [1]
  .rodata            const     0x808'0da4      0x10  cool_control.o [1]
  .rodata            const     0x808'0db4      0x10  ff.o [1]
  .rodata            const     0x808'0dc4      0x10  lv_draw_sw_letter.o [1]
  .rodata            const     0x808'0dd4      0x10  lv_font_montserrat_10.o [1]
  .rodata            const     0x808'0de4      0x10  lv_font_montserrat_14.o [1]
  .rodata            const     0x808'0df4      0x10  lv_font_montserrat_24.o [1]
  .rodata            const     0x808'0e04      0x10  lv_font_montserrat_8.o [1]
  .rodata            const     0x808'0e14      0x10  lv_fs_fatfs.o [1]
  .rodata            const     0x808'0e24      0x10  lv_img_decoder.o [1]
  .rodata            const     0x808'0e34      0x10  lv_refr.o [1]
  .rodata            const     0x808'0e44      0x10  main.o [1]
  .rodata            const     0x808'0e54      0x10  main.o [1]
  .rodata            const     0x808'0e64      0x10  main.o [1]
  .rodata            const     0x808'0e74      0x10  main.o [1]
  .rodata            const     0x808'0e84      0x10  main.o [1]
  .rodata            const     0x808'0e94      0x10  main.o [1]
  .rodata            const     0x808'0ea4      0x10  main.o [1]
  .rodata            const     0x808'0eb4      0x10  main.o [1]
  .rodata            const     0x808'0ec4      0x10  system_stm32f4xx.o [1]
  .rodata            const     0x808'0ed4      0x10  vehicle_status.o [1]
  .text              ro code   0x808'0ee4      0x10  startup_stm32f407xx.o [1]
  .rodata            const     0x808'0ef4       0xc  adjust_pedal.o [1]
  .rodata            const     0x808'0f00       0xc  adjust_pedal.o [1]
  .rodata            const     0x808'0f0c       0xc  adjust_pedal.o [1]
  .rodata            const     0x808'0f18       0xc  bsp_lcd.o [1]
  .rodata            const     0x808'0f24       0xc  bsp_spi_flash.o [1]
  .rodata            const     0x808'0f30       0xc  bsp_spi_flash.o [1]
  .rodata            const     0x808'0f3c       0xc  bsp_spi_flash.o [1]
  .rodata            const     0x808'0f48       0xc  bsp_spi_flash.o [1]
  .rodata            const     0x808'0f54       0xc  bsp_spi_flash.o [1]
  .rodata            const     0x808'0f60       0xc  bsp_touch.o [1]
  .rodata            const     0x808'0f6c       0xc  ff.o [1]
  .rodata            const     0x808'0f78       0xc  lv_calendar_header_arrow.o [1]
  .rodata            const     0x808'0f84       0xc  lv_calendar_header_arrow.o [1]
  .rodata            const     0x808'0f90       0xc  lv_calendar_header_arrow.o [1]
  .rodata            const     0x808'0f9c       0xc  lv_calendar_header_arrow.o [1]
  .rodata            const     0x808'0fa8       0xc  lv_checkbox.o [1]
  .rodata            const     0x808'0fb4       0xc  main.o [1]
  .rodata            const     0x808'0fc0       0xc  main.o [1]
  .rodata            const     0x808'0fcc       0xc  main.o [1]
  .rodata            const     0x808'0fd8       0xc  main.o [1]
  .rodata            const     0x808'0fe4       0xc  set_up.o [1]
  .rodata            const     0x808'0ff0       0x8  adjust_pedal.o [1]
  .rodata            const     0x808'0ff8       0x8  adjust_pedal.o [1]
[...]
                         0x805'b8cb      0x16  Code  Gb  lv_textarea.o [1]
lv_textarea_cursor_up    0x805'b967      0x5c  Code  Gb  lv_textarea.o [1]
lv_textarea_del_char     0x805'b4a5      0xae  Code  Gb  lv_textarea.o [1]
lv_textarea_del_char_forward
                         0x805'b553      0x26  Code  Gb  lv_textarea.o [1]
lv_textarea_destructor   0x805'ba81      0x36  Code  Lc  lv_textarea.o [1]
lv_textarea_event        0x805'bab7     0x114  Code  Lc  lv_textarea.o [1]
lv_textarea_get_accepted_chars
                         0x805'b895       0x4  Code  Gb  lv_textarea.o [1]
lv_textarea_get_cursor_pos
                         0x805'b855       0x4  Code  Gb  lv_textarea.o [1]
lv_textarea_get_max_length
                         0x805'b899       0x4  Code  Gb  lv_textarea.o [1]
lv_textarea_get_one_line
                         0x805'b887       0xe  Code  Gb  lv_textarea.o [1]
lv_textarea_get_password_bullet
                         0x805'b859      0x2e  Code  Gb  lv_textarea.o [1]
lv_textarea_get_text     0x805'b839      0x1c  Code  Gb  lv_textarea.o [1]
lv_textarea_set_cursor_click_pos
                         0x805'b779      0x1a  Code  Gb  lv_textarea.o [1]
lv_textarea_set_cursor_pos
                         0x805'b663     0x110  Code  Gb  lv_textarea.o [1]
lv_textarea_set_one_line
                         0x805'b793      0xa6  Code  Gb  lv_textarea.o [1]
lv_textarea_set_text     0x805'b579      0xea  Code  Gb  lv_textarea.o [1]
lv_theme_apply           0x804'471b      0x20  Code  Gb  lv_theme.o [1]
lv_theme_default_get     0x803'2283      0x12  Code  Gb  lv_theme_default.o [1]
lv_theme_default_init    0x803'21c9      0xba  Code  Gb  lv_theme_default.o [1]
lv_theme_default_is_inited
                         0x803'2295      0x12  Code  Gb  lv_theme_default.o [1]
lv_theme_get_color_primary
                         0x804'4741      0x16  Code  Gb  lv_theme.o [1]
lv_theme_get_from_obj    0x804'4705      0x16  Code  Gb  lv_theme.o [1]
lv_tick_elaps            0x804'2f8b      0x18  Code  Gb  lv_hal_tick.o [1]
lv_tick_get              0x804'2f83       0x8  Code  Gb  lv_hal_tick.o [1]
lv_tileview_class        0x808'09c4      0x1c  Data  Gb  lv_tileview.o [1]
lv_tileview_constructor
                         0x807'de31      0x38  Code  Lc  lv_tileview.o [1]
lv_tileview_tile_class   0x808'09e0      0x1c  Data  Gb  lv_tileview.o [1]
lv_tileview_tile_constructor
                         0x807'de69      0x66  Code  Lc  lv_tileview.o [1]
lv_timer_create          0x803'775f      0x44  Code  Gb  lv_timer.o [1]
lv_timer_del             0x803'77a7      0x1a  Code  Gb  lv_timer.o [1]
lv_timer_enable          0x803'77e7       0x6  Code  Gb  lv_timer.o [1]
lv_timer_exec            0x803'77f3      0x5a  Code  Lc  lv_timer.o [1]
lv_timer_get_idle        0x803'77ed       0x6  Code  Gb  lv_timer.o [1]
lv_timer_handler         0x803'7647     0x118  Code  Gb  lv_timer.o [1]
lv_timer_handler::already_running
                        0x2001'd7eb       0x1  Data  Lc  lv_timer.o [1]
lv_timer_handler::busy_time
                        0x2001'd684       0x4  Data  Lc  lv_timer.o [1]
lv_timer_handler::idle_period_start
                        0x2001'd680       0x4  Data  Lc  lv_timer.o [1]
lv_timer_handler{3}{4}::run_cnt
                        0x2001'd688       0x4  Data  Lc  lv_timer.o [1]
lv_timer_pause           0x803'77c1       0xa  Code  Gb  lv_timer.o [1]
lv_timer_ready           0x803'77d5      0x12  Code  Gb  lv_timer.o [1]
lv_timer_resume          0x803'77cb       0xa  Code  Gb  lv_timer.o [1]
lv_timer_run            0x2001'd7e7       0x1  Data  Lc  lv_timer.o [1]
lv_timer_set_cb          0x803'77a3       0x4  Code  Gb  lv_timer.o [1]
lv_timer_time_remaining
                         0x803'7875      0x1a  Code  Lc  lv_timer.o [1]
lv_tlsf_add_pool         0x803'b6d1      0x8a  Code  Gb  lv_tlsf.o [1]
lv_tlsf_create           0x803'b75b      0x22  Code  Gb  lv_tlsf.o [1]
lv_tlsf_create_with_pool
                         0x803'b77d      0x2a  Code  Gb  lv_tlsf.o [1]
lv_tlsf_free             0x803'b7d5      0x42  Code  Gb  lv_tlsf.o [1]
lv_tlsf_get_pool         0x803'b7a7       0xc  Code  Gb  lv_tlsf.o [1]
lv_tlsf_malloc           0x803'b7b3      0x22  Code  Gb  lv_tlsf.o [1]
lv_tlsf_pool_overhead    0x803'b6c7       0xa  Code  Gb  lv_tlsf.o [1]
lv_tlsf_realloc          0x803'b817      0xe0  Code  Gb  lv_tlsf.o [1]
lv_tlsf_size             0x803'b6c1       0x6  Code  Gb  lv_tlsf.o [1]
lv_tlsf_walk_pool        0x803'b65d      0x64  Code  Gb  lv_tlsf.o [1]
lv_trigo_cos             0x807'1899       0xc  Code  Lc  lv_colorwheel.o [1]
lv_trigo_cos             0x806'2239       0xc  Code  Lc  lv_meter.o [1]
lv_trigo_sin             0x804'36cd      0x70  Code  Gb  lv_math.o [1]
lv_txt_get_next_word     0x804'8c69     0x158  Code  Lc  lv_txt.o [1]
lv_txt_get_size          0x804'8b67     0x102  Code  Gb  lv_txt.o [1]
lv_txt_get_width         0x804'8ef1      0x94  Code  Gb  lv_txt.o [1]
lv_txt_unicode_to_utf8   0x804'911d      0xb2  Code  Lc  lv_txt.o [1]
lv_txt_utf8_get_byte_id
                         0x804'9371      0x38  Code  Lc  lv_txt.o [1]
lv_txt_utf8_get_char_id
                         0x804'93a9      0x24  Code  Lc  lv_txt.o [1]
lv_txt_utf8_get_length   0x804'93cd      0x24  Code  Lc  lv_txt.o [1]
lv_txt_utf8_next         0x804'91cf     0x14e  Code  Lc  lv_txt.o [1]
lv_txt_utf8_prev         0x804'931d      0x54  Code  Lc  lv_txt.o [1]
lv_txt_utf8_size         0x804'90e5      0x38  Code  Lc  lv_txt.o [1]
lv_vsnprintf             0x804'ca53      0x12  Code  Gb  lv_printf.o [1]
lv_win_class             0x808'09fc      0x1c  Data  Gb  lv_win.o [1]
lv_win_constructor       0x807'f26d      0x78  Code  Lc  lv_win.o [1]
main                     0x806'049d      0x1e  Code  Gb  main.o [1]
make_one_button_checked
                         0x805'9399      0x30  Code  Lc  lv_btnmatrix.o [1]
map_blended              0x805'7635     0x19c  Code  Lc  lv_draw_sw_blend.o [1]
map_normal               0x805'730b     0x32a  Code  Lc  lv_draw_sw_blend.o [1]
map_set_px               0x805'7217      0xf4  Code  Lc  lv_draw_sw_blend.o [1]
mapping_insert           0x803'b203      0x2e  Code  Lc  lv_tlsf.o [1]
mapping_search           0x803'b231      0x2a  Code  Lc  lv_tlsf.o [1]
mask_mix                 0x804'2f59      0x2a  Code  Lc  lv_draw_mask.o [1]
max_used                0x2001'd64c       0x4  Data  Lc  lv_mem.o [1]
mem_cmp                  0x804'95d1      0x1e  Code  Lc  ff.o [1]
mem_cpy                  0x804'95b1      0x14  Code  Lc  ff.o [1]
mem_monitor             0x2001'd5b8       0x8  Data  Lc  lv_refr.o [1]
mem_monitor_init         0x804'0183      0x10  Code  Lc  lv_refr.o [1]
mem_set                  0x804'95c5       0xc  Code  Lc  ff.o [1]
memchr                   0x804'e6a1            Code  Gb  memchr.o [4]
memset                   0x807'157d      0x14  Code  Gb  memset.o [4]
month_event_cb           0x807'dd45      0xa8  Code  Lc  lv_calendar_header_arrow.o [1]
month_event_cb           0x807'e055      0x3c  Code  Lc  lv_calendar_header_dropdown.o [1]
month_list              0x2000'052c       0x4  Data  Lc  lv_calendar_header_dropdown.o [1]
month_names_def         0x2000'04fc      0x30  Data  Lc  lv_calendar_header_arrow.o [1]
move_window              0x804'9809      0x3e  Code  Lc  ff.o [1]
mparams                 0x2001'd240      0x18  Data  Lc  dlmalloc.o [2]
myBuf                   0x2001'76b8     0xc80  Data  Gb  main.o [1]
myFont20                 0x808'0a50      0x1c  Data  Gb  myFont20.o [1]
my_constructor           0x807'dc5f      0xe2  Code  Lc  lv_calendar_header_arrow.o [1]
my_constructor           0x807'dfc5      0x86  Code  Lc  lv_calendar_header_dropdown.o [1]
new_points_alloc         0x805'22d7      0xc4  Code  Lc  lv_chart.o [1]
next_color_mode          0x807'2223      0x34  Code  Lc  lv_colorwheel.o [1]
next_in_cache            0x805'7a21      0x36  Code  Lc  lv_draw_sw_gradient.o [1]
node_set_next            0x803'761d      0x16  Code  Lc  lv_ll.o [1]
node_set_prev            0x803'7609      0x14  Code  Lc  lv_ll.o [1]
obj_del_core             0x803'6231     0x134  Code  Lc  lv_obj_tree.o [1]
obuf                    0x2001'ce3c      0x50  Data  Lc  xfiles.o [2]
oem2uni                  0x801'560c  0x1'5484  Data  Lc  cc936.o [1]
offset_to_block          0x803'b121       0x4  Code  Lc  lv_tlsf.o [1]
ofs_set_y_anim           0x806'164d       0xa  Code  Lc  battery_box.o [1]
perf_monitor            0x2001'd228      0x18  Data  Lc  lv_refr.o [1]
perf_monitor_init        0x804'0163      0x20  Code  Lc  lv_refr.o [1]
pick_lfn                 0x804'9f95      0x86  Code  Lc  ff.o [1]
place_content            0x804'7099      0xaa  Code  Lc  lv_flex.o [1]
position_knob            0x807'77b9      0xc6  Code  Lc  lv_slider.o [1]
position_to_selected     0x806'f0a9      0x58  Code  Lc  lv_dropdown.o [1]
printf                   0x804'9541      0x28  Code  Gb  printf.o [2]
put_fat                  0x804'99c7     0x122  Code  Lc  ff.o [1]
put_lfn                  0x804'a01b      0x84  Code  Lc  ff.o [1]
putchar                  0x808'0c39       0xc  Code  Gb  putchar.o [2]
pwd_char_hider           0x805'bc8d      0x82  Code  Lc  lv_textarea.o [1]
pwd_char_hider_anim      0x805'bc81       0x2  Code  Lc  lv_textarea.o [1]
pwd_char_hider_anim_ready
                         0x805'bc83       0xa  Code  Lc  lv_textarea.o [1]
px_num                  0x2001'd65c       0x4  Data  Lc  lv_refr.o [1]
refr_area                0x803'f39b     0x1b4  Code  Lc  lv_refr.o [1]
refr_area_part           0x803'f54f     0x1e2  Code  Lc  lv_refr.o [1]
refr_cursor_area         0x805'bdfd     0x23c  Code  Lc  lv_textarea.o [1]
refr_img                 0x805'eb6f      0x5e  Code  Lc  lv_imgbtn.o [1]
refr_invalid_areas       0x803'f29d      0xfe  Code  Lc  lv_refr.o [1]
refr_knob_pos            0x807'2257      0x7c  Code  Lc  lv_colorwheel.o [1]
refr_obj                 0x803'f98f     0x1e8  Code  Lc  lv_refr.o [1]
refr_obj_and_children    0x803'f7c1      0x96  Code  Lc  lv_refr.o [1]
refr_position            0x807'3a5f     0x160  Code  Lc  lv_roller.o [1]
refr_size_form_row       0x807'2eed     0x106  Code  Lc  lv_table.o [1]
refresh_children_style   0x803'5b9b      0x3c  Code  Lc  lv_obj_style.o [1]
release_handler          0x807'3bbf     0x168  Code  Lc  lv_roller.o [1]
remove_chain             0x804'9ae9      0x8e  Code  Lc  ff.o [1]
remove_free_block        0x803'b2b9      0x6a  Code  Lc  lv_tlsf.o [1]
report_style_change_core
                         0x803'5b45      0x56  Code  Lc  lv_obj_style.o [1]
reverse_btn             0x2001'd5d4       0x4  Data  Lc  adjust_pedal.o [1]
rgb565a8_no_aa           0x807'88d7      0xd4  Code  Lc  lv_draw_sw_transform.o [1]
rgb_no_aa                0x807'8727      0xce  Code  Lc  lv_draw_sw_transform.o [1]
s_BaudRatePrescaler     0x2001'd5ec       0x4  Data  Lc  bsp_spi_bus.o [1]
s_CLKPhase              0x2001'd5f0       0x4  Data  Lc  bsp_spi_bus.o [1]
s_CLKPolarity           0x2001'd5f4       0x4  Data  Lc  bsp_spi_bus.o [1]
s_gpio_list              0x808'0d54      0x10  Data  Lc  bsp_key.o [1]
s_style_common          0x2001'd3ac       0xc  Data  Lc  about_phone_ui.o [1]
s_style_common          0x2001'd430       0xc  Data  Lc  battery_box.o [1]
s_style_common          0x2001'd454       0xc  Data  Lc  cool_control.o [1]
s_style_common          0x2001'd4f0       0xc  Data  Lc  motor_control_ui.o [1]
s_style_common          0x2001'd538       0xc  Data  Lc  set_up.o [1]
s_style_common          0x2001'd55c       0xc  Data  Lc  vehicle_status.o [1]
s_tBtn                  0x2001'd190      0x20  Data  Lc  bsp_key.o [1]
s_tKey                  0x2001'd36c      0x10  Data  Lc  bsp_key.o [1]
s_tTmr                  0x2001'cf0c      0x40  Data  Lc  ticktim.o [1]
s_tabDataRate            0x808'0d64      0x10  Data  Lc  bsp_spi_ads1256.o [1]
scalbln                  0x804'e769            Code  Gb  ldexp.o [3]
scalblnl                 0x804'e769            Code  Gb  ldexp.o [3]
scalbn                   0x804'e769            Code  Gb  ldexp.o [3]
scalbnl                  0x804'e769            Code  Gb  ldexp.o [3]
scale                    0x804'd98b      0x46  Code  Lc  xprintffull_nomb.o [2]
scroll_anim_ready_cb     0x803'8aa5       0xe  Code  Lc  lv_obj_scroll.o [1]
scroll_anim_ready_cb     0x807'3e49       0xe  Code  Lc  lv_roller.o [1]
scroll_area_into_view    0x803'8ab3     0x374  Code  Lc  lv_obj_scroll.o [1]
scroll_limit_diff        0x804'4415      0x76  Code  Lc  lv_indev_scroll.o [1]
scroll_throw_predict_x   0x804'44bf      0x34  Code  Lc  lv_indev_scroll.o [1]
scroll_throw_predict_y   0x804'448b      0x34  Code  Lc  lv_indev_scroll.o [1]
scroll_x_anim            0x803'8a6d      0x1c  Code  Lc  lv_obj_scroll.o [1]
scroll_y_anim            0x803'8a89      0x1c  Code  Lc  lv_obj_scroll.o [1]
scrollbar_init_draw_dsc
                         0x803'6cbd     0x128  Code  Lc  lv_obj.o [1]
search_suitable_block    0x803'b25b      0x5e  Code  Lc  lv_tlsf.o [1]
sec_hand                0x2001'd798       0x4  Data  Lc  xfail_s.o [2]
segment_holding          0x804'e8ad      0x1a  Code  Lc  dlmalloc.o [2]
ser                     0x2001'd6bc       0x4  Data  Gb  sensor_ui.o [1]
ser1                    0x2001'd6c0       0x4  Data  Gb  sensor_ui.o [1]
ser2                    0x2001'd6c4       0x4  Data  Gb  sensor_ui.o [1]
ser3                    0x2001'd6c8       0x4  Data  Gb  sensor_ui.o [1]
set_ofs_x_anim           0x804'6129       0xe  Code  Lc  lv_label.o [1]
set_ofs_y_anim           0x804'6139       0xe  Code  Lc  lv_label.o [1]
set_y_anim               0x807'3e59       0xa  Code  Lc  lv_roller.o [1]
sf_ReadBuffer            0x806'5ccf      0xbe  Code  Gb  bsp_spi_flash.o [1]
sf_ReadID                0x806'5c4b      0x42  Code  Gb  bsp_spi_flash.o [1]
sf_ReadInfo              0x806'5b87      0xc4  Code  Gb  bsp_spi_flash.o [1]
sf_SetCS                 0x806'5b55      0x32  Code  Gb  bsp_spi_flash.o [1]
shadow_blur_corner       0x805'5ea3     0x1d2  Code  Lc  lv_draw_sw_rect.o [1]
shadow_draw_corner_buf   0x805'5ccf     0x1d4  Code  Lc  lv_draw_sw_rect.o [1]
show_error               0x804'3681      0x42  Code  Lc  lv_draw_img.o [1]
sin0_90_table            0x807'e8f8      0xb8  Data  Lc  lv_math.o [1]
st_clust                 0x804'9ec9      0x2a  Code  Lc  ff.o [1]
st_dword                 0x804'9599      0x18  Code  Lc  ff.o [1]
st_word                  0x804'958b       0xe  Code  Lc  ff.o [1]
start_cursor_blink       0x805'bd71      0x80  Code  Lc  lv_textarea.o [1]
strchr                   0x804'e649            Code  Gb  strchr.o [4]
strcmp                   0x804'6235            Code  Gb  strcmp.o [4]
strcpy                   0x804'621d            Code  Gb  strcpy.o [4]
strlen                   0x804'477d            Code  Gb  strlen.o [4]
style_indic             0x2001'd514       0xc  Data  Lc  sensor_ui.o [1]
style_init               0x803'0a41    0x1788  Code  Lc  lv_theme_default.o [1]
style_init::dark_filter
                        0x2001'd5c0       0x8  Data  Lc  lv_theme_default.o [1]
style_init::grey_filter
                        0x2001'd5c8       0x8  Data  Lc  lv_theme_default.o [1]
style_init::trans_delayed
                        0x2001'd2d0      0x14  Data  Lc  lv_theme_default.o [1]
style_init::trans_normal
                        0x2001'd2e4      0x14  Data  Lc  lv_theme_default.o [1]
style_init::trans_props
                         0x808'0ba8      0x18  Data  Lc  lv_theme_default.o [1]
style_init_reset         0x803'34b7      0x16  Code  Lc  lv_theme_default.o [1]
style_radio             0x2001'd3d0       0xc  Data  Lc  adjust_pedal.o [1]
style_radio_chk         0x2001'd3dc       0xc  Data  Lc  adjust_pedal.o [1]
style_refr              0x2000'06b1       0x1  Data  Lc  lv_obj_style.o [1]
styles                  0x2001'd674       0x4  Data  Lc  lv_theme_default.o [1]
suggest_state            0x805'ebcd      0x86  Code  Lc  lv_imgbtn.o [1]
sum_sfn                  0x804'a151      0x20  Code  Lc  ff.o [1]
sync_fs                  0x804'9847      0x94  Code  Lc  ff.o [1]
sync_window              0x804'97b5      0x54  Code  Lc  ff.o [1]
ta_insert_replace       0x2001'd670       0x4  Data  Lc  lv_textarea.o [1]
tabpos_create           0x2001'd7e3       0x1  Data  Lc  lv_tabview.o [1]
tabsize_create          0x2001'd7ca       0x2  Data  Lc  lv_tabview.o [1]
theme                   0x2001'd16c      0x24  Data  Lc  lv_theme_default.o [1]
theme_apply              0x803'22bd    0x11fa  Code  Lc  lv_theme_default.o [1]
tileview_event_cb        0x807'dedd      0xe6  Code  Lc  lv_tileview.o [1]
time_param              0x2001'd664       0x4  Data  Lc  lv_spinner.o [1]
timer_created           0x2001'd7ea       0x1  Data  Lc  lv_timer.o [1]
timer_deleted           0x2001'd7e9       0x1  Data  Lc  lv_timer.o [1]
tlsf                    0x2001'd644       0x4  Data  Lc  lv_mem.o [1]
tlsf_ffs                 0x803'abb5     0x264  Code  Lc  lv_tlsf.o [1]
tlsf_fls                 0x803'ae19     0x25e  Code  Lc  lv_tlsf.o [1]
touchpad_get_xy          0x806'5ef7      0x10  Code  Lc  lv_port_indev_template.o [1]
touchpad_init            0x806'5ea9       0x8  Code  Lc  lv_port_indev_template.o [1]
touchpad_is_pressed      0x806'5edd      0x1a  Code  Lc  lv_port_indev_template.o [1]
touchpad_read            0x806'5eb1      0x2c  Code  Lc  lv_port_indev_template.o [1]
touchpad_read::last_x   0x2001'd7c6       0x2  Data  Lc  lv_port_indev_template.o [1]
touchpad_read::last_y   0x2001'd7c8       0x2  Data  Lc  lv_port_indev_template.o [1]
tp_dev                  0x2000'0484      0x34  Data  Gb  bsp_touch.o [1]
trans_anim_cb            0x803'5c9d     0x15e  Code  Lc  lv_obj_style.o [1]
trans_anim_ready_cb      0x803'5e41      0xbc  Code  Lc  lv_obj_style.o [1]
trans_anim_start_cb      0x803'5dfd      0x42  Code  Lc  lv_obj_style.o [1]
trans_del                0x803'5bd7      0xc4  Code  Lc  lv_obj_style.o [1]
transform_point          0x803'ab39      0x7c  Code  Lc  lv_obj_pos.o [1]
transform_point_upscaled
                         0x807'8dbd      0xb0  Code  Lc  lv_draw_sw_transform.o [1]
tx_application_define    0x806'0551      0x9e  Code  Gb  main.o [1]
tx_thread_fpu_disable    0x806'8fe1            Code  Gb  tx_thread_schedule.o [1]
tx_thread_fpu_enable     0x806'8fdf            Code  Gb  tx_thread_schedule.o [1]
uSdHandle               0x2001'c814      0x84  Data  Gb  bsp_sdio_sd.o [1]
uni2oem                  0x800'0188  0x1'5484  Data  Lc  cc936.o [1]
unicode_list_1           0x807'f368      0x7c  Data  Lc  lv_font_montserrat_10.o [1]
unicode_list_1           0x807'f3e4      0x7c  Data  Lc  lv_font_montserrat_14.o [1]
unicode_list_1           0x807'f460      0x7c  Data  Lc  lv_font_montserrat_24.o [1]
unicode_list_1           0x807'f4dc      0x7c  Data  Lc  lv_font_montserrat_8.o [1]
unicode_list_compare     0x804'4b55       0x8  Code  Lc  lv_font_fmt_txt.o [1]
update_cursor_position_on_click
                         0x805'c039     0x21e  Code  Lc  lv_textarea.o [1]
validate                 0x804'ad21      0x40  Code  Lc  ff.o [1]
value_changed_event_cb   0x807'dded      0x34  Code  Lc  lv_calendar_header_arrow.o [1]
value_changed_event_cb   0x807'e0d1      0x40  Code  Lc  lv_calendar_header_dropdown.o [1]
value_update             0x806'e06b     0x10c  Code  Lc  lv_arc.o [1]
vsnprintf                0x806'64bd      0x3c  Code  Gb  vsnprint.o [2]
wTransferState          0x2001'd5fc       0x4  Data  Gb  bsp_spi_bus.o [1]
year_event_cb            0x807'e091      0x40  Code  Lc  lv_calendar_header_dropdown.o [1]
year_list               0x2000'0530       0x4  Data  Lc  lv_calendar_header_dropdown.o [1]
zero_mem                0x2000'05d0       0x4  Data  Lc  lv_mem.o [1]


[1] = D:\Ls_Monitor_Lower\Xian_Template\EW-ARM(v8x)\Flash\Obj
[2] = dl7M_tlf.a
[3] = m7M_tls.a
[4] = rt7M_tl.a
[5] = shb_l.a

  285'936 bytes of readonly  code memory
  243'578 bytes of readonly  data memory
  161'115 bytes of readwrite data memory

Errors: none
Warnings: none
