Component: ARM Compiler 5.06 update 7 (build 960) Tool: armlink [4d3601]

==============================================================================

Section Cross References

    main.o(i.AppObjCreate) refers to txe_mutex_create.o(i._txe_mutex_create) for _txe_mutex_create
    main.o(i.AppObjCreate) refers to txe_timer_create.o(i._txe_timer_create) for _txe_timer_create
    main.o(i.AppObjCreate) refers to main.o(.bss) for AppPrintfSemp
    main.o(i.AppObjCreate) refers to main.o(i.TimerCallback) for TimerCallback
    main.o(i.AppTaskCOM) refers to main.o(i.App_Printf) for App_Printf
    main.o(i.AppTaskCOM) refers to bsp_led.o(i.bsp_LedToggle) for bsp_LedToggle
    main.o(i.AppTaskCOM) refers to tx_thread_sleep.o(i._tx_thread_sleep) for _tx_thread_sleep
    main.o(i.AppTaskCreate) refers to txe_thread_create.o(i._txe_thread_create) for _txe_thread_create
    main.o(i.AppTaskCreate) refers to main.o(.bss) for AppTaskUserIFStk
    main.o(i.AppTaskCreate) refers to main.o(i.AppTaskUserIF) for AppTaskUserIF
    main.o(i.AppTaskCreate) refers to main.o(i.AppTaskCOM) for AppTaskCOM
    main.o(i.AppTaskCreate) refers to main.o(i.AppTaskREADADC) for AppTaskREADADC
    main.o(i.AppTaskCreate) refers to main.o(i.AppTaskTFTLCD) for AppTaskTFTLCD
    main.o(i.AppTaskIDLE) refers to main.o(.data) for OSIdleCtr
    main.o(i.AppTaskREADADC) refers to bsp_spi_ads1256.o(i.ADS1256_ReadChipID) for ADS1256_ReadChipID
    main.o(i.AppTaskREADADC) refers to main.o(i.App_Printf) for App_Printf
    main.o(i.AppTaskREADADC) refers to bsp_spi_ads1256.o(i.ADS1256_CfgADC) for ADS1256_CfgADC
    main.o(i.AppTaskREADADC) refers to bsp_spi_ads1256.o(i.ADS1256_StartScan) for ADS1256_StartScan
    main.o(i.AppTaskREADADC) refers to tx_thread_sleep.o(i._tx_thread_sleep) for _tx_thread_sleep
    main.o(i.AppTaskStart) refers to main.o(i.OSStatInit) for OSStatInit
    main.o(i.AppTaskStart) refers to stm32f4xx_hal.o(i.HAL_ResumeTick) for HAL_ResumeTick
    main.o(i.AppTaskStart) refers to bsp_dwt.o(i.bsp_InitDWT) for bsp_InitDWT
    main.o(i.AppTaskStart) refers to ticktim.o(i.bsp_InitTimer) for bsp_InitTimer
    main.o(i.AppTaskStart) refers to bsp_usart_fifo.o(i.bsp_InitUart) for bsp_InitUart
    main.o(i.AppTaskStart) refers to bsp_key.o(i.bsp_InitKey) for bsp_InitKey
    main.o(i.AppTaskStart) refers to bsp_spi_bus.o(i.bsp_InitSPI1Bus) for bsp_InitSPI1Bus
    main.o(i.AppTaskStart) refers to bsp_spi_flash.o(i.bsp_InitSFlash) for bsp_InitSFlash
    main.o(i.AppTaskStart) refers to bsp_spi_bus.o(i.bsp_InitSPI2Bus) for bsp_InitSPI2Bus
    main.o(i.AppTaskStart) refers to bsp_iic_bus.o(i.bsp_I2C_EE_Init) for bsp_I2C_EE_Init
    main.o(i.AppTaskStart) refers to bsp_led.o(i.bsp_InitLed) for bsp_InitLed
    main.o(i.AppTaskStart) refers to bsp_can_bus.o(i.bsp_InitCan1Bus) for bsp_InitCan1Bus
    main.o(i.AppTaskStart) refers to bsp_ws2812b.o(i.bsp_InitWs2812b) for bsp_InitWs2812b
    main.o(i.AppTaskStart) refers to bsp_rotation_sensor.o(i.bsp_InitRotationSensor) for bsp_InitRotationSensor
    main.o(i.AppTaskStart) refers to bsp_tim_pwm.o(i.bsp_SetTIMOutPWM) for bsp_SetTIMOutPWM
    main.o(i.AppTaskStart) refers to main.o(i.AppTaskCreate) for AppTaskCreate
    main.o(i.AppTaskStart) refers to main.o(i.AppObjCreate) for AppObjCreate
    main.o(i.AppTaskStart) refers to ticktim.o(i.SysTick_ISR) for SysTick_ISR
    main.o(i.AppTaskStart) refers to tx_thread_sleep.o(i._tx_thread_sleep) for _tx_thread_sleep
    main.o(i.AppTaskStat) refers to tx_thread_sleep.o(i._tx_thread_sleep) for _tx_thread_sleep
    main.o(i.AppTaskStat) refers to main.o(.data) for OSStatRdy
    main.o(i.AppTaskTFTLCD) refers to main.o(i.App_Printf) for App_Printf
    main.o(i.AppTaskTFTLCD) refers to bsp_lcd.o(i.LCD_ShowString) for LCD_ShowString
    main.o(i.AppTaskTFTLCD) refers to main.o(i.Load_Drow_Dialog) for Load_Drow_Dialog
    main.o(i.AppTaskTFTLCD) refers to bsp_lcd.o(i.LCD_Clear) for LCD_Clear
    main.o(i.AppTaskTFTLCD) refers to tx_thread_sleep.o(i._tx_thread_sleep) for _tx_thread_sleep
    main.o(i.AppTaskTFTLCD) refers to bsp_lcd.o(.bss) for lcddev
    main.o(i.AppTaskTFTLCD) refers to bsp_lcd.o(.data) for POINT_COLOR
    main.o(i.AppTaskUserIF) refers to bsp_key.o(i.bsp_GetKey) for bsp_GetKey
    main.o(i.AppTaskUserIF) refers to main.o(i.App_Printf) for App_Printf
    main.o(i.AppTaskUserIF) refers to main.o(i.I2C_EE_ByteWrite1) for I2C_EE_ByteWrite1
    main.o(i.AppTaskUserIF) refers to tx_thread_sleep.o(i._tx_thread_sleep) for _tx_thread_sleep
    main.o(i.App_Printf) refers to printfa.o(i.__0vsnprintf) for vsnprintf
    main.o(i.App_Printf) refers to txe_mutex_get.o(i._txe_mutex_get) for _txe_mutex_get
    main.o(i.App_Printf) refers to printfa.o(i.__0printf) for __2printf
    main.o(i.App_Printf) refers to txe_mutex_put.o(i._txe_mutex_put) for _txe_mutex_put
    main.o(i.App_Printf) refers to main.o(.bss) for AppPrintfSemp
    main.o(i.DispTaskInfo) refers to main.o(i.App_Printf) for App_Printf
[...]
    DMA1_Stream7_IRQHandler                  0x080001bb   Thumb Code     0  startup_stm32f407xx.o(.text)
    DMA2_Stream1_IRQHandler                  0x080001bb   Thumb Code     0  startup_stm32f407xx.o(.text)
    DMA2_Stream2_IRQHandler                  0x080001bb   Thumb Code     0  startup_stm32f407xx.o(.text)
    DMA2_Stream4_IRQHandler                  0x080001bb   Thumb Code     0  startup_stm32f407xx.o(.text)
    DMA2_Stream5_IRQHandler                  0x080001bb   Thumb Code     0  startup_stm32f407xx.o(.text)
    DMA2_Stream6_IRQHandler                  0x080001bb   Thumb Code     0  startup_stm32f407xx.o(.text)
    DMA2_Stream7_IRQHandler                  0x080001bb   Thumb Code     0  startup_stm32f407xx.o(.text)
    ETH_IRQHandler                           0x080001bb   Thumb Code     0  startup_stm32f407xx.o(.text)
    ETH_WKUP_IRQHandler                      0x080001bb   Thumb Code     0  startup_stm32f407xx.o(.text)
    EXTI0_IRQHandler                         0x080001bb   Thumb Code     0  startup_stm32f407xx.o(.text)
    EXTI15_10_IRQHandler                     0x080001bb   Thumb Code     0  startup_stm32f407xx.o(.text)
    EXTI1_IRQHandler                         0x080001bb   Thumb Code     0  startup_stm32f407xx.o(.text)
    EXTI2_IRQHandler                         0x080001bb   Thumb Code     0  startup_stm32f407xx.o(.text)
    EXTI3_IRQHandler                         0x080001bb   Thumb Code     0  startup_stm32f407xx.o(.text)
    EXTI4_IRQHandler                         0x080001bb   Thumb Code     0  startup_stm32f407xx.o(.text)
    FLASH_IRQHandler                         0x080001bb   Thumb Code     0  startup_stm32f407xx.o(.text)
    FMC_IRQHandler                           0x080001bb   Thumb Code     0  startup_stm32f407xx.o(.text)
    FPU_IRQHandler                           0x080001bb   Thumb Code     0  startup_stm32f407xx.o(.text)
    HASH_RNG_IRQHandler                      0x080001bb   Thumb Code     0  startup_stm32f407xx.o(.text)
    I2C1_ER_IRQHandler                       0x080001bb   Thumb Code     0  startup_stm32f407xx.o(.text)
    I2C1_EV_IRQHandler                       0x080001bb   Thumb Code     0  startup_stm32f407xx.o(.text)
    I2C2_ER_IRQHandler                       0x080001bb   Thumb Code     0  startup_stm32f407xx.o(.text)
    I2C2_EV_IRQHandler                       0x080001bb   Thumb Code     0  startup_stm32f407xx.o(.text)
    I2C3_ER_IRQHandler                       0x080001bb   Thumb Code     0  startup_stm32f407xx.o(.text)
    I2C3_EV_IRQHandler                       0x080001bb   Thumb Code     0  startup_stm32f407xx.o(.text)
    OTG_FS_IRQHandler                        0x080001bb   Thumb Code     0  startup_stm32f407xx.o(.text)
    OTG_FS_WKUP_IRQHandler                   0x080001bb   Thumb Code     0  startup_stm32f407xx.o(.text)
    OTG_HS_EP1_IN_IRQHandler                 0x080001bb   Thumb Code     0  startup_stm32f407xx.o(.text)
    OTG_HS_EP1_OUT_IRQHandler                0x080001bb   Thumb Code     0  startup_stm32f407xx.o(.text)
    OTG_HS_IRQHandler                        0x080001bb   Thumb Code     0  startup_stm32f407xx.o(.text)
    OTG_HS_WKUP_IRQHandler                   0x080001bb   Thumb Code     0  startup_stm32f407xx.o(.text)
    PVD_IRQHandler                           0x080001bb   Thumb Code     0  startup_stm32f407xx.o(.text)
    RCC_IRQHandler                           0x080001bb   Thumb Code     0  startup_stm32f407xx.o(.text)
    RTC_Alarm_IRQHandler                     0x080001bb   Thumb Code     0  startup_stm32f407xx.o(.text)
    RTC_WKUP_IRQHandler                      0x080001bb   Thumb Code     0  startup_stm32f407xx.o(.text)
    SDIO_IRQHandler                          0x080001bb   Thumb Code     0  startup_stm32f407xx.o(.text)
    SPI2_IRQHandler                          0x080001bb   Thumb Code     0  startup_stm32f407xx.o(.text)
    SPI3_IRQHandler                          0x080001bb   Thumb Code     0  startup_stm32f407xx.o(.text)
    TAMP_STAMP_IRQHandler                    0x080001bb   Thumb Code     0  startup_stm32f407xx.o(.text)
    TIM1_BRK_TIM9_IRQHandler                 0x080001bb   Thumb Code     0  startup_stm32f407xx.o(.text)
    TIM1_CC_IRQHandler                       0x080001bb   Thumb Code     0  startup_stm32f407xx.o(.text)
    TIM1_TRG_COM_TIM11_IRQHandler            0x080001bb   Thumb Code     0  startup_stm32f407xx.o(.text)
    TIM1_UP_TIM10_IRQHandler                 0x080001bb   Thumb Code     0  startup_stm32f407xx.o(.text)
    TIM4_IRQHandler                          0x080001bb   Thumb Code     0  startup_stm32f407xx.o(.text)
    TIM5_IRQHandler                          0x080001bb   Thumb Code     0  startup_stm32f407xx.o(.text)
    TIM6_DAC_IRQHandler                      0x080001bb   Thumb Code     0  startup_stm32f407xx.o(.text)
    TIM7_IRQHandler                          0x080001bb   Thumb Code     0  startup_stm32f407xx.o(.text)
    TIM8_BRK_TIM12_IRQHandler                0x080001bb   Thumb Code     0  startup_stm32f407xx.o(.text)
    TIM8_CC_IRQHandler                       0x080001bb   Thumb Code     0  startup_stm32f407xx.o(.text)
    TIM8_TRG_COM_TIM14_IRQHandler            0x080001bb   Thumb Code     0  startup_stm32f407xx.o(.text)
    TIM8_UP_TIM13_IRQHandler                 0x080001bb   Thumb Code     0  startup_stm32f407xx.o(.text)
    UART4_IRQHandler                         0x080001bb   Thumb Code     0  startup_stm32f407xx.o(.text)
    UART5_IRQHandler                         0x080001bb   Thumb Code     0  startup_stm32f407xx.o(.text)
    USART2_IRQHandler                        0x080001bb   Thumb Code     0  startup_stm32f407xx.o(.text)
    USART3_IRQHandler                        0x080001bb   Thumb Code     0  startup_stm32f407xx.o(.text)
    USART6_IRQHandler                        0x080001bb   Thumb Code     0  startup_stm32f407xx.o(.text)
    WWDG_IRQHandler                          0x080001bb   Thumb Code     0  startup_stm32f407xx.o(.text)
    _tx_initialize_low_level                 0x080001c5   Thumb Code     0  tx_initialize_low_level.o(.text)
    __tx_BadHandler                          0x08000209   Thumb Code     0  tx_initialize_low_level.o(.text)
    __tx_SVCallHandler                       0x0800020b   Thumb Code     0  tx_initialize_low_level.o(.text)
    __tx_IntHandler                          0x0800020d   Thumb Code     0  tx_initialize_low_level.o(.text)
    SysTick_Handler                          0x08000215   Thumb Code     0  tx_initialize_low_level.o(.text)
    __tx_SysTickHandler                      0x08000215   Thumb Code     0  tx_initialize_low_level.o(.text)
    __tx_NMIHandler                          0x08000221   Thumb Code     0  tx_initialize_low_level.o(.text)
    __tx_DBGHandler                          0x08000223   Thumb Code     0  tx_initialize_low_level.o(.text)
    _tx_thread_context_restore               0x0800023d   Thumb Code     0  tx_thread_context_restore.o(.text)
    _tx_thread_context_save                  0x08000245   Thumb Code     0  tx_thread_context_save.o(.text)
    _tx_thread_schedule                      0x08000249   Thumb Code     0  tx_thread_schedule.o(.text)
    PendSV_Handler                           0x08000275   Thumb Code     0  tx_thread_schedule.o(.text)
    __tx_PendSVHandler                       0x08000275   Thumb Code     0  tx_thread_schedule.o(.text)
    tx_thread_fpu_enable                     0x0800030f   Thumb Code     0  tx_thread_schedule.o(.text)
    tx_thread_fpu_disable                    0x08000311   Thumb Code     0  tx_thread_schedule.o(.text)
    _tx_vfp_access                           0x08000313   Thumb Code     0  tx_thread_schedule.o(.text)
    _tx_thread_stack_build                   0x0800031d   Thumb Code     0  tx_thread_stack_build.o(.text)
    _tx_timer_interrupt                      0x0800035d   Thumb Code     0  tx_timer_interrupt.o(.text)
    __aeabi_uldivmod                         0x08000445   Thumb Code    98  uldiv.o(.text)
    __aeabi_memset                           0x080004a7   Thumb Code    14  memseta.o(.text)
    __aeabi_memset4                          0x080004a7   Thumb Code     0  memseta.o(.text)
    __aeabi_memset8                          0x080004a7   Thumb Code     0  memseta.o(.text)
    __aeabi_memclr                           0x080004b5   Thumb Code     4  memseta.o(.text)
    __aeabi_memclr4                          0x080004b5   Thumb Code     0  memseta.o(.text)
    __aeabi_memclr8                          0x080004b5   Thumb Code     0  memseta.o(.text)
    _memset$wrapper                          0x080004b9   Thumb Code    18  memseta.o(.text)
    strcpy                                   0x080004cb   Thumb Code    18  strcpy.o(.text)
    __aeabi_uidiv                            0x080004dd   Thumb Code     0  uidiv.o(.text)
    __aeabi_uidivmod                         0x080004dd   Thumb Code    44  uidiv.o(.text)
    __aeabi_llsl                             0x08000509   Thumb Code    30  llshl.o(.text)
    _ll_shift_l                              0x08000509   Thumb Code     0  llshl.o(.text)
    __aeabi_llsr                             0x08000527   Thumb Code    32  llushr.o(.text)
    _ll_ushift_r                             0x08000527   Thumb Code     0  llushr.o(.text)
    __I$use$fp                               0x08000547   Thumb Code     0  iusefp.o(.text)
    __aeabi_dadd                             0x08000547   Thumb Code   322  dadd.o(.text)
    __aeabi_dsub                             0x08000689   Thumb Code     6  dadd.o(.text)
    __aeabi_drsub                            0x0800068f   Thumb Code     6  dadd.o(.text)
    __aeabi_dmul                             0x08000695   Thumb Code   228  dmul.o(.text)
    __aeabi_ddiv                             0x08000779   Thumb Code   222  ddiv.o(.text)
    __aeabi_d2ulz                            0x08000857   Thumb Code    48  dfixul.o(.text)
    __aeabi_cdrcmple                         0x08000889   Thumb Code    48  cdrcmple.o(.text)
    __scatterload                            0x080008b9   Thumb Code    28  init.o(.text)
    __scatterload_rt2                        0x080008b9   Thumb Code     0  init.o(.text)
    __aeabi_lasr                             0x080008dd   Thumb Code    36  llsshr.o(.text)
    _ll_sshift_r                             0x080008dd   Thumb Code     0  llsshr.o(.text)
    _double_round                            0x08000901   Thumb Code    30  depilogue.o(.text)
    _double_epilogue                         0x0800091f   Thumb Code   156  depilogue.o(.text)
    __decompress                             0x080009bb   Thumb Code     0  __dczerorl2.o(.text)
    __decompress1                            0x080009bb   Thumb Code    86  __dczerorl2.o(.text)
    ADS1256_CfgADC                           0x08000a11   Thumb Code   122  bsp_spi_ads1256.o(i.ADS1256_CfgADC)
    ADS1256_ISR                              0x08000ac1   Thumb Code   108  bsp_spi_ads1256.o(i.ADS1256_ISR)
    ADS1256_ReadChipID                       0x08000b31   Thumb Code    18  bsp_spi_ads1256.o(i.ADS1256_ReadChipID)
    ADS1256_StartScan                        0x08000c95   Thumb Code   106  bsp_spi_ads1256.o(i.ADS1256_StartScan)
    ADS1256_StopScan                         0x08000d11   Thumb Code    10  bsp_spi_ads1256.o(i.ADS1256_StopScan)
    BusFault_Handler                         0x080012c5   Thumb Code     4  stm32f4xx_it.o(i.BusFault_Handler)
    CAN1_RX0_IRQHandler                      0x080012c9   Thumb Code    22  bsp_can_bus.o(i.CAN1_RX0_IRQHandler)
    ComToUart                                0x080012ed   Thumb Code    42  bsp_usart_fifo.o(i.ComToUart)
    DMA1_Stream4_IRQHandler                  0x08001375   Thumb Code    10  bsp_tim_pwm.o(i.DMA1_Stream4_IRQHandler)
    DMA2_Stream0_IRQHandler                  0x08001385   Thumb Code    12  bsp_spi_bus.o(i.DMA2_Stream0_IRQHandler)
    DMA2_Stream3_IRQHandler                  0x08001395   Thumb Code    12  bsp_spi_bus.o(i.DMA2_Stream3_IRQHandler)
    DebugMon_Handler                         0x080014af   Thumb Code     2  stm32f4xx_it.o(i.DebugMon_Handler)
    EXTI9_5_IRQHandler                       0x080014b1   Thumb Code    10  bsp_spi_ads1256.o(i.EXTI9_5_IRQHandler)
    HAL_CAN_ActivateNotification             0x080014bb   Thumb Code    42  stm32f4xx_hal_can.o(i.HAL_CAN_ActivateNotification)
    HAL_CAN_ConfigFilter                     0x080014e5   Thumb Code   286  stm32f4xx_hal_can.o(i.HAL_CAN_ConfigFilter)
    HAL_CAN_ErrorCallback                    0x08001609   Thumb Code     2  stm32f4xx_hal_can.o(i.HAL_CAN_ErrorCallback)
    HAL_CAN_GetRxMessage                     0x0800160b   Thumb Code   380  stm32f4xx_hal_can.o(i.HAL_CAN_GetRxMessage)
    HAL_CAN_IRQHandler                       0x08001787   Thumb Code   590  stm32f4xx_hal_can.o(i.HAL_CAN_IRQHandler)
    HAL_CAN_Init                             0x080019d5   Thumb Code   372  stm32f4xx_hal_can.o(i.HAL_CAN_Init)
    HAL_CAN_MspInit                          0x08001b49   Thumb Code   180  bsp_can_bus.o(i.HAL_CAN_MspInit)
    HAL_CAN_RxFifo0FullCallback              0x08001c09   Thumb Code    12  bsp_can_bus.o(i.HAL_CAN_RxFifo0FullCallback)
    HAL_CAN_RxFifo0MsgPendingCallback        0x08001c29   Thumb Code     2  bsp_can_bus.o(i.HAL_CAN_RxFifo0MsgPendingCallback)
    HAL_CAN_RxFifo1FullCallback              0x08001c2b   Thumb Code     2  stm32f4xx_hal_can.o(i.HAL_CAN_RxFifo1FullCallback)
    HAL_CAN_RxFifo1MsgPendingCallback        0x08001c2d   Thumb Code     2  stm32f4xx_hal_can.o(i.HAL_CAN_RxFifo1MsgPendingCallback)
    HAL_CAN_SleepCallback                    0x08001c2f   Thumb Code     2  stm32f4xx_hal_can.o(i.HAL_CAN_SleepCallback)
    HAL_CAN_Start                            0x08001c31   Thumb Code    94  stm32f4xx_hal_can.o(i.HAL_CAN_Start)
    HAL_CAN_TxMailbox0AbortCallback          0x08001c8f   Thumb Code     2  stm32f4xx_hal_can.o(i.HAL_CAN_TxMailbox0AbortCallback)
    HAL_CAN_TxMailbox0CompleteCallback       0x08001c91   Thumb Code     2  stm32f4xx_hal_can.o(i.HAL_CAN_TxMailbox0CompleteCallback)
    HAL_CAN_TxMailbox1AbortCallback          0x08001c93   Thumb Code     2  stm32f4xx_hal_can.o(i.HAL_CAN_TxMailbox1AbortCallback)
    HAL_CAN_TxMailbox1CompleteCallback       0x08001c95   Thumb Code     2  stm32f4xx_hal_can.o(i.HAL_CAN_TxMailbox1CompleteCallback)
    HAL_CAN_TxMailbox2AbortCallback          0x08001c97   Thumb Code     2  stm32f4xx_hal_can.o(i.HAL_CAN_TxMailbox2AbortCallback)
    HAL_CAN_TxMailbox2CompleteCallback       0x08001c99   Thumb Code     2  stm32f4xx_hal_can.o(i.HAL_CAN_TxMailbox2CompleteCallback)
    HAL_CAN_WakeUpFromRxMsgCallback          0x08001c9b   Thumb Code     2  stm32f4xx_hal_can.o(i.HAL_CAN_WakeUpFromRxMsgCallback)
    HAL_DMA_Abort_IT                         0x08001c9d   Thumb Code    40  stm32f4xx_hal_dma.o(i.HAL_DMA_Abort_IT)
    HAL_DMA_DeInit                           0x08001cc5   Thumb Code   112  stm32f4xx_hal_dma.o(i.HAL_DMA_DeInit)
    HAL_DMA_IRQHandler                       0x08001d35   Thumb Code   570  stm32f4xx_hal_dma.o(i.HAL_DMA_IRQHandler)
    HAL_DMA_Init                             0x08001f75   Thumb Code   232  stm32f4xx_hal_dma.o(i.HAL_DMA_Init)
    HAL_DMA_Start_IT                         0x08002061   Thumb Code   158  stm32f4xx_hal_dma.o(i.HAL_DMA_Start_IT)
    HAL_GPIO_EXTI_Callback                   0x080020ff   Thumb Code    14  bsp_spi_ads1256.o(i.HAL_GPIO_EXTI_Callback)
    HAL_GPIO_EXTI_IRQHandler                 0x0800210d   Thumb Code    24  stm32f4xx_hal_gpio.o(i.HAL_GPIO_EXTI_IRQHandler)
    HAL_GPIO_Init                            0x08002129   Thumb Code   466  stm32f4xx_hal_gpio.o(i.HAL_GPIO_Init)
    HAL_GPIO_WritePin                        0x08002329   Thumb Code    12  stm32f4xx_hal_gpio.o(i.HAL_GPIO_WritePin)
    HAL_GetREVID                             0x08002335   Thumb Code     8  stm32f4xx_hal.o(i.HAL_GetREVID)
    HAL_GetTick                              0x08002341   Thumb Code    64  stm32f4xx_hal_timebase_tim.o(i.HAL_GetTick)
    HAL_I2C_GetState                         0x0800238d   Thumb Code     8  stm32f4xx_hal_i2c.o(i.HAL_I2C_GetState)
    HAL_I2C_Init                             0x08002395   Thumb Code   422  stm32f4xx_hal_i2c.o(i.HAL_I2C_Init)
    HAL_I2C_IsDeviceReady                    0x0800254d   Thumb Code   410  stm32f4xx_hal_i2c.o(i.HAL_I2C_IsDeviceReady)
    HAL_I2C_Mem_Write                        0x080026f1   Thumb Code   348  stm32f4xx_hal_i2c.o(i.HAL_I2C_Mem_Write)
    HAL_I2C_MspInit                          0x08002855   Thumb Code   180  bsp_iic_bus.o(i.HAL_I2C_MspInit)
    HAL_Init                                 0x08002911   Thumb Code    44  stm32f4xx_hal.o(i.HAL_Init)
    HAL_InitTick                             0x08002941   Thumb Code     6  stm32f4xx_hal_timebase_tim.o(i.HAL_InitTick)
    HAL_MspInit                              0x08002947   Thumb Code     2  stm32f4xx_hal_msp.o(i.HAL_MspInit)
    HAL_NVIC_DisableIRQ                      0x08002949   Thumb Code    22  stm32f4xx_hal_cortex.o(i.HAL_NVIC_DisableIRQ)
    HAL_NVIC_EnableIRQ                       0x08002965   Thumb Code    26  stm32f4xx_hal_cortex.o(i.HAL_NVIC_EnableIRQ)
    HAL_NVIC_SetPriority                     0x0800297f   Thumb Code   124  stm32f4xx_hal_cortex.o(i.HAL_NVIC_SetPriority)
    HAL_NVIC_SetPriorityGrouping             0x080029fd   Thumb Code    32  stm32f4xx_hal_cortex.o(i.HAL_NVIC_SetPriorityGrouping)
    HAL_RCC_ClockConfig                      0x08002a25   Thumb Code   366  stm32f4xx_hal_rcc.o(i.HAL_RCC_ClockConfig)
    HAL_RCC_GetHCLKFreq                      0x08002ba5   Thumb Code     6  stm32f4xx_hal_rcc.o(i.HAL_RCC_GetHCLKFreq)
    HAL_RCC_GetPCLK1Freq                     0x08002bb1   Thumb Code    22  stm32f4xx_hal_rcc.o(i.HAL_RCC_GetPCLK1Freq)
    HAL_RCC_GetPCLK2Freq                     0x08002bd1   Thumb Code    22  stm32f4xx_hal_rcc.o(i.HAL_RCC_GetPCLK2Freq)
    HAL_RCC_GetSysClockFreq                  0x08002bf1   Thumb Code   162  stm32f4xx_hal_rcc.o(i.HAL_RCC_GetSysClockFreq)
    HAL_RCC_OscConfig                        0x08002ca1   Thumb Code  1086  stm32f4xx_hal_rcc.o(i.HAL_RCC_OscConfig)
    HAL_ResumeTick                           0x080030e9   Thumb Code    18  stm32f4xx_hal.o(i.HAL_ResumeTick)
    HAL_SPI_DeInit                           0x080030fb   Thumb Code    54  stm32f4xx_hal_spi.o(i.HAL_SPI_DeInit)
    HAL_SPI_ErrorCallback                    0x08003131   Thumb Code     8  bsp_spi_bus.o(i.HAL_SPI_ErrorCallback)
    HAL_SPI_IRQHandler                       0x0800313d   Thumb Code   342  stm32f4xx_hal_spi.o(i.HAL_SPI_IRQHandler)
    HAL_SPI_Init                             0x08003299   Thumb Code   160  stm32f4xx_hal_spi.o(i.HAL_SPI_Init)
    HAL_SPI_MspDeInit                        0x08003339   Thumb Code     2  stm32f4xx_hal_spi.o(i.HAL_SPI_MspDeInit)
    HAL_SPI_MspInit                          0x0800333d   Thumb Code   690  bsp_spi_bus.o(i.HAL_SPI_MspInit)
    HAL_SPI_RxCpltCallback                   0x0800365d   Thumb Code     2  stm32f4xx_hal_spi.o(i.HAL_SPI_RxCpltCallback)
    HAL_SPI_RxHalfCpltCallback               0x0800365f   Thumb Code     2  stm32f4xx_hal_spi.o(i.HAL_SPI_RxHalfCpltCallback)
    HAL_SPI_TransmitReceive_DMA              0x08003661   Thumb Code   378  stm32f4xx_hal_spi.o(i.HAL_SPI_TransmitReceive_DMA)
    HAL_SPI_TxRxCpltCallback                 0x080037f1   Thumb Code     8  bsp_spi_bus.o(i.HAL_SPI_TxRxCpltCallback)
    HAL_SPI_TxRxHalfCpltCallback             0x080037fd   Thumb Code     2  stm32f4xx_hal_spi.o(i.HAL_SPI_TxRxHalfCpltCallback)
    HAL_SuspendTick                          0x080037ff   Thumb Code    18  stm32f4xx_hal.o(i.HAL_SuspendTick)
    HAL_TIMEx_BreakCallback                  0x08003811   Thumb Code     2  stm32f4xx_hal_tim_ex.o(i.HAL_TIMEx_BreakCallback)
    HAL_TIMEx_CommutCallback                 0x08003813   Thumb Code     2  stm32f4xx_hal_tim_ex.o(i.HAL_TIMEx_CommutCallback)
    HAL_TIMEx_MasterConfigSynchronization    0x08003815   Thumb Code    84  stm32f4xx_hal_tim_ex.o(i.HAL_TIMEx_MasterConfigSynchronization)
    HAL_TIM_Base_Init                        0x08003869   Thumb Code    52  stm32f4xx_hal_tim.o(i.HAL_TIM_Base_Init)
    HAL_TIM_Base_MspInit                     0x0800389d   Thumb Code   124  bsp_rotation_sensor.o(i.HAL_TIM_Base_MspInit)
    HAL_TIM_Base_Start                       0x08003921   Thumb Code    42  stm32f4xx_hal_tim.o(i.HAL_TIM_Base_Start)
    HAL_TIM_ConfigClockSource                0x0800394b   Thumb Code   264  stm32f4xx_hal_tim.o(i.HAL_TIM_ConfigClockSource)
    HAL_TIM_ErrorCallback                    0x08003a53   Thumb Code     2  stm32f4xx_hal_tim.o(i.HAL_TIM_ErrorCallback)
    HAL_TIM_IC_CaptureCallback               0x08003a55   Thumb Code     2  stm32f4xx_hal_tim.o(i.HAL_TIM_IC_CaptureCallback)
    HAL_TIM_IRQHandler                       0x08003a57   Thumb Code   406  stm32f4xx_hal_tim.o(i.HAL_TIM_IRQHandler)
    HAL_TIM_OC_DelayElapsedCallback          0x08003bed   Thumb Code     2  stm32f4xx_hal_tim.o(i.HAL_TIM_OC_DelayElapsedCallback)
    HAL_TIM_PWM_ConfigChannel                0x08003bef   Thumb Code   264  stm32f4xx_hal_tim.o(i.HAL_TIM_PWM_ConfigChannel)
    HAL_TIM_PWM_DeInit                       0x08003cf7   Thumb Code    70  stm32f4xx_hal_tim.o(i.HAL_TIM_PWM_DeInit)
    HAL_TIM_PWM_Init                         0x08003d3d   Thumb Code    52  stm32f4xx_hal_tim.o(i.HAL_TIM_PWM_Init)
    HAL_TIM_PWM_MspDeInit                    0x08003d71   Thumb Code     2  stm32f4xx_hal_tim.o(i.HAL_TIM_PWM_MspDeInit)
    HAL_TIM_PWM_MspInit                      0x08003d73   Thumb Code     2  stm32f4xx_hal_tim.o(i.HAL_TIM_PWM_MspInit)
    HAL_TIM_PWM_PulseFinishedCallback        0x08003d75   Thumb Code    14  bsp_tim_pwm.o(i.HAL_TIM_PWM_PulseFinishedCallback)
    HAL_TIM_PWM_PulseFinishedHalfCpltCallback 0x08003d89   Thumb Code     2  stm32f4xx_hal_tim.o(i.HAL_TIM_PWM_PulseFinishedHalfCpltCallback)
    HAL_TIM_PWM_Start                        0x08003d8d   Thumb Code    80  stm32f4xx_hal_tim.o(i.HAL_TIM_PWM_Start)
    HAL_TIM_PWM_Start_DMA                    0x08003de5   Thumb Code   356  stm32f4xx_hal_tim.o(i.HAL_TIM_PWM_Start_DMA)
    HAL_TIM_PWM_Stop_DMA                     0x08003f5d   Thumb Code   226  stm32f4xx_hal_tim.o(i.HAL_TIM_PWM_Stop_DMA)
    HAL_TIM_PeriodElapsedCallback            0x08004049   Thumb Code    12  bsp_rotation_sensor.o(i.HAL_TIM_PeriodElapsedCallback)
    HAL_TIM_TriggerCallback                  0x08004059   Thumb Code     2  stm32f4xx_hal_tim.o(i.HAL_TIM_TriggerCallback)
    HAL_UART_Init                            0x0800405b   Thumb Code   114  stm32f4xx_hal_uart.o(i.HAL_UART_Init)
    HAL_UART_MspInit                         0x080040cd   Thumb Code     2  stm32f4xx_hal_uart.o(i.HAL_UART_MspInit)
    HardFault_Handler                        0x080040cf   Thumb Code     4  stm32f4xx_it.o(i.HardFault_Handler)
    I2C_EE_ByteWrite1                        0x080040d5   Thumb Code    80  main.o(i.I2C_EE_ByteWrite1)
    LCD_Clear                                0x08004601   Thumb Code    42  bsp_lcd.o(i.LCD_Clear)
    LCD_Fast_DrawPoint                       0x08004635   Thumb Code   260  bsp_lcd.o(i.LCD_Fast_DrawPoint)
    LCD_SetCursor                            0x08004741   Thumb Code    84  bsp_lcd.o(i.LCD_SetCursor)
    LCD_ShowChar                             0x08004799   Thumb Code   288  bsp_lcd.o(i.LCD_ShowChar)
    LCD_ShowString                           0x080048d5   Thumb Code   102  bsp_lcd.o(i.LCD_ShowString)
    LCD_WR_DATA                              0x0800493d   Thumb Code    18  bsp_lcd.o(i.LCD_WR_DATA)
    LCD_WR_REG                               0x08004955   Thumb Code    18  bsp_lcd.o(i.LCD_WR_REG)
    LCD_WriteRAM_Prepare                     0x0800496d   Thumb Code    10  bsp_lcd.o(i.LCD_WriteRAM_Prepare)
    Load_Drow_Dialog                         0x08004981   Thumb Code    52  main.o(i.Load_Drow_Dialog)
    MX_DMA_Init                              0x080049c1   Thumb Code   172  bsp_tim_pwm.o(i.MX_DMA_Init)
    MemManage_Handler                        0x08004acd   Thumb Code     4  stm32f4xx_it.o(i.MemManage_Handler)
    NMI_Handler                              0x08004ad1   Thumb Code     2  stm32f4xx_it.o(i.NMI_Handler)
    SPI1_IRQHandler                          0x08004b4d   Thumb Code    10  bsp_spi_bus.o(i.SPI1_IRQHandler)
    SVC_Handler                              0x08004e1b   Thumb Code     2  stm32f4xx_it.o(i.SVC_Handler)
    Stm32_Clock_Init                         0x08004e1d   Thumb Code   190  sys.o(i.Stm32_Clock_Init)
    SysTick_ISR                              0x08004ee9   Thumb Code   168  ticktim.o(i.SysTick_ISR)
    SystemInit                               0x08004fa1   Thumb Code    82  system_stm32f4xx.o(i.SystemInit)
    TIM2_IRQHandler                          0x08005005   Thumb Code    44  bsp_rotation_sensor.o(i.TIM2_IRQHandler)
    TIM3_IRQHandler                          0x08005035   Thumb Code    10  bsp_tim_pwm.o(i.TIM3_IRQHandler)
    TIM_Base_SetConfig                       0x08005045   Thumb Code   170  stm32f4xx_hal_tim.o(i.TIM_Base_SetConfig)
    TIM_CCxChannelCmd                        0x0800511d   Thumb Code    34  stm32f4xx_hal_tim.o(i.TIM_CCxChannelCmd)
    TIM_DMADelayPulseCplt                    0x0800513f   Thumb Code    70  stm32f4xx_hal_tim.o(i.TIM_DMADelayPulseCplt)
    TIM_DMADelayPulseHalfCplt                0x08005185   Thumb Code    70  stm32f4xx_hal_tim.o(i.TIM_DMADelayPulseHalfCplt)
    TIM_DMAError                             0x080051cb   Thumb Code    20  stm32f4xx_hal_tim.o(i.TIM_DMAError)
    TIM_ETR_SetConfig                        0x080051df   Thumb Code    22  stm32f4xx_hal_tim.o(i.TIM_ETR_SetConfig)
    TIM_OC2_SetConfig                        0x08005279   Thumb Code   114  stm32f4xx_hal_tim.o(i.TIM_OC2_SetConfig)
    TimerCallback                            0x0800540f   Thumb Code     2  main.o(i.TimerCallback)
    USART1_IRQHandler                        0x08005779   Thumb Code    10  bsp_usart_fifo.o(i.USART1_IRQHandler)
    UsageFault_Handler                       0x08005951   Thumb Code     4  stm32f4xx_it.o(i.UsageFault_Handler)
    __0printf                                0x08005955   Thumb Code    22  printfa.o(i.__0printf)
    __1printf                                0x08005955   Thumb Code     0  printfa.o(i.__0printf)
    __2printf                                0x08005955   Thumb Code     0  printfa.o(i.__0printf)
    __c89printf                              0x08005955   Thumb Code     0  printfa.o(i.__0printf)
    printf                                   0x08005955   Thumb Code     0  printfa.o(i.__0printf)
    __0vsnprintf                             0x08005975   Thumb Code    46  printfa.o(i.__0vsnprintf)
    __1vsnprintf                             0x08005975   Thumb Code     0  printfa.o(i.__0vsnprintf)
    __2vsnprintf                             0x08005975   Thumb Code     0  printfa.o(i.__0vsnprintf)
    __c89vsnprintf                           0x08005975   Thumb Code     0  printfa.o(i.__0vsnprintf)
    vsnprintf                                0x08005975   Thumb Code     0  printfa.o(i.__0vsnprintf)
    __scatterload_copy                       0x080059a9   Thumb Code    14  handlers.o(i.__scatterload_copy)
    __scatterload_null                       0x080059b7   Thumb Code     2  handlers.o(i.__scatterload_null)
    __scatterload_zeroinit                   0x080059b9   Thumb Code    14  handlers.o(i.__scatterload_zeroinit)
    _tx_initialize_high_level                0x0800626d   Thumb Code    62  tx_initialize_high_level.o(i._tx_initialize_high_level)
    _tx_initialize_kernel_enter              0x080062dd   Thumb Code    66  tx_initialize_kernel_enter.o(i._tx_initialize_kernel_enter)
    _tx_mutex_cleanup                        0x0800632d   Thumb Code   152  tx_mutex_cleanup.o(i._tx_mutex_cleanup)
    _tx_mutex_create                         0x080063cd   Thumb Code    98  tx_mutex_create.o(i._tx_mutex_create)
    _tx_mutex_get                            0x08006445   Thumb Code   312  tx_mutex_get.o(i._tx_mutex_get)
    _tx_mutex_prioritize                     0x08006589   Thumb Code   236  tx_mutex_prioritize.o(i._tx_mutex_prioritize)
    _tx_mutex_priority_change                0x08006679   Thumb Code   248  tx_mutex_priority_change.o(i._tx_mutex_priority_change)
    _tx_mutex_put                            0x08006781   Thumb Code   630  tx_mutex_put.o(i._tx_mutex_put)
    _tx_mutex_thread_release                 0x08006a01   Thumb Code    80  tx_mutex_cleanup.o(i._tx_mutex_thread_release)
    _tx_thread_create                        0x08006a55   Thumb Code   342  tx_thread_create.o(i._tx_thread_create)
    _tx_thread_initialize                    0x08006bcd   Thumb Code    72  tx_thread_initialize.o(i._tx_thread_initialize)
    _tx_thread_shell_entry                   0x08006c45   Thumb Code   120  tx_thread_shell_entry.o(i._tx_thread_shell_entry)
    _tx_thread_sleep                         0x08006cc9   Thumb Code   138  tx_thread_sleep.o(i._tx_thread_sleep)
    _tx_thread_stack_analyze                 0x08006d65   Thumb Code   132  tx_thread_stack_analyze.o(i._tx_thread_stack_analyze)
    _tx_thread_stack_error_handler           0x08006ded   Thumb Code    34  tx_thread_stack_error_handler.o(i._tx_thread_stack_error_handler)
    _tx_thread_system_preempt_check          0x08006e15   Thumb Code   158  tx_thread_system_preempt_check.o(i._tx_thread_system_preempt_check)
    _tx_thread_system_resume                 0x08006ec5   Thumb Code   728  tx_thread_system_resume.o(i._tx_thread_system_resume)
    _tx_thread_system_suspend                0x08007229   Thumb Code   722  tx_thread_system_suspend.o(i._tx_thread_system_suspend)
    _tx_thread_time_slice                    0x08007521   Thumb Code   352  tx_thread_time_slice.o(i._tx_thread_time_slice)
    _tx_thread_timeout                       0x0800769d   Thumb Code    68  tx_thread_timeout.o(i._tx_thread_timeout)
    _tx_time_get                             0x080076e5   Thumb Code    20  tx_time_get.o(i._tx_time_get)
    _tx_timer_create                         0x080076fd   Thumb Code   124  tx_timer_create.o(i._tx_timer_create)
    _tx_timer_expiration_process             0x08007785   Thumb Code    34  tx_timer_expiration_process.o(i._tx_timer_expiration_process)
    _tx_timer_initialize                     0x080077b1   Thumb Code   140  tx_timer_initialize.o(i._tx_timer_initialize)
    _tx_timer_system_activate                0x08007899   Thumb Code    84  tx_timer_system_activate.o(i._tx_timer_system_activate)
    _tx_timer_system_deactivate              0x080078f9   Thumb Code    46  tx_timer_system_deactivate.o(i._tx_timer_system_deactivate)
    _tx_timer_thread_entry                   0x08007929   Thumb Code   320  tx_timer_thread_entry.o(i._tx_timer_thread_entry)
    _txe_mutex_create                        0x08007a89   Thumb Code   224  txe_mutex_create.o(i._txe_mutex_create)
    _txe_mutex_get                           0x08007b81   Thumb Code   120  txe_mutex_get.o(i._txe_mutex_get)
    _txe_mutex_put                           0x08007c09   Thumb Code    74  txe_mutex_put.o(i._txe_mutex_put)
    _txe_thread_create                       0x08007c5d   Thumb Code   370  txe_thread_create.o(i._txe_thread_create)
    _txe_timer_create                        0x08007de9   Thumb Code   248  txe_timer_create.o(i._txe_timer_create)
    bsp_ConfigGpioOut                        0x08007ef9   Thumb Code    40  bsp_tim_pwm.o(i.bsp_ConfigGpioOut)
    bsp_ConfigTimGpio                        0x08007f21   Thumb Code    56  bsp_tim_pwm.o(i.bsp_ConfigTimGpio)
    bsp_DelayUS                              0x08007f59   Thumb Code    36  bsp_dwt.o(i.bsp_DelayUS)
    bsp_GetAFofTIM                           0x08008059   Thumb Code   140  bsp_tim_pwm.o(i.bsp_GetAFofTIM)
    bsp_GetKey                               0x08008161   Thumb Code    46  bsp_key.o(i.bsp_GetKey)
    bsp_I2C_EE_Init                          0x08008195   Thumb Code     8  bsp_iic_bus.o(i.bsp_I2C_EE_Init)
    bsp_InitCan1Bus                          0x0800819d   Thumb Code   206  bsp_can_bus.o(i.bsp_InitCan1Bus)
    bsp_InitDWT                              0x08008275   Thumb Code    30  bsp_dwt.o(i.bsp_InitDWT)
    bsp_InitKey                              0x0800829d   Thumb Code    12  bsp_key.o(i.bsp_InitKey)
    bsp_InitLed                              0x0800838d   Thumb Code    90  bsp_led.o(i.bsp_InitLed)
    bsp_InitRotationSensor                   0x080083f1   Thumb Code   164  bsp_rotation_sensor.o(i.bsp_InitRotationSensor)
    bsp_InitSFlash                           0x080084f5   Thumb Code    68  bsp_spi_flash.o(i.bsp_InitSFlash)
    bsp_InitSPI1Bus                          0x08008541   Thumb Code    20  bsp_spi_bus.o(i.bsp_InitSPI1Bus)
    bsp_InitSPI1Param                        0x08008559   Thumb Code   146  bsp_spi_bus.o(i.bsp_InitSPI1Param)
    bsp_InitSPI2Bus                          0x0800864d   Thumb Code    14  bsp_spi_bus.o(i.bsp_InitSPI2Bus)
    bsp_InitSPI2Param                        0x0800865d   Thumb Code   110  bsp_spi_bus.o(i.bsp_InitSPI2Param)
    bsp_InitTimer                            0x0800871d   Thumb Code    70  ticktim.o(i.bsp_InitTimer)
    bsp_InitUart                             0x0800876d   Thumb Code    12  bsp_usart_fifo.o(i.bsp_InitUart)
    bsp_InitWs2812b                          0x08008779   Thumb Code    26  bsp_ws2812b.o(i.bsp_InitWs2812b)
    bsp_Key_Scan10ms                         0x080087a1   Thumb Code    22  bsp_key.o(i.bsp_Key_Scan10ms)
    bsp_LedOff                               0x080087b9   Thumb Code    28  bsp_led.o(i.bsp_LedOff)
    bsp_LedOn                                0x080087d9   Thumb Code    28  bsp_led.o(i.bsp_LedOn)
    bsp_LedToggle                            0x080087f9   Thumb Code    36  bsp_led.o(i.bsp_LedToggle)
    bsp_PutKey                               0x08008821   Thumb Code    28  bsp_key.o(i.bsp_PutKey)
    bsp_RCC_GPIO_Enable                      0x08008841   Thumb Code   346  bsp_tim_pwm.o(i.bsp_RCC_GPIO_Enable)
    bsp_RCC_TIM_Enable                       0x080089c5   Thumb Code   584  bsp_tim_pwm.o(i.bsp_RCC_TIM_Enable)
    bsp_RunPer10ms                           0x08008c95   Thumb Code     8  main.o(i.bsp_RunPer10ms)
    bsp_RunPer1ms                            0x08008c9d   Thumb Code     2  ticktim.o(i.bsp_RunPer1ms)
    bsp_RunPer50ms                           0x08008c9f   Thumb Code     2  ticktim.o(i.bsp_RunPer50ms)
    bsp_SetTIMOutPWM                         0x08008ccd   Thumb Code   522  bsp_tim_pwm.o(i.bsp_SetTIMOutPWM)
    bsp_SetUartParam                         0x08008f51   Thumb Code    54  bsp_usart_fifo.o(i.bsp_SetUartParam)
    bsp_Spi1BusEnter                         0x08008ffd   Thumb Code     8  bsp_spi_bus.o(i.bsp_Spi1BusEnter)
    bsp_Spi1BusExit                          0x08009009   Thumb Code     8  bsp_spi_bus.o(i.bsp_Spi1BusExit)
    bsp_spi1Transfer                         0x08009015   Thumb Code    64  bsp_spi_bus.o(i.bsp_spi1Transfer)
    comSendBuf                               0x080090b5   Thumb Code    46  bsp_usart_fifo.o(i.comSendBuf)
    comSendChar                              0x080090e3   Thumb Code    16  bsp_usart_fifo.o(i.comSendChar)
    fputc                                    0x080090f3   Thumb Code    18  bsp_usart_fifo.o(i.fputc)
    main                                     0x08009105   Thumb Code    30  main.o(i.main)
    sf_ReadID                                0x08009125   Thumb Code    62  bsp_spi_flash.o(i.sf_ReadID)
    sf_ReadInfo                              0x08009171   Thumb Code   202  bsp_spi_flash.o(i.sf_ReadInfo)
    sf_SetCS                                 0x0800929d   Thumb Code    44  bsp_spi_flash.o(i.sf_SetCS)
    tx_application_define                    0x080092cd   Thumb Code   124  main.o(i.tx_application_define)
    AHBPrescTable                            0x0800939c   Data          16  system_stm32f4xx.o(.constdata)
    APBPrescTable                            0x080093ac   Data           8  system_stm32f4xx.o(.constdata)
    asc2_1206_lcd                            0x080093e2   Data        1140  bsp_font.o(.constdata)
    asc2_1608_lcd                            0x08009856   Data        1520  bsp_font.o(.constdata)
    asc2_2412_lcd                            0x08009e46   Data        3420  bsp_font.o(.constdata)
    asc2_3216_lcd                            0x0800aba2   Data       12160  bsp_font.o(.constdata)
    EventRecorderInfo                        0x0800db2c   Data          24  eventrecorder.o(.constdata)
    Region$$Table$$Base                      0x0800db44   Number         0  anon$$obj.o(Region$$Table)
    Region$$Table$$Limit                     0x0800db64   Number         0  anon$$obj.o(Region$$Table)
    OSStatRdy                                0x20000000   Data           1  main.o(.data)
    OSIdleCtr                                0x20000004   Data           4  main.o(.data)
    OSCPUUsage                               0x20000008   Data           4  main.o(.data)
    OSIdleCtrMax                             0x2000000c   Data           4  main.o(.data)
    OSIdleCtrRun                             0x20000010   Data           4  main.o(.data)
    SystemCoreClock                          0x20000014   Data           4  system_stm32f4xx.o(.data)
    g_iRunTime                               0x20000018   Data           4  ticktim.o(.data)
    g_spiLen                                 0x2000002c   Data           4  bsp_spi_bus.o(.data)
    g_spi_busy                               0x20000030   Data           1  bsp_spi_bus.o(.data)
    wTransferState                           0x20000034   Data           4  bsp_spi_bus.o(.data)
    POINT_COLOR                              0x20000468   Data           4  bsp_lcd.o(.data)
    BACK_COLOR                               0x2000046c   Data           4  bsp_lcd.o(.data)
    _tx_semaphore_created_ptr                0x20000470   Data           4  tx_initialize_high_level.o(.data)
    _tx_semaphore_created_count              0x20000474   Data           4  tx_initialize_high_level.o(.data)
    _tx_queue_created_ptr                    0x20000478   Data           4  tx_initialize_high_level.o(.data)
    _tx_queue_created_count                  0x2000047c   Data           4  tx_initialize_high_level.o(.data)
    _tx_event_flags_created_ptr              0x20000480   Data           4  tx_initialize_high_level.o(.data)
    _tx_event_flags_created_count            0x20000484   Data           4  tx_initialize_high_level.o(.data)
    _tx_mutex_created_ptr                    0x20000488   Data           4  tx_initialize_high_level.o(.data)
    _tx_mutex_created_count                  0x2000048c   Data           4  tx_initialize_high_level.o(.data)
    _tx_block_pool_created_ptr               0x20000490   Data           4  tx_initialize_high_level.o(.data)
    _tx_block_pool_created_count             0x20000494   Data           4  tx_initialize_high_level.o(.data)
    _tx_byte_pool_created_ptr                0x20000498   Data           4  tx_initialize_high_level.o(.data)
    _tx_byte_pool_created_count              0x2000049c   Data           4  tx_initialize_high_level.o(.data)
    _tx_initialize_unused_memory             0x200004a0   Data           4  tx_initialize_high_level.o(.data)
    _tx_version_id                           0x200004a4   Data          97  tx_thread_initialize.o(.data)
    _tx_thread_system_stack_ptr              0x20000508   Data           4  tx_thread_initialize.o(.data)
    _tx_thread_current_ptr                   0x2000050c   Data           4  tx_thread_initialize.o(.data)
    _tx_thread_execute_ptr                   0x20000510   Data           4  tx_thread_initialize.o(.data)
    _tx_thread_created_ptr                   0x20000514   Data           4  tx_thread_initialize.o(.data)
    _tx_thread_created_count                 0x20000518   Data           4  tx_thread_initialize.o(.data)
    _tx_thread_system_state                  0x2000051c   Data           4  tx_thread_initialize.o(.data)
    _tx_thread_priority_maps                 0x20000520   Data           4  tx_thread_initialize.o(.data)
    _tx_thread_preempted_maps                0x20000524   Data           4  tx_thread_initialize.o(.data)
    _tx_thread_highest_priority              0x20000528   Data           4  tx_thread_initialize.o(.data)
    _tx_thread_preempt_disable               0x2000052c   Data           4  tx_thread_initialize.o(.data)
    _tx_thread_mutex_release                 0x20000530   Data           4  tx_thread_initialize.o(.data)
    _tx_build_options                        0x20000534   Data           4  tx_thread_initialize.o(.data)
    _tx_thread_application_stack_error_handler 0x20000538   Data           4  tx_thread_initialize.o(.data)
    _tx_timer_system_clock                   0x2000053c   Data           4  tx_timer_initialize.o(.data)
    _tx_timer_expired_time_slice             0x20000540   Data           4  tx_timer_initialize.o(.data)
    _tx_timer_list_start                     0x20000544   Data           4  tx_timer_initialize.o(.data)
    _tx_timer_list_end                       0x20000548   Data           4  tx_timer_initialize.o(.data)
    _tx_timer_current_ptr                    0x2000054c   Data           4  tx_timer_initialize.o(.data)
    _tx_timer_expired                        0x20000550   Data           4  tx_timer_initialize.o(.data)
    _tx_timer_created_ptr                    0x20000554   Data           4  tx_timer_initialize.o(.data)
    _tx_timer_created_count                  0x20000558   Data           4  tx_timer_initialize.o(.data)
    _tx_timer_expired_timer_ptr              0x2000055c   Data           4  tx_timer_initialize.o(.data)
    _tx_timer_stack_start                    0x20000560   Data           4  tx_timer_initialize.o(.data)
    _tx_timer_stack_size                     0x20000564   Data           4  tx_timer_initialize.o(.data)
    _tx_timer_priority                       0x20000568   Data           4  tx_timer_initialize.o(.data)
    _tx_timer_time_slice                     0x2000056c   Data           4  tx_timer_initialize.o(.data)
    __stdout                                 0x20000570   Data           4  stdout.o(.data)
    AppTimer                                 0x20002680   Data          44  main.o(.bss)
    g_spiTxBuf                               0x200030e8   Data        4096  bsp_spi_bus.o(.bss)
    g_spiRxBuf                               0x200040e8   Data        4096  bsp_spi_bus.o(.bss)
    g_tSF                                    0x200050e8   Data          28  bsp_spi_flash.o(.bss)
    iic_handle                               0x20005104   Data          84  bsp_iic_bus.o(.bss)
    hCAN                                     0x20005158   Data          40  bsp_can_bus.o(.bss)
    g_TimHandle                              0x200051fc   Data          64  bsp_tim_pwm.o(.bss)
    g_tADS1256                               0x2000527c   Data          40  bsp_spi_ads1256.o(.bss)
    TFTSRAM_Handler                          0x200052a4   Data          80  bsp_lcd.o(.bss)
    lcddev                                   0x200052f4   Data          14  bsp_lcd.o(.bss)
    _tx_thread_priority_list                 0x20005304   Data         128  tx_thread_initialize.o(.bss)
    _tx_timer_list                           0x20005384   Data         128  tx_timer_initialize.o(.bss)
    _tx_timer_thread                         0x20005404   Data         180  tx_timer_initialize.o(.bss)
    _tx_timer_thread_stack_area              0x200054b8   Data        1024  tx_timer_initialize.o(.bss)
    __initial_sp                             0x200068b8   Data           0  startup_stm32f407xx.o(STACK)



==============================================================================

Memory Map of the image

  Image Entry point : 0x08000189

  Load Region LR_IROM1 (Base: 0x08000000, Size: 0x0000e0d8, Max: 0x00100000, ABSOLUTE, COMPRESSED[0x0000dbe4])

    Execution Region ER_IROM1 (Exec base: 0x08000000, Load base: 0x08000000, Size: 0x0000db64, Max: 0x00100000, ABSOLUTE)

    Exec Addr    Load Addr    Size         Type   Attr      Idx    E Section Name        Object

    0x08000000   0x08000000   0x00000188   Data   RO         2324    RESET               startup_stm32f407xx.o
    0x08000188   0x08000188   0x00000000   Code   RO        10226  * .ARM.Collect$$$$00000000  mc_w.l(entry.o)
    0x08000188   0x08000188   0x00000004   Code   RO        10540    .ARM.Collect$$$$00000001  mc_w.l(entry2.o)
    0x0800018c   0x0800018c   0x00000004   Code   RO        10543    .ARM.Collect$$$$00000004  mc_w.l(entry5.o)
    0x08000190   0x08000190   0x00000000   Code   RO        10545    .ARM.Collect$$$$00000008  mc_w.l(entry7b.o)
    0x08000190   0x08000190   0x00000000   Code   RO        10547    .ARM.Collect$$$$0000000A  mc_w.l(entry8b.o)
    0x08000190   0x08000190   0x00000008   Code   RO        10548    .ARM.Collect$$$$0000000B  mc_w.l(entry9a.o)
    0x08000198   0x08000198   0x00000004   Code   RO        10555    .ARM.Collect$$$$0000000E  mc_w.l(entry12b.o)
    0x0800019c   0x0800019c   0x00000000   Code   RO        10550    .ARM.Collect$$$$0000000F  mc_w.l(entry10a.o)
    0x0800019c   0x0800019c   0x00000000   Code   RO        10552    .ARM.Collect$$$$00000011  mc_w.l(entry11a.o)
    0x0800019c   0x0800019c   0x00000004   Code   RO        10541    .ARM.Collect$$$$00002712  mc_w.l(entry2.o)
    0x080001a0   0x080001a0   0x00000024   Code   RO         2325    .text               startup_stm32f407xx.o
    0x080001c4   0x080001c4   0x00000078   Code   RO         6535    .text               tx_initialize_low_level.o
    0x0800023c   0x0800023c   0x00000008   Code   RO         6538    .text               tx_thread_context_restore.o
    0x08000244   0x08000244   0x00000004   Code   RO         6541    .text               tx_thread_context_save.o
    0x08000248   0x08000248   0x000000d4   Code   RO         6553    .text               tx_thread_schedule.o
    0x0800031c   0x0800031c   0x00000040   Code   RO         6556    .text               tx_thread_stack_build.o
    0x0800035c   0x0800035c   0x000000e8   Code   RO         6562    .text               tx_timer_interrupt.o
    0x08000444   0x08000444   0x00000062   Code   RO        10235    .text               mc_w.l(uldiv.o)
    0x080004a6   0x080004a6   0x00000024   Code   RO        10239    .text               mc_w.l(memseta.o)
    0x080004ca   0x080004ca   0x00000012   Code   RO        10245    .text               mc_w.l(strcpy.o)
    0x080004dc   0x080004dc   0x0000002c   Code   RO        10556    .text               mc_w.l(uidiv.o)
    0x08000508   0x08000508   0x0000001e   Code   RO        10558    .text               mc_w.l(llshl.o)
    0x08000526   0x08000526   0x00000020   Code   RO        10560    .text               mc_w.l(llushr.o)
    0x08000546   0x08000546   0x00000000   Code   RO        10564    .text               mc_w.l(iusefp.o)
    0x08000546   0x08000546   0x0000014e   Code   RO        10565    .text               mf_w.l(dadd.o)
    0x08000694   0x08000694   0x000000e4   Code   RO        10567    .text               mf_w.l(dmul.o)
    0x08000778   0x08000778   0x000000de   Code   RO        10569    .text               mf_w.l(ddiv.o)
    0x08000856   0x08000856   0x00000030   Code   RO        10571    .text               mf_w.l(dfixul.o)
    0x08000886   0x08000886   0x00000002   PAD
    0x08000888   0x08000888   0x00000030   Code   RO        10573    .text               mf_w.l(cdrcmple.o)
    0x080008b8   0x080008b8   0x00000024   Code   RO        10575    .text               mc_w.l(init.o)
    0x080008dc   0x080008dc   0x00000024   Code   RO        10577    .text               mc_w.l(llsshr.o)
    0x08000900   0x08000900   0x000000ba   Code   RO        10579    .text               mf_w.l(depilogue.o)
    0x080009ba   0x080009ba   0x00000056   Code   RO        10589    .text               mc_w.l(__dczerorl2.o)
    0x08000a10   0x08000a10   0x00000088   Code   RO         1772    i.ADS1256_CfgADC    bsp_spi_ads1256.o
    0x08000a98   0x08000a98   0x0000000a   Code   RO         1773    i.ADS1256_DelayDATA  bsp_spi_ads1256.o
    0x08000aa2   0x08000aa2   0x0000001e   Code   RO         1774    i.ADS1256_DelaySCLK  bsp_spi_ads1256.o
    0x08000ac0   0x08000ac0   0x00000070   Code   RO         1776    i.ADS1256_ISR       bsp_spi_ads1256.o
    0x08000b30   0x08000b30   0x00000012   Code   RO         1778    i.ADS1256_ReadChipID  bsp_spi_ads1256.o
    0x08000b42   0x08000b42   0x00000002   PAD
    0x08000b44   0x08000b44   0x00000044   Code   RO         1779    i.ADS1256_ReadData  bsp_spi_ads1256.o
    0x08000b88   0x08000b88   0x00000034   Code   RO         1780    i.ADS1256_ReadReg   bsp_spi_ads1256.o
    0x08000bbc   0x08000bbc   0x00000044   Code   RO         1781    i.ADS1256_Recive8Bit  bsp_spi_ads1256.o
    0x08000c00   0x08000c00   0x00000024   Code   RO         1782    i.ADS1256_ResetHard  bsp_spi_ads1256.o
    0x08000c24   0x08000c24   0x00000054   Code   RO         1783    i.ADS1256_Send8Bit  bsp_spi_ads1256.o
    0x08000c78   0x08000c78   0x0000001c   Code   RO         1784    i.ADS1256_SetChannal  bsp_spi_ads1256.o
    0x08000c94   0x08000c94   0x0000007c   Code   RO         1786    i.ADS1256_StartScan  bsp_spi_ads1256.o
    0x08000d10   0x08000d10   0x0000000a   Code   RO         1787    i.ADS1256_StopScan  bsp_spi_ads1256.o
    0x08000d1a   0x08000d1a   0x00000002   PAD
    0x08000d1c   0x08000d1c   0x00000058   Code   RO         1788    i.ADS1256_WaitDRDY  bsp_spi_ads1256.o
    0x08000d74   0x08000d74   0x00000020   Code   RO         1789    i.ADS1256_WriteCmd  bsp_spi_ads1256.o
    0x08000d94   0x08000d94   0x00000030   Code   RO         1790    i.ADS1256_WriteReg  bsp_spi_ads1256.o
    0x08000dc4   0x08000dc4   0x00000054   Code   RO            4    i.AppObjCreate      main.o
    0x08000e18   0x08000e18   0x0000003c   Code   RO            5    i.AppTaskCOM        main.o
    0x08000e54   0x08000e54   0x00000114   Code   RO            6    i.AppTaskCreate     main.o
    0x08000f68   0x08000f68   0x00000020   Code   RO            7    i.AppTaskIDLE       main.o
    0x08000f88   0x08000f88   0x00000078   Code   RO            8    i.AppTaskREADADC    main.o
    0x08001000   0x08001000   0x00000070   Code   RO            9    i.AppTaskStart      main.o
    0x08001070   0x08001070   0x0000009c   Code   RO           10    i.AppTaskStat       main.o
    0x0800110c   0x0800110c   0x000000dc   Code   RO           11    i.AppTaskTFTLCD     main.o
    0x080011e8   0x080011e8   0x0000009c   Code   RO           12    i.AppTaskUserIF     main.o
    0x08001284   0x08001284   0x00000040   Code   RO           13    i.App_Printf        main.o
    0x080012c4   0x080012c4   0x00000004   Code   RO          500    i.BusFault_Handler  stm32f4xx_it.o
    0x080012c8   0x080012c8   0x00000024   Code   RO         1465    i.CAN1_RX0_IRQHandler  bsp_can_bus.o
    0x080012ec   0x080012ec   0x00000088   Code   RO          826    i.ComToUart         bsp_usart_fifo.o
    0x08001374   0x08001374   0x00000010   Code   RO         1540    i.DMA1_Stream4_IRQHandler  bsp_tim_pwm.o
    0x08001384   0x08001384   0x00000010   Code   RO         1015    i.DMA2_Stream0_IRQHandler  bsp_spi_bus.o
    0x08001394   0x08001394   0x00000010   Code   RO         1016    i.DMA2_Stream3_IRQHandler  bsp_spi_bus.o
    0x080013a4   0x080013a4   0x00000034   Code   RO         2715    i.DMA_CalcBaseAndBitshift  stm32f4xx_hal_dma.o
    0x080013d8   0x080013d8   0x000000aa   Code   RO         2716    i.DMA_CheckFifoParam  stm32f4xx_hal_dma.o
    0x08001482   0x08001482   0x0000002c   Code   RO         2717    i.DMA_SetConfig     stm32f4xx_hal_dma.o
    0x080014ae   0x080014ae   0x00000002   Code   RO          501    i.DebugMon_Handler  stm32f4xx_it.o
    0x080014b0   0x080014b0   0x0000000a   Code   RO         1791    i.EXTI9_5_IRQHandler  bsp_spi_ads1256.o
    0x080014ba   0x080014ba   0x0000002a   Code   RO         4696    i.HAL_CAN_ActivateNotification  stm32f4xx_hal_can.o
    0x080014e4   0x080014e4   0x00000124   Code   RO         4698    i.HAL_CAN_ConfigFilter  stm32f4xx_hal_can.o
    0x08001608   0x08001608   0x00000002   Code   RO         4701    i.HAL_CAN_ErrorCallback  stm32f4xx_hal_can.o
    0x0800160a   0x0800160a   0x0000017c   Code   RO         4704    i.HAL_CAN_GetRxMessage  stm32f4xx_hal_can.o
    0x08001786   0x08001786   0x0000024e   Code   RO         4708    i.HAL_CAN_IRQHandler  stm32f4xx_hal_can.o
    0x080019d4   0x080019d4   0x00000174   Code   RO         4709    i.HAL_CAN_Init      stm32f4xx_hal_can.o
    0x08001b48   0x08001b48   0x000000c0   Code   RO         1467    i.HAL_CAN_MspInit   bsp_can_bus.o
    0x08001c08   0x08001c08   0x00000020   Code   RO         1468    i.HAL_CAN_RxFifo0FullCallback  bsp_can_bus.o
    0x08001c28   0x08001c28   0x00000002   Code   RO         1469    i.HAL_CAN_RxFifo0MsgPendingCallback  bsp_can_bus.o
    0x08001c2a   0x08001c2a   0x00000002   Code   RO         4718    i.HAL_CAN_RxFifo1FullCallback  stm32f4xx_hal_can.o
    0x08001c2c   0x08001c2c   0x00000002   Code   RO         4719    i.HAL_CAN_RxFifo1MsgPendingCallback  stm32f4xx_hal_can.o
    0x08001c2e   0x08001c2e   0x00000002   Code   RO         4720    i.HAL_CAN_SleepCallback  stm32f4xx_hal_can.o
    0x08001c30   0x08001c30   0x0000005e   Code   RO         4721    i.HAL_CAN_Start     stm32f4xx_hal_can.o
    0x08001c8e   0x08001c8e   0x00000002   Code   RO         4723    i.HAL_CAN_TxMailbox0AbortCallback  stm32f4xx_hal_can.o
    0x08001c90   0x08001c90   0x00000002   Code   RO         4724    i.HAL_CAN_TxMailbox0CompleteCallback  stm32f4xx_hal_can.o
    0x08001c92   0x08001c92   0x00000002   Code   RO         4725    i.HAL_CAN_TxMailbox1AbortCallback  stm32f4xx_hal_can.o
    0x08001c94   0x08001c94   0x00000002   Code   RO         4726    i.HAL_CAN_TxMailbox1CompleteCallback  stm32f4xx_hal_can.o
    0x08001c96   0x08001c96   0x00000002   Code   RO         4727    i.HAL_CAN_TxMailbox2AbortCallback  stm32f4xx_hal_can.o
    0x08001c98   0x08001c98   0x00000002   Code   RO         4728    i.HAL_CAN_TxMailbox2CompleteCallback  stm32f4xx_hal_can.o
    0x08001c9a   0x08001c9a   0x00000002   Code   RO         4730    i.HAL_CAN_WakeUpFromRxMsgCallback  stm32f4xx_hal_can.o
    0x08001c9c   0x08001c9c   0x00000028   Code   RO         2719    i.HAL_DMA_Abort_IT  stm32f4xx_hal_dma.o
    0x08001cc4   0x08001cc4   0x00000070   Code   RO         2720    i.HAL_DMA_DeInit    stm32f4xx_hal_dma.o
    0x08001d34   0x08001d34   0x00000240   Code   RO         2723    i.HAL_DMA_IRQHandler  stm32f4xx_hal_dma.o
    0x08001f74   0x08001f74   0x000000ec   Code   RO         2724    i.HAL_DMA_Init      stm32f4xx_hal_dma.o
    0x08002060   0x08002060   0x0000009e   Code   RO         2728    i.HAL_DMA_Start_IT  stm32f4xx_hal_dma.o
    0x080020fe   0x080020fe   0x0000000e   Code   RO         1792    i.HAL_GPIO_EXTI_Callback  bsp_spi_ads1256.o
    0x0800210c   0x0800210c   0x0000001c   Code   RO         2841    i.HAL_GPIO_EXTI_IRQHandler  stm32f4xx_hal_gpio.o
    0x08002128   0x08002128   0x00000200   Code   RO         2842    i.HAL_GPIO_Init     stm32f4xx_hal_gpio.o
    0x08002328   0x08002328   0x0000000c   Code   RO         2846    i.HAL_GPIO_WritePin  stm32f4xx_hal_gpio.o
    0x08002334   0x08002334   0x0000000c   Code   RO         2344    i.HAL_GetREVID      stm32f4xx_hal.o
    0x08002340   0x08002340   0x0000004c   Code   RO         1316    i.HAL_GetTick       stm32f4xx_hal_timebase_tim.o
    0x0800238c   0x0800238c   0x00000008   Code   RO         4225    i.HAL_I2C_GetState  stm32f4xx_hal_i2c.o
    0x08002394   0x08002394   0x000001b8   Code   RO         4226    i.HAL_I2C_Init      stm32f4xx_hal_i2c.o
    0x0800254c   0x0800254c   0x000001a4   Code   RO         4227    i.HAL_I2C_IsDeviceReady  stm32f4xx_hal_i2c.o
    0x080026f0   0x080026f0   0x00000164   Code   RO         4247    i.HAL_I2C_Mem_Write  stm32f4xx_hal_i2c.o
    0x08002854   0x08002854   0x000000bc   Code   RO         1244    i.HAL_I2C_MspInit   bsp_iic_bus.o
    0x08002910   0x08002910   0x00000030   Code   RO         2352    i.HAL_Init          stm32f4xx_hal.o
    0x08002940   0x08002940   0x00000006   Code   RO         1317    i.HAL_InitTick      stm32f4xx_hal_timebase_tim.o
    0x08002946   0x08002946   0x00000002   Code   RO          468    i.HAL_MspInit       stm32f4xx_hal_msp.o
    0x08002948   0x08002948   0x0000001c   Code   RO         2519    i.HAL_NVIC_DisableIRQ  stm32f4xx_hal_cortex.o
    0x08002964   0x08002964   0x0000001a   Code   RO         2520    i.HAL_NVIC_EnableIRQ  stm32f4xx_hal_cortex.o
    0x0800297e   0x0800297e   0x0000007c   Code   RO         2526    i.HAL_NVIC_SetPriority  stm32f4xx_hal_cortex.o
    0x080029fa   0x080029fa   0x00000002   PAD
    0x080029fc   0x080029fc   0x00000028   Code   RO         2527    i.HAL_NVIC_SetPriorityGrouping  stm32f4xx_hal_cortex.o
    0x08002a24   0x08002a24   0x00000180   Code   RO         3718    i.HAL_RCC_ClockConfig  stm32f4xx_hal_rcc.o
    0x08002ba4   0x08002ba4   0x0000000c   Code   RO         3723    i.HAL_RCC_GetHCLKFreq  stm32f4xx_hal_rcc.o
    0x08002bb0   0x08002bb0   0x00000020   Code   RO         3725    i.HAL_RCC_GetPCLK1Freq  stm32f4xx_hal_rcc.o
    0x08002bd0   0x08002bd0   0x00000020   Code   RO         3726    i.HAL_RCC_GetPCLK2Freq  stm32f4xx_hal_rcc.o
    0x08002bf0   0x08002bf0   0x000000b0   Code   RO         3727    i.HAL_RCC_GetSysClockFreq  stm32f4xx_hal_rcc.o
    0x08002ca0   0x08002ca0   0x00000448   Code   RO         3730    i.HAL_RCC_OscConfig  stm32f4xx_hal_rcc.o
    0x080030e8   0x080030e8   0x00000012   Code   RO         2356    i.HAL_ResumeTick    stm32f4xx_hal.o
    0x080030fa   0x080030fa   0x00000036   Code   RO         3879    i.HAL_SPI_DeInit    stm32f4xx_hal_spi.o
    0x08003130   0x08003130   0x0000000c   Code   RO         1017    i.HAL_SPI_ErrorCallback  bsp_spi_bus.o
    0x0800313c   0x0800313c   0x0000015c   Code   RO         3883    i.HAL_SPI_IRQHandler  stm32f4xx_hal_spi.o
    0x08003298   0x08003298   0x000000a0   Code   RO         3884    i.HAL_SPI_Init      stm32f4xx_hal_spi.o
    0x08003338   0x08003338   0x00000002   Code   RO         3885    i.HAL_SPI_MspDeInit  stm32f4xx_hal_spi.o
    0x0800333a   0x0800333a   0x00000002   PAD
    0x0800333c   0x0800333c   0x00000320   Code   RO         1018    i.HAL_SPI_MspInit   bsp_spi_bus.o
    0x0800365c   0x0800365c   0x00000002   Code   RO         3890    i.HAL_SPI_RxCpltCallback  stm32f4xx_hal_spi.o
    0x0800365e   0x0800365e   0x00000002   Code   RO         3891    i.HAL_SPI_RxHalfCpltCallback  stm32f4xx_hal_spi.o
    0x08003660   0x08003660   0x00000190   Code   RO         3894    i.HAL_SPI_TransmitReceive_DMA  stm32f4xx_hal_spi.o
    0x080037f0   0x080037f0   0x0000000c   Code   RO         1019    i.HAL_SPI_TxRxCpltCallback  bsp_spi_bus.o
    0x080037fc   0x080037fc   0x00000002   Code   RO         3901    i.HAL_SPI_TxRxHalfCpltCallback  stm32f4xx_hal_spi.o
    0x080037fe   0x080037fe   0x00000012   Code   RO         2358    i.HAL_SuspendTick   stm32f4xx_hal.o
    0x08003810   0x08003810   0x00000002   Code   RO         5617    i.HAL_TIMEx_BreakCallback  stm32f4xx_hal_tim_ex.o
    0x08003812   0x08003812   0x00000002   Code   RO         5618    i.HAL_TIMEx_CommutCallback  stm32f4xx_hal_tim_ex.o
    0x08003814   0x08003814   0x00000054   Code   RO         5635    i.HAL_TIMEx_MasterConfigSynchronization  stm32f4xx_hal_tim_ex.o
    0x08003868   0x08003868   0x00000034   Code   RO         4931    i.HAL_TIM_Base_Init  stm32f4xx_hal_tim.o
    0x0800389c   0x0800389c   0x00000084   Code   RO         1716    i.HAL_TIM_Base_MspInit  bsp_rotation_sensor.o
    0x08003920   0x08003920   0x0000002a   Code   RO         4934    i.HAL_TIM_Base_Start  stm32f4xx_hal_tim.o
    0x0800394a   0x0800394a   0x00000108   Code   RO         4940    i.HAL_TIM_ConfigClockSource  stm32f4xx_hal_tim.o
    0x08003a52   0x08003a52   0x00000002   Code   RO         4958    i.HAL_TIM_ErrorCallback  stm32f4xx_hal_tim.o
    0x08003a54   0x08003a54   0x00000002   Code   RO         4960    i.HAL_TIM_IC_CaptureCallback  stm32f4xx_hal_tim.o
    0x08003a56   0x08003a56   0x00000196   Code   RO         4974    i.HAL_TIM_IRQHandler  stm32f4xx_hal_tim.o
    0x08003bec   0x08003bec   0x00000002   Code   RO         4977    i.HAL_TIM_OC_DelayElapsedCallback  stm32f4xx_hal_tim.o
    0x08003bee   0x08003bee   0x00000108   Code   RO         4998    i.HAL_TIM_PWM_ConfigChannel  stm32f4xx_hal_tim.o
    0x08003cf6   0x08003cf6   0x00000046   Code   RO         4999    i.HAL_TIM_PWM_DeInit  stm32f4xx_hal_tim.o
    0x08003d3c   0x08003d3c   0x00000034   Code   RO         5001    i.HAL_TIM_PWM_Init  stm32f4xx_hal_tim.o
    0x08003d70   0x08003d70   0x00000002   Code   RO         5002    i.HAL_TIM_PWM_MspDeInit  stm32f4xx_hal_tim.o
    0x08003d72   0x08003d72   0x00000002   Code   RO         5003    i.HAL_TIM_PWM_MspInit  stm32f4xx_hal_tim.o
    0x08003d74   0x08003d74   0x00000014   Code   RO         1541    i.HAL_TIM_PWM_PulseFinishedCallback  bsp_tim_pwm.o
    0x08003d88   0x08003d88   0x00000002   Code   RO         5005    i.HAL_TIM_PWM_PulseFinishedHalfCpltCallback  stm32f4xx_hal_tim.o
    0x08003d8a   0x08003d8a   0x00000002   PAD
    0x08003d8c   0x08003d8c   0x00000058   Code   RO         5006    i.HAL_TIM_PWM_Start  stm32f4xx_hal_tim.o
    0x08003de4   0x08003de4   0x00000178   Code   RO         5007    i.HAL_TIM_PWM_Start_DMA  stm32f4xx_hal_tim.o
    0x08003f5c   0x08003f5c   0x000000ec   Code   RO         5010    i.HAL_TIM_PWM_Stop_DMA  stm32f4xx_hal_tim.o
    0x08004048   0x08004048   0x00000010   Code   RO         1717    i.HAL_TIM_PeriodElapsedCallback  bsp_rotation_sensor.o
    0x08004058   0x08004058   0x00000002   Code   RO         5017    i.HAL_TIM_TriggerCallback  stm32f4xx_hal_tim.o
    0x0800405a   0x0800405a   0x00000072   Code   RO         3104    i.HAL_UART_Init     stm32f4xx_hal_uart.o
    0x080040cc   0x080040cc   0x00000002   Code   RO         3106    i.HAL_UART_MspInit  stm32f4xx_hal_uart.o
    0x080040ce   0x080040ce   0x00000004   Code   RO          502    i.HardFault_Handler  stm32f4xx_it.o
    0x080040d2   0x080040d2   0x00000002   PAD
    0x080040d4   0x080040d4   0x00000054   Code   RO           15    i.I2C_EE_ByteWrite1  main.o
    0x08004128   0x08004128   0x0000003e   Code   RO         4269    i.I2C_IsAcknowledgeFailed  stm32f4xx_hal_i2c.o
    0x08004166   0x08004166   0x00000002   PAD
    0x08004168   0x08004168   0x0000003c   Code   RO         1249    i.I2C_Mode_Config   bsp_iic_bus.o
    0x080041a4   0x080041a4   0x000000cc   Code   RO         4280    i.I2C_RequestMemoryWrite  stm32f4xx_hal_i2c.o
    0x08004270   0x08004270   0x0000005c   Code   RO         4288    i.I2C_WaitOnBTFFlagUntilTimeout  stm32f4xx_hal_i2c.o
    0x080042cc   0x080042cc   0x00000086   Code   RO         4289    i.I2C_WaitOnFlagUntilTimeout  stm32f4xx_hal_i2c.o
    0x08004352   0x08004352   0x000000c4   Code   RO         4290    i.I2C_WaitOnMasterAddressFlagUntilTimeout  stm32f4xx_hal_i2c.o
    0x08004416   0x08004416   0x0000005c   Code   RO         4293    i.I2C_WaitOnTXEFlagUntilTimeout  stm32f4xx_hal_i2c.o
    0x08004472   0x08004472   0x00000002   PAD
    0x08004474   0x08004474   0x000000e4   Code   RO          827    i.InitHardUart      bsp_usart_fifo.o
    0x08004558   0x08004558   0x0000005a   Code   RO          935    i.IsKeyDownFunc     bsp_key.o
    0x080045b2   0x080045b2   0x00000002   PAD
    0x080045b4   0x080045b4   0x0000004c   Code   RO          936    i.KeyPinActive      bsp_key.o
    0x08004600   0x08004600   0x00000034   Code   RO         1925    i.LCD_Clear         bsp_lcd.o
    0x08004634   0x08004634   0x0000010c   Code   RO         1930    i.LCD_Fast_DrawPoint  bsp_lcd.o
    0x08004740   0x08004740   0x00000058   Code   RO         1936    i.LCD_SetCursor     bsp_lcd.o
    0x08004798   0x08004798   0x0000013c   Code   RO         1937    i.LCD_ShowChar      bsp_lcd.o
    0x080048d4   0x080048d4   0x00000066   Code   RO         1938    i.LCD_ShowString    bsp_lcd.o
    0x0800493a   0x0800493a   0x00000002   PAD
    0x0800493c   0x0800493c   0x00000018   Code   RO         1939    i.LCD_WR_DATA       bsp_lcd.o
    0x08004954   0x08004954   0x00000018   Code   RO         1940    i.LCD_WR_REG        bsp_lcd.o
    0x0800496c   0x0800496c   0x00000014   Code   RO         1942    i.LCD_WriteRAM_Prepare  bsp_lcd.o
    0x08004980   0x08004980   0x00000040   Code   RO           16    i.Load_Drow_Dialog  main.o
    0x080049c0   0x080049c0   0x0000010c   Code   RO         1542    i.MX_DMA_Init       bsp_tim_pwm.o
    0x08004acc   0x08004acc   0x00000004   Code   RO          503    i.MemManage_Handler  stm32f4xx_it.o
    0x08004ad0   0x08004ad0   0x00000002   Code   RO          504    i.NMI_Handler       stm32f4xx_it.o
    0x08004ad2   0x08004ad2   0x00000002   PAD
    0x08004ad4   0x08004ad4   0x00000010   Code   RO         2533    i.NVIC_GetPriorityGrouping  stm32f4xx_hal_cortex.o
    0x08004ae4   0x08004ae4   0x00000028   Code   RO         2534    i.NVIC_SetPriority  stm32f4xx_hal_cortex.o
    0x08004b0c   0x08004b0c   0x00000040   Code   RO           17    i.OSStatInit        main.o
    0x08004b4c   0x08004b4c   0x00000010   Code   RO         1020    i.SPI1_IRQHandler   bsp_spi_bus.o
    0x08004b5c   0x08004b5c   0x00000014   Code   RO         3913    i.SPI_DMAAbortOnError  stm32f4xx_hal_spi.o
    0x08004b70   0x08004b70   0x00000028   Code   RO         3914    i.SPI_DMAError      stm32f4xx_hal_spi.o
    0x08004b98   0x08004b98   0x0000000e   Code   RO         3915    i.SPI_DMAHalfReceiveCplt  stm32f4xx_hal_spi.o
    0x08004ba6   0x08004ba6   0x0000000e   Code   RO         3917    i.SPI_DMAHalfTransmitReceiveCplt  stm32f4xx_hal_spi.o
    0x08004bb4   0x08004bb4   0x000000a2   Code   RO         3918    i.SPI_DMAReceiveCplt  stm32f4xx_hal_spi.o
    0x08004c56   0x08004c56   0x000000a8   Code   RO         3921    i.SPI_DMATransmitReceiveCplt  stm32f4xx_hal_spi.o
    0x08004cfe   0x08004cfe   0x0000004c   Code   RO         3923    i.SPI_EndRxTransaction  stm32f4xx_hal_spi.o
    0x08004d4a   0x08004d4a   0x00000028   Code   RO         3924    i.SPI_EndRxTxTransaction  stm32f4xx_hal_spi.o
    0x08004d72   0x08004d72   0x000000a8   Code   RO         3931    i.SPI_WaitFlagStateUntilTimeout  stm32f4xx_hal_spi.o
    0x08004e1a   0x08004e1a   0x00000002   Code   RO          505    i.SVC_Handler       stm32f4xx_it.o
    0x08004e1c   0x08004e1c   0x000000cc   Code   RO          692    i.Stm32_Clock_Init  sys.o
    0x08004ee8   0x08004ee8   0x000000b8   Code   RO          731    i.SysTick_ISR       ticktim.o
    0x08004fa0   0x08004fa0   0x00000064   Code   RO          567    i.SystemInit        system_stm32f4xx.o
    0x08005004   0x08005004   0x00000030   Code   RO         1719    i.TIM2_IRQHandler   bsp_rotation_sensor.o
    0x08005034   0x08005034   0x00000010   Code   RO         1543    i.TIM3_IRQHandler   bsp_tim_pwm.o
    0x08005044   0x08005044   0x000000d8   Code   RO         5019    i.TIM_Base_SetConfig  stm32f4xx_hal_tim.o
    0x0800511c   0x0800511c   0x00000022   Code   RO         5020    i.TIM_CCxChannelCmd  stm32f4xx_hal_tim.o
    0x0800513e   0x0800513e   0x00000046   Code   RO         5023    i.TIM_DMADelayPulseCplt  stm32f4xx_hal_tim.o
    0x08005184   0x08005184   0x00000046   Code   RO         5024    i.TIM_DMADelayPulseHalfCplt  stm32f4xx_hal_tim.o
    0x080051ca   0x080051ca   0x00000014   Code   RO         5025    i.TIM_DMAError      stm32f4xx_hal_tim.o
    0x080051de   0x080051de   0x00000016   Code   RO         5030    i.TIM_ETR_SetConfig  stm32f4xx_hal_tim.o
    0x080051f4   0x080051f4   0x00000012   Code   RO         5031    i.TIM_ITRx_SetConfig  stm32f4xx_hal_tim.o
    0x08005206   0x08005206   0x00000002   PAD
    0x08005208   0x08005208   0x00000070   Code   RO         5032    i.TIM_OC1_SetConfig  stm32f4xx_hal_tim.o
    0x08005278   0x08005278   0x0000007c   Code   RO         5033    i.TIM_OC2_SetConfig  stm32f4xx_hal_tim.o
    0x080052f4   0x080052f4   0x00000078   Code   RO         5034    i.TIM_OC3_SetConfig  stm32f4xx_hal_tim.o
    0x0800536c   0x0800536c   0x00000054   Code   RO         5035    i.TIM_OC4_SetConfig  stm32f4xx_hal_tim.o
    0x080053c0   0x080053c0   0x00000026   Code   RO         5037    i.TIM_TI1_ConfigInputStage  stm32f4xx_hal_tim.o
    0x080053e6   0x080053e6   0x00000028   Code   RO         5039    i.TIM_TI2_ConfigInputStage  stm32f4xx_hal_tim.o
    0x0800540e   0x0800540e   0x00000002   Code   RO           18    i.TimerCallback     main.o
    0x08005410   0x08005410   0x00000368   Code   RO         3131    i.UART_SetConfig    stm32f4xx_hal_uart.o
    0x08005778   0x08005778   0x00000010   Code   RO          828    i.USART1_IRQHandler  bsp_usart_fifo.o
    0x08005788   0x08005788   0x000000f6   Code   RO          830    i.UartIRQ           bsp_usart_fifo.o
    0x0800587e   0x0800587e   0x00000092   Code   RO          831    i.UartSend          bsp_usart_fifo.o
    0x08005910   0x08005910   0x00000040   Code   RO          832    i.UartVarInit       bsp_usart_fifo.o
    0x08005950   0x08005950   0x00000004   Code   RO          506    i.UsageFault_Handler  stm32f4xx_it.o
    0x08005954   0x08005954   0x00000020   Code   RO        10482    i.__0printf         mc_w.l(printfa.o)
    0x08005974   0x08005974   0x00000034   Code   RO        10487    i.__0vsnprintf      mc_w.l(printfa.o)
    0x080059a8   0x080059a8   0x0000000e   Code   RO        10583    i.__scatterload_copy  mc_w.l(handlers.o)
    0x080059b6   0x080059b6   0x00000002   Code   RO        10584    i.__scatterload_null  mc_w.l(handlers.o)
    0x080059b8   0x080059b8   0x0000000e   Code   RO        10585    i.__scatterload_zeroinit  mc_w.l(handlers.o)
    0x080059c6   0x080059c6   0x00000006   Code   RO          833    i.__set_PRIMASK     bsp_usart_fifo.o
    0x080059cc   0x080059cc   0x00000184   Code   RO        10489    i._fp_digits        mc_w.l(printfa.o)
    0x08005b50   0x08005b50   0x000006b4   Code   RO        10490    i._printf_core      mc_w.l(printfa.o)
    0x08006204   0x08006204   0x00000024   Code   RO        10491    i._printf_post_padding  mc_w.l(printfa.o)
    0x08006228   0x08006228   0x0000002e   Code   RO        10492    i._printf_pre_padding  mc_w.l(printfa.o)
    0x08006256   0x08006256   0x00000016   Code   RO        10493    i._snputc           mc_w.l(printfa.o)
    0x0800626c   0x0800626c   0x00000070   Code   RO         7124    i._tx_initialize_high_level  tx_initialize_high_level.o
    0x080062dc   0x080062dc   0x00000050   Code   RO         7169    i._tx_initialize_kernel_enter  tx_initialize_kernel_enter.o
    0x0800632c   0x0800632c   0x000000a0   Code   RO         7442    i._tx_mutex_cleanup  tx_mutex_cleanup.o
    0x080063cc   0x080063cc   0x00000078   Code   RO         7469    i._tx_mutex_create  tx_mutex_create.o
    0x08006444   0x08006444   0x00000144   Code   RO         7503    i._tx_mutex_get     tx_mutex_get.o
    0x08006588   0x08006588   0x000000f0   Code   RO         7588    i._tx_mutex_prioritize  tx_mutex_prioritize.o
    0x08006678   0x08006678   0x00000108   Code   RO         7605    i._tx_mutex_priority_change  tx_mutex_priority_change.o
    0x08006780   0x08006780   0x00000280   Code   RO         7622    i._tx_mutex_put     tx_mutex_put.o
    0x08006a00   0x08006a00   0x00000054   Code   RO         7443    i._tx_mutex_thread_release  tx_mutex_cleanup.o
    0x08006a54   0x08006a54   0x00000178   Code   RO         8072    i._tx_thread_create  tx_thread_create.o
    0x08006bcc   0x08006bcc   0x00000078   Code   RO         8157    i._tx_thread_initialize  tx_thread_initialize.o
    0x08006c44   0x08006c44   0x00000084   Code   RO         8307    i._tx_thread_shell_entry  tx_thread_shell_entry.o
    0x08006cc8   0x08006cc8   0x0000009c   Code   RO         8324    i._tx_thread_sleep  tx_thread_sleep.o
    0x08006d64   0x08006d64   0x00000088   Code   RO         8341    i._tx_thread_stack_analyze  tx_thread_stack_analyze.o
    0x08006dec   0x08006dec   0x00000028   Code   RO         8358    i._tx_thread_stack_error_handler  tx_thread_stack_error_handler.o
    0x08006e14   0x08006e14   0x000000b0   Code   RO         8409    i._tx_thread_system_preempt_check  tx_thread_system_preempt_check.o
    0x08006ec4   0x08006ec4   0x000002f8   Code   RO         8426    i._tx_thread_system_resume  tx_thread_system_resume.o
    0x080071bc   0x080071bc   0x00000024   Code   RO         8410    i._tx_thread_system_return_inline  tx_thread_system_preempt_check.o
    0x080071e0   0x080071e0   0x00000024   Code   RO         8427    i._tx_thread_system_return_inline  tx_thread_system_resume.o
    0x08007204   0x08007204   0x00000024   Code   RO         8443    i._tx_thread_system_return_inline  tx_thread_system_suspend.o
    0x08007228   0x08007228   0x000002f8   Code   RO         8444    i._tx_thread_system_suspend  tx_thread_system_suspend.o
    0x08007520   0x08007520   0x0000017c   Code   RO         8478    i._tx_thread_time_slice  tx_thread_time_slice.o
    0x0800769c   0x0800769c   0x00000048   Code   RO         8512    i._tx_thread_timeout  tx_thread_timeout.o
    0x080076e4   0x080076e4   0x00000018   Code   RO         8546    i._tx_time_get      tx_time_get.o
    0x080076fc   0x080076fc   0x00000088   Code   RO         8614    i._tx_timer_create  tx_timer_create.o
    0x08007784   0x08007784   0x0000002c   Code   RO         8665    i._tx_timer_expiration_process  tx_timer_expiration_process.o
    0x080077b0   0x080077b0   0x000000e8   Code   RO         8699    i._tx_timer_initialize  tx_timer_initialize.o
    0x08007898   0x08007898   0x00000060   Code   RO         8757    i._tx_timer_system_activate  tx_timer_system_activate.o
    0x080078f8   0x080078f8   0x0000002e   Code   RO         8774    i._tx_timer_system_deactivate  tx_timer_system_deactivate.o
    0x08007926   0x08007926   0x00000002   PAD
    0x08007928   0x08007928   0x00000160   Code   RO         8791    i._tx_timer_thread_entry  tx_timer_thread_entry.o
    0x08007a88   0x08007a88   0x000000f8   Code   RO         9318    i._txe_mutex_create  txe_mutex_create.o
    0x08007b80   0x08007b80   0x00000088   Code   RO         9352    i._txe_mutex_get    txe_mutex_get.o
    0x08007c08   0x08007c08   0x00000054   Code   RO         9403    i._txe_mutex_put    txe_mutex_put.o
    0x08007c5c   0x08007c5c   0x0000018c   Code   RO         9709    i._txe_thread_create  txe_thread_create.o
    0x08007de8   0x08007de8   0x00000110   Code   RO         9964    i._txe_timer_create  txe_timer_create.o
    0x08007ef8   0x08007ef8   0x00000028   Code   RO         1545    i.bsp_ConfigGpioOut  bsp_tim_pwm.o
    0x08007f20   0x08007f20   0x00000038   Code   RO         1546    i.bsp_ConfigTimGpio  bsp_tim_pwm.o
    0x08007f58   0x08007f58   0x00000030   Code   RO         1368    i.bsp_DelayUS       bsp_dwt.o
    0x08007f88   0x08007f88   0x000000d0   Code   RO          938    i.bsp_DetectKey     bsp_key.o
    0x08008058   0x08008058   0x00000108   Code   RO         1547    i.bsp_GetAFofTIM    bsp_tim_pwm.o
    0x08008160   0x08008160   0x00000034   Code   RO          939    i.bsp_GetKey        bsp_key.o
    0x08008194   0x08008194   0x00000008   Code   RO         1251    i.bsp_I2C_EE_Init   bsp_iic_bus.o
    0x0800819c   0x0800819c   0x000000d8   Code   RO         1473    i.bsp_InitCan1Bus   bsp_can_bus.o
    0x08008274   0x08008274   0x00000028   Code   RO         1369    i.bsp_InitDWT       bsp_dwt.o
    0x0800829c   0x0800829c   0x0000000c   Code   RO          940    i.bsp_InitKey       bsp_key.o
    0x080082a8   0x080082a8   0x0000007c   Code   RO          941    i.bsp_InitKeyHard   bsp_key.o
    0x08008324   0x08008324   0x00000068   Code   RO          942    i.bsp_InitKeyVar    bsp_key.o
    0x0800838c   0x0800838c   0x00000064   Code   RO         1413    i.bsp_InitLed       bsp_led.o
    0x080083f0   0x080083f0   0x00000104   Code   RO         1721    i.bsp_InitRotationSensor  bsp_rotation_sensor.o
    0x080084f4   0x080084f4   0x0000004c   Code   RO         1135    i.bsp_InitSFlash    bsp_spi_flash.o
    0x08008540   0x08008540   0x00000018   Code   RO         1021    i.bsp_InitSPI1Bus   bsp_spi_bus.o
    0x08008558   0x08008558   0x000000f4   Code   RO         1022    i.bsp_InitSPI1Param  bsp_spi_bus.o
    0x0800864c   0x0800864c   0x0000000e   Code   RO         1023    i.bsp_InitSPI2Bus   bsp_spi_bus.o
    0x0800865a   0x0800865a   0x00000002   PAD
    0x0800865c   0x0800865c   0x000000c0   Code   RO         1024    i.bsp_InitSPI2Param  bsp_spi_bus.o
    0x0800871c   0x0800871c   0x00000050   Code   RO          735    i.bsp_InitTimer     ticktim.o
    0x0800876c   0x0800876c   0x0000000c   Code   RO          835    i.bsp_InitUart      bsp_usart_fifo.o
    0x08008778   0x08008778   0x00000028   Code   RO         1651    i.bsp_InitWs2812b   bsp_ws2812b.o
    0x080087a0   0x080087a0   0x00000016   Code   RO          943    i.bsp_Key_Scan10ms  bsp_key.o
    0x080087b6   0x080087b6   0x00000002   PAD
    0x080087b8   0x080087b8   0x00000020   Code   RO         1415    i.bsp_LedOff        bsp_led.o
    0x080087d8   0x080087d8   0x00000020   Code   RO         1416    i.bsp_LedOn         bsp_led.o
    0x080087f8   0x080087f8   0x00000028   Code   RO         1417    i.bsp_LedToggle     bsp_led.o
    0x08008820   0x08008820   0x00000020   Code   RO          944    i.bsp_PutKey        bsp_key.o
    0x08008840   0x08008840   0x00000184   Code   RO         1548    i.bsp_RCC_GPIO_Enable  bsp_tim_pwm.o
    0x080089c4   0x080089c4   0x000002d0   Code   RO         1550    i.bsp_RCC_TIM_Enable  bsp_tim_pwm.o
    0x08008c94   0x08008c94   0x00000008   Code   RO           20    i.bsp_RunPer10ms    main.o
    0x08008c9c   0x08008c9c   0x00000002   Code   RO          737    i.bsp_RunPer1ms     ticktim.o
    0x08008c9e   0x08008c9e   0x00000002   Code   RO          738    i.bsp_RunPer50ms    ticktim.o
    0x08008ca0   0x08008ca0   0x0000002c   Code   RO          945    i.bsp_SetKeyParam   bsp_key.o
    0x08008ccc   0x08008ccc   0x00000284   Code   RO         1551    i.bsp_SetTIMOutPWM  bsp_tim_pwm.o
    0x08008f50   0x08008f50   0x00000090   Code   RO          836    i.bsp_SetUartParam  bsp_usart_fifo.o
    0x08008fe0   0x08008fe0   0x0000001c   Code   RO          739    i.bsp_SoftTimerDec  ticktim.o
    0x08008ffc   0x08008ffc   0x0000000c   Code   RO         1025    i.bsp_Spi1BusEnter  bsp_spi_bus.o
    0x08009008   0x08009008   0x0000000c   Code   RO         1026    i.bsp_Spi1BusExit   bsp_spi_bus.o
    0x08009014   0x08009014   0x000000a0   Code   RO         1028    i.bsp_spi1Transfer  bsp_spi_bus.o
    0x080090b4   0x080090b4   0x0000002e   Code   RO          838    i.comSendBuf        bsp_usart_fifo.o
    0x080090e2   0x080090e2   0x00000010   Code   RO          839    i.comSendChar       bsp_usart_fifo.o
    0x080090f2   0x080090f2   0x00000012   Code   RO          841    i.fputc             bsp_usart_fifo.o
    0x08009104   0x08009104   0x0000001e   Code   RO           25    i.main              main.o
    0x08009122   0x08009122   0x00000002   PAD
    0x08009124   0x08009124   0x0000004c   Code   RO         1143    i.sf_ReadID         bsp_spi_flash.o
    0x08009170   0x08009170   0x0000012c   Code   RO         1144    i.sf_ReadInfo       bsp_spi_flash.o
    0x0800929c   0x0800929c   0x00000030   Code   RO         1145    i.sf_SetCS          bsp_spi_flash.o
    0x080092cc   0x080092cc   0x000000d0   Code   RO           26    i.tx_application_define  main.o
    0x0800939c   0x0800939c   0x00000018   Data   RO          568    .constdata          system_stm32f4xx.o
    0x080093b4   0x080093b4   0x00000010   Data   RO          947    .constdata          bsp_key.o
    0x080093c4   0x080093c4   0x0000000e   Data   RO         1554    .constdata          bsp_tim_pwm.o
    0x080093d2   0x080093d2   0x00000010   Data   RO         1796    .constdata          bsp_spi_ads1256.o
    0x080093e2   0x080093e2   0x00004740   Data   RO         2092    .constdata          bsp_font.o
    0x0800db22   0x0800db22   0x00000008   Data   RO         2730    .constdata          stm32f4xx_hal_dma.o
    0x0800db2a   0x0800db2a   0x00000002   PAD
    0x0800db2c   0x0800db2c   0x00000018   Data   RO        10054    .constdata          eventrecorder.o
    0x0800db44   0x0800db44   0x00000020   Data   RO        10581    Region$$Table       anon$$obj.o


    Execution Region RW_IRAM1 (Exec base: 0x20000000, Load base: 0x0800db64, Size: 0x000068b8, Max: 0x00010000, ABSOLUTE, COMPRESSED[0x00000080])

    Exec Addr    Load Addr    Size         Type   Attr      Idx    E Section Name        Object

    0x20000000   COMPRESSED   0x00000014   Data   RW           30    .data               main.o
    0x20000014   COMPRESSED   0x00000004   Data   RW          569    .data               system_stm32f4xx.o
    0x20000018   COMPRESSED   0x00000007   Data   RW          745    .data               ticktim.o
    0x2000001f   COMPRESSED   0x00000001   PAD
    0x20000020   COMPRESSED   0x00000018   Data   RW         1031    .data               bsp_spi_bus.o
    0x20000038   COMPRESSED   0x00000004   Data   RW         1319    .data               stm32f4xx_hal_timebase_tim.o
    0x2000003c   COMPRESSED   0x00000008   Data   RW         1475    .data               bsp_can_bus.o
    0x20000044   COMPRESSED   0x00000420   Data   RW         1555    .data               bsp_tim_pwm.o
    0x20000464   COMPRESSED   0x00000001   Data   RW         1723    .data               bsp_rotation_sensor.o
    0x20000465   COMPRESSED   0x00000003   PAD
    0x20000468   COMPRESSED   0x00000008   Data   RW         1948    .data               bsp_lcd.o
    0x20000470   COMPRESSED   0x00000034   Data   RW         7126    .data               tx_initialize_high_level.o
    0x200004a4   COMPRESSED   0x00000098   Data   RW         8161    .data               tx_thread_initialize.o
    0x2000053c   COMPRESSED   0x00000034   Data   RW         8701    .data               tx_timer_initialize.o
    0x20000570   COMPRESSED   0x00000004   Data   RW        10233    .data               mc_w.l(stdout.o)
    0x20000574   COMPRESSED   0x00000004   PAD
    0x20000578        -       0x00002168   Zero   RW           27    .bss                main.o
    0x200026e0        -       0x00000040   Zero   RW          743    .bss                ticktim.o
    0x20002720        -       0x0000082c   Zero   RW          842    .bss                bsp_usart_fifo.o
    0x20002f4c        -       0x0000002b   Zero   RW          946    .bss                bsp_key.o
    0x20002f77   COMPRESSED   0x00000001   PAD
    0x20002f78        -       0x00002170   Zero   RW         1030    .bss                bsp_spi_bus.o
    0x200050e8        -       0x0000001c   Zero   RW         1149    .bss                bsp_spi_flash.o
    0x20005104        -       0x00000054   Zero   RW         1252    .bss                bsp_iic_bus.o
    0x20005158        -       0x00000044   Zero   RW         1474    .bss                bsp_can_bus.o
    0x2000519c        -       0x000000a0   Zero   RW         1553    .bss                bsp_tim_pwm.o
    0x2000523c        -       0x00000040   Zero   RW         1722    .bss                bsp_rotation_sensor.o
    0x2000527c        -       0x00000028   Zero   RW         1795    .bss                bsp_spi_ads1256.o
    0x200052a4        -       0x0000005e   Zero   RW         1947    .bss                bsp_lcd.o
    0x20005302   COMPRESSED   0x00000002   PAD
    0x20005304        -       0x00000080   Zero   RW         8159    .bss                tx_thread_initialize.o
    0x20005384        -       0x00000534   Zero   RW         8700    .bss                tx_timer_initialize.o
    0x200058b8        -       0x00001000   Zero   RW         2322    STACK               startup_stm32f407xx.o


    Execution Region RW_IRAM2 (Exec base: 0x20010000, Load base: 0x0800dbe4, Size: 0x000004a4, Max: 0x00010000, ABSOLUTE, UNINIT)

    Exec Addr    Load Addr    Size         Type   Attr      Idx    E Section Name        Object

    0x20010000        -       0x000004a4   Zero   RW        10053    .bss.noinit         eventrecorder.o


==============================================================================

Image component sizes


      Code (inc. data)   RO Data    RW Data    ZI Data      Debug   Object Name

       478         56          0          8         68       3631   bsp_can_bus.o
        88         22          0          0          0       1072   bsp_dwt.o
         0          0      18240          0          0        710   bsp_font.o
       256         22          0          0         84       2237   bsp_iic_bus.o
       764         38         16          0         43       6639   bsp_key.o
       894         72          0          8         94       6907   bsp_lcd.o
       204         22          0          0          0       2547   bsp_led.o
       456        112          0          1         64       3234   bsp_rotation_sensor.o
       968        124         16          0         40      13202   bsp_spi_ads1256.o
      1530        420          0         24       8560      10198   bsp_spi_bus.o
       500        124          0          0         28       3934   bsp_spi_flash.o
      2432        538         14       1056        160       8591   bsp_tim_pwm.o
      1078        220          0          0       2092       9257   bsp_usart_fifo.o
        40         14          0          0          0        498   bsp_ws2812b.o
         0          0         24          0       1188       4032   eventrecorder.o
      1740        560          0         20       8552     759432   main.o
        36          8        392          0       4096        824   startup_stm32f407xx.o
        96          8          0          0          0       2145   stm32f4xx_hal.o
      1792          6          0          0          0      12654   stm32f4xx_hal_can.o
       274         28          0          0          0      30660   stm32f4xx_hal_cortex.o
      1388         16          8          0          0       6943   stm32f4xx_hal_dma.o
       552         50          0          0          0       2943   stm32f4xx_hal_gpio.o
      2004         40          0          0          0      10030   stm32f4xx_hal_i2c.o
         2          0          0          0          0        462   stm32f4xx_hal_msp.o
      1732         84          0          0          0       5520   stm32f4xx_hal_rcc.o
      1672         28          0          0          0      12640   stm32f4xx_hal_spi.o
      2832        120          0          0          0      21624   stm32f4xx_hal_tim.o
        88          0          0          0          0       2429   stm32f4xx_hal_tim_ex.o
        82         12          0          4          0       1277   stm32f4xx_hal_timebase_tim.o
       988          8          0          0          0       2355   stm32f4xx_hal_uart.o
        22          0          0          0          0       3259   stm32f4xx_it.o
       204         14          0          0          0       2991   sys.o
       100         18         24          4          0       1147   system_stm32f4xx.o
       296         26          0          7         64       7508   ticktim.o
         0          0          0          0          0      17757   tx_block_allocate.o
       112         50          0         52          0       5053   tx_initialize_high_level.o
        80         14          0          0          0        610   tx_initialize_kernel_enter.o
       120         24          0          0          0        380   tx_initialize_low_level.o
       244         12          0          0          0       2103   tx_mutex_cleanup.o
       120         22          0          0          0       1247   tx_mutex_create.o
       324         12          0          0          0       1576   tx_mutex_get.o
       240          4          0          0          0       1467   tx_mutex_prioritize.o
       264         16          0          0          0       1108   tx_mutex_priority_change.o
       640         10          0          0          0       2000   tx_mutex_put.o
         8          2          0          0          0        324   tx_thread_context_restore.o
         4          2          0          0          0        316   tx_thread_context_save.o
       376         34          0          0          0       1968   tx_thread_create.o
       120         48          0        152        128      20066   tx_thread_initialize.o
       212          4          0          0          0        388   tx_thread_schedule.o
       132         12          0          0          0        789   tx_thread_shell_entry.o
       156         18          0          0          0        779   tx_thread_sleep.o
       136          4          0          0          0       1339   tx_thread_stack_analyze.o
        64          0          0          0          0        340   tx_thread_stack_build.o
        40          6          0          0          0        705   tx_thread_stack_error_handler.o
       212         22          0          0          0       1426   tx_thread_system_preempt_check.o
       796         36          0          0          0       2171   tx_thread_system_resume.o
       796         42          0          0          0       2384   tx_thread_system_suspend.o
       380         28          0          0          0        960   tx_thread_time_slice.o
        72          4          0          0          0        841   tx_thread_timeout.o
        24          4          0          0          0        563   tx_time_get.o
       136         12          0          0          0       1467   tx_timer_create.o
        44         10          0          0          0        615   tx_timer_expiration_process.o
       232         92          0         52       1332       2254   tx_timer_initialize.o
       232          0          0          0          0        392   tx_timer_interrupt.o
        96         12          0          0          0       1312   tx_timer_system_activate.o
        46          0          0          0          0       1134   tx_timer_system_deactivate.o
       352         32          0          0          0       1677   tx_timer_thread_entry.o
       248         24          0          0          0       1536   txe_mutex_create.o
       136         16          0          0          0       1173   txe_mutex_get.o
        84         10          0          0          0       1033   txe_mutex_put.o
       396         26          0          0          0       2209   txe_thread_create.o
       272         24          0          0          0       1744   txe_timer_create.o

    ----------------------------------------------------------------------
     33566       3498      18768       1392      26596    1048738   Object Totals
         0          0         32          0          0          0   (incl. Generated)
        32          0          2          4          3          0   (incl. Padding)

    ----------------------------------------------------------------------

      Code (inc. data)   RO Data    RW Data    ZI Data      Debug   Library Member Name

        86          0          0          0          0          0   __dczerorl2.o
         0          0          0          0          0          0   entry.o
         0          0          0          0          0          0   entry10a.o
         0          0          0          0          0          0   entry11a.o
         4          0          0          0          0          0   entry12b.o
         8          4          0          0          0          0   entry2.o
         4          0          0          0          0          0   entry5.o
         0          0          0          0          0          0   entry7b.o
         0          0          0          0          0          0   entry8b.o
         8          4          0          0          0          0   entry9a.o
        30          0          0          0          0          0   handlers.o
        36          8          0          0          0         68   init.o
         0          0          0          0          0          0   iusefp.o
        30          0          0          0          0         68   llshl.o
        36          0          0          0          0         68   llsshr.o
        32          0          0          0          0         68   llushr.o
        36          0          0          0          0        108   memseta.o
      2292         96          0          0          0        612   printfa.o
         0          0          0          4          0          0   stdout.o
        18          0          0          0          0         68   strcpy.o
        44          0          0          0          0         80   uidiv.o
        98          0          0          0          0         92   uldiv.o
        48          0          0          0          0         68   cdrcmple.o
       334          0          0          0          0        148   dadd.o
       222          0          0          0          0        100   ddiv.o
       186          0          0          0          0        176   depilogue.o
        48          0          0          0          0         68   dfixul.o
       228          0          0          0          0         96   dmul.o

    ----------------------------------------------------------------------
      3830        112          0          4          4       1888   Library Totals
         2          0          0          0          4          0   (incl. Padding)

    ----------------------------------------------------------------------

      Code (inc. data)   RO Data    RW Data    ZI Data      Debug   Library Name

      2762        112          0          4          0       1232   mc_w.l
      1066          0          0          0          0        656   mf_w.l

    ----------------------------------------------------------------------
      3830        112          0          4          4       1888   Library Totals

    ----------------------------------------------------------------------

==============================================================================


      Code (inc. data)   RO Data    RW Data    ZI Data      Debug   

     37396       3610      18768       1396      26600    1023622   Grand Totals
     37396       3610      18768        128      26600    1023622   ELF Image Totals (compressed)
     37396       3610      18768        128          0          0   ROM Totals

==============================================================================

    Total RO  Size (Code + RO Data)                56164 (  54.85kB)
    Total RW  Size (RW Data + ZI Data)             27996 (  27.34kB)
    Total ROM Size (Code + RO Data + RW Data)      56292 (  54.97kB)

==============================================================================

