Component: ARM Compiler 5.06 update 7 (build 960) Tool: armlink [4d3601]

==============================================================================

Section Cross References

    main.o(i.bsp_RunPer50ms) refers to memcpya.o(.text) for __aeabi_memcpy4
    main.o(i.bsp_RunPer50ms) refers to bsp_usart_fifo.o(i.comGetChar) for comGetChar
    main.o(i.bsp_RunPer50ms) refers to strlen.o(.text) for strlen
    main.o(i.bsp_RunPer50ms) refers to bsp_usart_fifo.o(i.comSendBuf) for comSendBuf
    main.o(i.func1) refers to printf3.o(i.__0printf$3) for __2printf
    main.o(i.func2) refers to printf3.o(i.__0printf$3) for __2printf
    main.o(i.func3) refers to printf3.o(i.__0printf$3) for __2printf
    main.o(i.main) refers to stm32f4xx_hal.o(i.HAL_Init) for HAL_Init
    main.o(i.main) refers to sys.o(i.Stm32_Clock_Init) for Stm32_Clock_Init
    main.o(i.main) refers to ticktim.o(i.bsp_InitTimer) for bsp_InitTimer
    main.o(i.main) refers to bsp_usart_fifo.o(i.bsp_InitUart) for bsp_InitUart
    main.o(i.main) refers to eventrecorder.o(i.EventRecorderInitialize) for EventRecorderInitialize
    main.o(i.main) refers to ticktim.o(i.bsp_StartAutoTimer) for bsp_StartAutoTimer
    main.o(i.main) refers to ticktim.o(i.bsp_StartOnceTimer) for bsp_StartOnceTimer
    main.o(i.main) refers to main.o(i.func1) for func1
    main.o(i.main) refers to main.o(i.func2) for func2
    main.o(i.main) refers to main.o(i.func3) for func3
    system_stm32f4xx.o(i.SystemCoreClockUpdate) refers to system_stm32f4xx.o(.data) for SystemCoreClock
    system_stm32f4xx.o(i.SystemCoreClockUpdate) refers to system_stm32f4xx.o(.constdata) for AHBPrescTable
    sys.o(i.Stm32_Clock_Init) refers to stm32f4xx_hal_rcc.o(i.HAL_RCC_OscConfig) for HAL_RCC_OscConfig
    sys.o(i.Stm32_Clock_Init) refers to stm32f4xx_hal_rcc.o(i.HAL_RCC_ClockConfig) for HAL_RCC_ClockConfig
    sys.o(i.Stm32_Clock_Init) refers to stm32f4xx_hal.o(i.HAL_GetREVID) for HAL_GetREVID
    ticktim.o(i.SysTick_Handler) refers to stm32f4xx_hal.o(i.HAL_IncTick) for HAL_IncTick
    ticktim.o(i.SysTick_Handler) refers to ticktim.o(i.SysTick_ISR) for SysTick_ISR
    ticktim.o(i.SysTick_Handler) refers to ticktim.o(.data) for g_ucEnableSystickISR
    ticktim.o(i.SysTick_ISR) refers to ticktim.o(i.bsp_SoftTimerDec) for bsp_SoftTimerDec
    ticktim.o(i.SysTick_ISR) refers to ticktim.o(i.bsp_RunPer1ms) for bsp_RunPer1ms
    ticktim.o(i.SysTick_ISR) refers to ticktim.o(i.bsp_RunPer10ms) for bsp_RunPer10ms
    ticktim.o(i.SysTick_ISR) refers to main.o(i.bsp_RunPer50ms) for bsp_RunPer50ms
    ticktim.o(i.SysTick_ISR) refers to ticktim.o(.bss) for s_tTmr
    ticktim.o(i.SysTick_ISR) refers to ticktim.o(.data) for g_iRunTime
    ticktim.o(i.bsp_DelayMs) refers to ticktim.o(i.bsp_DelayUs) for bsp_DelayUs
    ticktim.o(i.bsp_DelayUs) refers to system_stm32f4xx.o(.data) for SystemCoreClock
    ticktim.o(i.bsp_InitTimer) refers to ticktim.o(.bss) for s_tTmr
    ticktim.o(i.bsp_InitTimer) refers to system_stm32f4xx.o(.data) for SystemCoreClock
    ticktim.o(i.bsp_InitTimer) refers to ticktim.o(.data) for g_ucEnableSystickISR
    ticktim.o(i.bsp_StartAutoTimer) refers to printf3.o(i.__0printf$3) for __2printf
    ticktim.o(i.bsp_StartAutoTimer) refers to ticktim.o(i.__set_PRIMASK) for __set_PRIMASK
    ticktim.o(i.bsp_StartAutoTimer) refers to ticktim.o(.constdata) for __FUNCTION__
    ticktim.o(i.bsp_StartAutoTimer) refers to ticktim.o(.bss) for s_tTmr
    ticktim.o(i.bsp_StartOnceTimer) refers to printf3.o(i.__0printf$3) for __2printf
    ticktim.o(i.bsp_StartOnceTimer) refers to ticktim.o(i.__set_PRIMASK) for __set_PRIMASK
    ticktim.o(i.bsp_StartOnceTimer) refers to ticktim.o(.constdata) for __FUNCTION__
    ticktim.o(i.bsp_StartOnceTimer) refers to ticktim.o(.bss) for s_tTmr
    ticktim.o(i.bsp_StopTimer) refers to ticktim.o(.bss) for s_tTmr
    bsp_usart_fifo.o(i.ComToUart) refers to printf3.o(i.__0printf$3) for __2printf
    bsp_usart_fifo.o(i.ComToUart) refers to bsp_usart_fifo.o(.bss) for g_tUart1
    bsp_usart_fifo.o(i.InitHardUart) refers to stm32f4xx_hal_gpio.o(i.HAL_GPIO_Init) for HAL_GPIO_Init
    bsp_usart_fifo.o(i.InitHardUart) refers to stm32f4xx_hal_cortex.o(i.HAL_NVIC_SetPriority) for HAL_NVIC_SetPriority
    bsp_usart_fifo.o(i.InitHardUart) refers to stm32f4xx_hal_cortex.o(i.HAL_NVIC_EnableIRQ) for HAL_NVIC_EnableIRQ
    bsp_usart_fifo.o(i.InitHardUart) refers to bsp_usart_fifo.o(i.bsp_SetUartParam) for bsp_SetUartParam
    bsp_usart_fifo.o(i.USART1_IRQHandler) refers to bsp_usart_fifo.o(i.UartIRQ) for UartIRQ
    bsp_usart_fifo.o(i.USART1_IRQHandler) refers to bsp_usart_fifo.o(.bss) for g_tUart1
    bsp_usart_fifo.o(i.USART2_IRQHandler) refers to bsp_usart_fifo.o(i.UartIRQ) for UartIRQ
    bsp_usart_fifo.o(i.USART2_IRQHandler) refers to bsp_usart_fifo.o(.bss) for g_tUart2
    bsp_usart_fifo.o(i.USART3_IRQHandler) refers to bsp_usart_fifo.o(i.UartIRQ) for UartIRQ
    bsp_usart_fifo.o(i.USART3_IRQHandler) refers to bsp_usart_fifo.o(.bss) for g_tUart3
[...]
    printf8.o(i.__0fprintf$8) refers to printf8.o(i._printf_core) for _printf_core
    printf8.o(i.__0fprintf$8) refers to bsp_usart_fifo.o(i.fputc) for fputc
    printf8.o(i.__0printf$8) refers to printf8.o(i._printf_core) for _printf_core
    printf8.o(i.__0printf$8) refers to bsp_usart_fifo.o(i.fputc) for fputc
    printf8.o(i.__0printf$8) refers to stdout.o(.data) for __stdout
    printf8.o(i.__0snprintf$8) refers to printf8.o(i._printf_core) for _printf_core
    printf8.o(i.__0snprintf$8) refers to printf8.o(i._snputc) for _snputc
    printf8.o(i.__0sprintf$8) refers to printf8.o(i._printf_core) for _printf_core
    printf8.o(i.__0sprintf$8) refers to printf8.o(i._sputc) for _sputc
    printf8.o(i.__0vfprintf$8) refers to printf8.o(i._printf_core) for _printf_core
    printf8.o(i.__0vfprintf$8) refers to bsp_usart_fifo.o(i.fputc) for fputc
    printf8.o(i.__0vprintf$8) refers to printf8.o(i._printf_core) for _printf_core
    printf8.o(i.__0vprintf$8) refers to bsp_usart_fifo.o(i.fputc) for fputc
    printf8.o(i.__0vprintf$8) refers to stdout.o(.data) for __stdout
    printf8.o(i.__0vsnprintf$8) refers to printf8.o(i._printf_core) for _printf_core
    printf8.o(i.__0vsnprintf$8) refers to printf8.o(i._snputc) for _snputc
    printf8.o(i.__0vsprintf$8) refers to printf8.o(i._printf_core) for _printf_core
    printf8.o(i.__0vsprintf$8) refers to printf8.o(i._sputc) for _sputc
    printf8.o(i._printf_core) refers to printf8.o(i._printf_pre_padding) for _printf_pre_padding
    printf8.o(i._printf_core) refers to uldiv.o(.text) for __aeabi_uldivmod
    printf8.o(i._printf_core) refers to printf8.o(i._printf_post_padding) for _printf_post_padding
    printfa.o(i.__0fprintf) refers (Special) to iusefp.o(.text) for __I$use$fp
    printfa.o(i.__0fprintf) refers to printfa.o(i._printf_core) for _printf_core
    printfa.o(i.__0fprintf) refers to bsp_usart_fifo.o(i.fputc) for fputc
    printfa.o(i.__0printf) refers (Special) to iusefp.o(.text) for __I$use$fp
    printfa.o(i.__0printf) refers to printfa.o(i._printf_core) for _printf_core
    printfa.o(i.__0printf) refers to bsp_usart_fifo.o(i.fputc) for fputc
    printfa.o(i.__0printf) refers to stdout.o(.data) for __stdout
    printfa.o(i.__0snprintf) refers (Special) to iusefp.o(.text) for __I$use$fp
    printfa.o(i.__0snprintf) refers to printfa.o(i._printf_core) for _printf_core
    printfa.o(i.__0snprintf) refers to printfa.o(i._snputc) for _snputc
    printfa.o(i.__0sprintf) refers (Special) to iusefp.o(.text) for __I$use$fp
    printfa.o(i.__0sprintf) refers to printfa.o(i._printf_core) for _printf_core
    printfa.o(i.__0sprintf) refers to printfa.o(i._sputc) for _sputc
    printfa.o(i.__0vfprintf) refers (Special) to iusefp.o(.text) for __I$use$fp
    printfa.o(i.__0vfprintf) refers to printfa.o(i._printf_core) for _printf_core
    printfa.o(i.__0vfprintf) refers to bsp_usart_fifo.o(i.fputc) for fputc
    printfa.o(i.__0vprintf) refers (Special) to iusefp.o(.text) for __I$use$fp
    printfa.o(i.__0vprintf) refers to printfa.o(i._printf_core) for _printf_core
    printfa.o(i.__0vprintf) refers to bsp_usart_fifo.o(i.fputc) for fputc
    printfa.o(i.__0vprintf) refers to stdout.o(.data) for __stdout
    printfa.o(i.__0vsnprintf) refers (Special) to iusefp.o(.text) for __I$use$fp
    printfa.o(i.__0vsnprintf) refers to printfa.o(i._printf_core) for _printf_core
    printfa.o(i.__0vsnprintf) refers to printfa.o(i._snputc) for _snputc
    printfa.o(i.__0vsprintf) refers (Special) to iusefp.o(.text) for __I$use$fp
    printfa.o(i.__0vsprintf) refers to printfa.o(i._printf_core) for _printf_core
    printfa.o(i.__0vsprintf) refers to printfa.o(i._sputc) for _sputc
    printfa.o(i._fp_digits) refers (Special) to iusefp.o(.text) for __I$use$fp
    printfa.o(i._fp_digits) refers to dmul.o(.text) for __aeabi_dmul
    printfa.o(i._fp_digits) refers to ddiv.o(.text) for __aeabi_ddiv
    printfa.o(i._fp_digits) refers to cdrcmple.o(.text) for __aeabi_cdrcmple
    printfa.o(i._fp_digits) refers to dadd.o(.text) for __aeabi_dadd
    printfa.o(i._fp_digits) refers to dfixul.o(.text) for __aeabi_d2ulz
    printfa.o(i._fp_digits) refers to uldiv.o(.text) for __aeabi_uldivmod
    printfa.o(i._printf_core) refers (Special) to iusefp.o(.text) for __I$use$fp
    printfa.o(i._printf_core) refers to printfa.o(i._printf_pre_padding) for _printf_pre_padding
    printfa.o(i._printf_core) refers to uldiv.o(.text) for __aeabi_uldivmod
    printfa.o(i._printf_core) refers to printfa.o(i._printf_post_padding) for _printf_post_padding
    printfa.o(i._printf_core) refers to printfa.o(i._fp_digits) for _fp_digits
    printfa.o(i._printf_core) refers to uidiv.o(.text) for __aeabi_uidivmod
    printfa.o(i._printf_post_padding) refers (Special) to iusefp.o(.text) for __I$use$fp
    printfa.o(i._printf_pre_padding) refers (Special) to iusefp.o(.text) for __I$use$fp
    printfa.o(i._snputc) refers (Special) to iusefp.o(.text) for __I$use$fp
    printfa.o(i._sputc) refers (Special) to iusefp.o(.text) for __I$use$fp
    entry2.o(.ARM.Collect$$$$00000001) refers to entry2.o(.ARM.Collect$$$$00002712) for __lit__00000000
    entry2.o(.ARM.Collect$$$$00002712) refers to startup_stm32f407xx.o(STACK) for __initial_sp
    entry2.o(__vectab_stack_and_reset_area) refers to startup_stm32f407xx.o(STACK) for __initial_sp
    entry2.o(__vectab_stack_and_reset_area) refers to entry.o(.ARM.Collect$$$$00000000) for __main
    entry5.o(.ARM.Collect$$$$00000004) refers to init.o(.text) for __scatterload
    entry9a.o(.ARM.Collect$$$$0000000B) refers to main.o(i.main) for main
    entry9b.o(.ARM.Collect$$$$0000000C) refers to main.o(i.main) for main
    dadd.o(.text) refers to llshl.o(.text) for __aeabi_llsl
    dadd.o(.text) refers to llsshr.o(.text) for __aeabi_lasr
    dadd.o(.text) refers to depilogue.o(.text) for _double_epilogue
    dmul.o(.text) refers to depilogue.o(.text) for _double_epilogue
    ddiv.o(.text) refers to depilogue.o(.text) for _double_round
    dfixul.o(.text) refers to llushr.o(.text) for __aeabi_llsr
    dfixul.o(.text) refers to llshl.o(.text) for __aeabi_llsl
    init.o(.text) refers to entry5.o(.ARM.Collect$$$$00000004) for __main_after_scatterload
    depilogue.o(.text) refers to llshl.o(.text) for __aeabi_llsl
    depilogue.o(.text) refers to llushr.o(.text) for __aeabi_llsr


==============================================================================

Removing Unused input sections from the image.

    Removing main.o(.rev16_text), (4 bytes).
    Removing main.o(.revsh_text), (4 bytes).
    Removing main.o(.rrx_text), (6 bytes).
    Removing stm32f4xx_hal_msp.o(.rev16_text), (4 bytes).
    Removing stm32f4xx_hal_msp.o(.revsh_text), (4 bytes).
    Removing stm32f4xx_hal_msp.o(.rrx_text), (6 bytes).
    Removing stm32f4xx_hal_msp.o(i.HAL_MspDeInit), (2 bytes).
    Removing stm32f4xx_it.o(.rev16_text), (4 bytes).
    Removing stm32f4xx_it.o(.revsh_text), (4 bytes).
    Removing stm32f4xx_it.o(.rrx_text), (6 bytes).
    Removing system_stm32f4xx.o(.rev16_text), (4 bytes).
    Removing system_stm32f4xx.o(.revsh_text), (4 bytes).
    Removing system_stm32f4xx.o(.rrx_text), (6 bytes).
    Removing system_stm32f4xx.o(i.SystemCoreClockUpdate), (192 bytes).
    Removing sys.o(.rev16_text), (4 bytes).
    Removing sys.o(.revsh_text), (4 bytes).
    Removing sys.o(.rrx_text), (6 bytes).
    Removing sys.o(.emb_text), (16 bytes).
    Removing ticktim.o(.rev16_text), (4 bytes).
    Removing ticktim.o(.revsh_text), (4 bytes).
    Removing ticktim.o(.rrx_text), (6 bytes).
    Removing ticktim.o(i.bsp_DelayMs), (24 bytes).
    Removing ticktim.o(i.bsp_DelayUs), (84 bytes).
    Removing ticktim.o(i.bsp_RunPer50ms), (2 bytes).
    Removing ticktim.o(i.bsp_StopTimer), (16 bytes).
    Removing bsp_usart_fifo.o(.rev16_text), (4 bytes).
    Removing bsp_usart_fifo.o(.revsh_text), (4 bytes).
    Removing bsp_usart_fifo.o(.rrx_text), (6 bytes).
    Removing bsp_usart_fifo.o(i.fgetc), (24 bytes).
    Removing startup_stm32f407xx.o(HEAP), (512 bytes).
    Removing stm32f4xx_hal.o(.rev16_text), (4 bytes).
    Removing stm32f4xx_hal.o(.revsh_text), (4 bytes).
    Removing stm32f4xx_hal.o(.rrx_text), (6 bytes).
    Removing stm32f4xx_hal.o(i.HAL_DBGMCU_DisableDBGSleepMode), (20 bytes).
    Removing stm32f4xx_hal.o(i.HAL_DBGMCU_DisableDBGStandbyMode), (20 bytes).
    Removing stm32f4xx_hal.o(i.HAL_DBGMCU_DisableDBGStopMode), (20 bytes).
    Removing stm32f4xx_hal.o(i.HAL_DBGMCU_EnableDBGSleepMode), (20 bytes).
    Removing stm32f4xx_hal.o(i.HAL_DBGMCU_EnableDBGStandbyMode), (20 bytes).
    Removing stm32f4xx_hal.o(i.HAL_DBGMCU_EnableDBGStopMode), (20 bytes).
    Removing stm32f4xx_hal.o(i.HAL_DeInit), (68 bytes).
    Removing stm32f4xx_hal.o(i.HAL_Delay), (40 bytes).
    Removing stm32f4xx_hal.o(i.HAL_DisableCompensationCell), (12 bytes).
    Removing stm32f4xx_hal.o(i.HAL_EnableCompensationCell), (12 bytes).
    Removing stm32f4xx_hal.o(i.HAL_GetDEVID), (16 bytes).
    Removing stm32f4xx_hal.o(i.HAL_GetHalVersion), (8 bytes).
    Removing stm32f4xx_hal.o(i.HAL_GetTickFreq), (12 bytes).
    Removing stm32f4xx_hal.o(i.HAL_GetTickPrio), (12 bytes).
    Removing stm32f4xx_hal.o(i.HAL_GetUIDw0), (12 bytes).
    Removing stm32f4xx_hal.o(i.HAL_GetUIDw1), (12 bytes).
    Removing stm32f4xx_hal.o(i.HAL_GetUIDw2), (12 bytes).
    Removing stm32f4xx_hal.o(i.HAL_MspDeInit), (2 bytes).
    Removing stm32f4xx_hal.o(i.HAL_MspInit), (2 bytes).
    Removing stm32f4xx_hal.o(i.HAL_ResumeTick), (18 bytes).
    Removing stm32f4xx_hal.o(i.HAL_SetTickFreq), (40 bytes).
    Removing stm32f4xx_hal.o(i.HAL_SuspendTick), (18 bytes).
    Removing stm32f4xx_hal_cortex.o(.rev16_text), (4 bytes).
    Removing stm32f4xx_hal_cortex.o(.revsh_text), (4 bytes).
    Removing stm32f4xx_hal_cortex.o(.rrx_text), (6 bytes).
    Removing stm32f4xx_hal_cortex.o(i.HAL_MPU_ConfigRegion), (92 bytes).
    Removing stm32f4xx_hal_cortex.o(i.HAL_MPU_Disable), (44 bytes).
    Removing stm32f4xx_hal_cortex.o(i.HAL_MPU_Enable), (64 bytes).
    Removing stm32f4xx_hal_cortex.o(i.HAL_NVIC_ClearPendingIRQ), (28 bytes).
    Removing stm32f4xx_hal_cortex.o(i.HAL_NVIC_DisableIRQ), (28 bytes).
    Removing stm32f4xx_hal_cortex.o(i.HAL_NVIC_GetActive), (40 bytes).
    Removing stm32f4xx_hal_cortex.o(i.HAL_NVIC_GetPendingIRQ), (40 bytes).
    Removing stm32f4xx_hal_cortex.o(i.HAL_NVIC_GetPriority), (148 bytes).
    Removing stm32f4xx_hal_cortex.o(i.HAL_NVIC_GetPriorityGrouping), (8 bytes).
    Removing stm32f4xx_hal_cortex.o(i.HAL_NVIC_SetPendingIRQ), (28 bytes).
    Removing stm32f4xx_hal_cortex.o(i.HAL_NVIC_SystemReset), (68 bytes).
    Removing stm32f4xx_hal_cortex.o(i.HAL_SYSTICK_CLKSourceConfig), (40 bytes).
    Removing stm32f4xx_hal_cortex.o(i.HAL_SYSTICK_Callback), (2 bytes).
    Removing stm32f4xx_hal_cortex.o(i.HAL_SYSTICK_IRQHandler), (8 bytes).
    Removing stm32f4xx_hal_crc.o(.rev16_text), (4 bytes).
    Removing stm32f4xx_hal_crc.o(.revsh_text), (4 bytes).
    Removing stm32f4xx_hal_crc.o(.rrx_text), (6 bytes).
    Removing stm32f4xx_hal_crc.o(i.HAL_CRC_Accumulate), (40 bytes).
    Removing stm32f4xx_hal_crc.o(i.HAL_CRC_Calculate), (52 bytes).
    Removing stm32f4xx_hal_crc.o(i.HAL_CRC_DeInit), (64 bytes).
    Removing stm32f4xx_hal_crc.o(i.HAL_CRC_GetState), (6 bytes).
    Removing stm32f4xx_hal_crc.o(i.HAL_CRC_Init), (36 bytes).
    Removing stm32f4xx_hal_crc.o(i.HAL_CRC_MspDeInit), (2 bytes).
    Removing stm32f4xx_hal_crc.o(i.HAL_CRC_MspInit), (2 bytes).
    Removing stm32f4xx_hal_dma.o(.rev16_text), (4 bytes).
    Removing stm32f4xx_hal_dma.o(.revsh_text), (4 bytes).
    Removing stm32f4xx_hal_dma.o(.rrx_text), (6 bytes).
    Removing stm32f4xx_hal_dma.o(i.DMA_CalcBaseAndBitshift), (52 bytes).
    Removing stm32f4xx_hal_dma.o(i.DMA_CheckFifoParam), (170 bytes).
    Removing stm32f4xx_hal_dma.o(i.DMA_SetConfig), (44 bytes).
    Removing stm32f4xx_hal_dma.o(i.HAL_DMA_Abort), (170 bytes).
    Removing stm32f4xx_hal_dma.o(i.HAL_DMA_Abort_IT), (40 bytes).
    Removing stm32f4xx_hal_dma.o(i.HAL_DMA_DeInit), (112 bytes).
    Removing stm32f4xx_hal_dma.o(i.HAL_DMA_GetError), (6 bytes).
    Removing stm32f4xx_hal_dma.o(i.HAL_DMA_GetState), (8 bytes).
    Removing stm32f4xx_hal_dma.o(i.HAL_DMA_IRQHandler), (576 bytes).
    Removing stm32f4xx_hal_dma.o(i.HAL_DMA_Init), (236 bytes).
    Removing stm32f4xx_hal_dma.o(i.HAL_DMA_PollForTransfer), (346 bytes).
    Removing stm32f4xx_hal_dma.o(i.HAL_DMA_RegisterCallback), (94 bytes).
    Removing stm32f4xx_hal_dma.o(i.HAL_DMA_Start), (102 bytes).
    Removing stm32f4xx_hal_dma.o(i.HAL_DMA_Start_IT), (158 bytes).
    Removing stm32f4xx_hal_dma.o(i.HAL_DMA_UnRegisterCallback), (124 bytes).
    Removing stm32f4xx_hal_dma.o(.constdata), (8 bytes).
    Removing stm32f4xx_hal_eth.o(.rev16_text), (4 bytes).
    Removing stm32f4xx_hal_eth.o(.revsh_text), (4 bytes).
    Removing stm32f4xx_hal_eth.o(.rrx_text), (6 bytes).
    Removing stm32f4xx_hal_gpio.o(.rev16_text), (4 bytes).
    Removing stm32f4xx_hal_gpio.o(.revsh_text), (4 bytes).
    Removing stm32f4xx_hal_gpio.o(.rrx_text), (6 bytes).
    Removing stm32f4xx_hal_gpio.o(i.HAL_GPIO_DeInit), (356 bytes).
    Removing stm32f4xx_hal_gpio.o(i.HAL_GPIO_EXTI_Callback), (2 bytes).
    Removing stm32f4xx_hal_gpio.o(i.HAL_GPIO_EXTI_IRQHandler), (28 bytes).
    Removing stm32f4xx_hal_gpio.o(i.HAL_GPIO_LockPin), (46 bytes).
    Removing stm32f4xx_hal_gpio.o(i.HAL_GPIO_ReadPin), (16 bytes).
    Removing stm32f4xx_hal_gpio.o(i.HAL_GPIO_TogglePin), (18 bytes).
    Removing stm32f4xx_hal_gpio.o(i.HAL_GPIO_WritePin), (12 bytes).
    Removing stm32f4xx_hal_pwr.o(.rev16_text), (4 bytes).
    Removing stm32f4xx_hal_pwr.o(.revsh_text), (4 bytes).
    Removing stm32f4xx_hal_pwr.o(.rrx_text), (6 bytes).
    Removing stm32f4xx_hal_pwr.o(i.HAL_PWR_ConfigPVD), (180 bytes).
    Removing stm32f4xx_hal_pwr.o(i.HAL_PWR_DeInit), (28 bytes).
    Removing stm32f4xx_hal_pwr.o(i.HAL_PWR_DisableBkUpAccess), (12 bytes).
    Removing stm32f4xx_hal_pwr.o(i.HAL_PWR_DisablePVD), (12 bytes).
    Removing stm32f4xx_hal_pwr.o(i.HAL_PWR_DisableSEVOnPend), (20 bytes).
    Removing stm32f4xx_hal_pwr.o(i.HAL_PWR_DisableSleepOnExit), (20 bytes).
    Removing stm32f4xx_hal_pwr.o(i.HAL_PWR_DisableWakeUpPin), (16 bytes).
    Removing stm32f4xx_hal_pwr.o(i.HAL_PWR_EnableBkUpAccess), (12 bytes).
    Removing stm32f4xx_hal_pwr.o(i.HAL_PWR_EnablePVD), (12 bytes).
    Removing stm32f4xx_hal_pwr.o(i.HAL_PWR_EnableSEVOnPend), (20 bytes).
    Removing stm32f4xx_hal_pwr.o(i.HAL_PWR_EnableSleepOnExit), (20 bytes).
    Removing stm32f4xx_hal_pwr.o(i.HAL_PWR_EnableWakeUpPin), (16 bytes).
    Removing stm32f4xx_hal_pwr.o(i.HAL_PWR_EnterSLEEPMode), (32 bytes).
    Removing stm32f4xx_hal_pwr.o(i.HAL_PWR_EnterSTANDBYMode), (40 bytes).
    Removing stm32f4xx_hal_pwr.o(i.HAL_PWR_EnterSTOPMode), (64 bytes).
    Removing stm32f4xx_hal_pwr.o(i.HAL_PWR_PVDCallback), (2 bytes).
    Removing stm32f4xx_hal_pwr.o(i.HAL_PWR_PVD_IRQHandler), (32 bytes).
    Removing stm32f4xx_hal_pwr_ex.o(.rev16_text), (4 bytes).
    Removing stm32f4xx_hal_pwr_ex.o(.revsh_text), (4 bytes).
    Removing stm32f4xx_hal_pwr_ex.o(.rrx_text), (6 bytes).
    Removing stm32f4xx_hal_pwr_ex.o(i.HAL_PWREx_ControlVoltageScaling), (120 bytes).
    Removing stm32f4xx_hal_pwr_ex.o(i.HAL_PWREx_DisableBkUpReg), (60 bytes).
    Removing stm32f4xx_hal_pwr_ex.o(i.HAL_PWREx_DisableFlashPowerDown), (12 bytes).
    Removing stm32f4xx_hal_pwr_ex.o(i.HAL_PWREx_EnableBkUpReg), (60 bytes).
    Removing stm32f4xx_hal_pwr_ex.o(i.HAL_PWREx_EnableFlashPowerDown), (12 bytes).
    Removing stm32f4xx_hal_pwr_ex.o(i.HAL_PWREx_GetVoltageRange), (16 bytes).
    Removing stm32f4xx_hal_uart.o(.rev16_text), (4 bytes).
    Removing stm32f4xx_hal_uart.o(.revsh_text), (4 bytes).
    Removing stm32f4xx_hal_uart.o(.rrx_text), (6 bytes).
    Removing stm32f4xx_hal_uart.o(i.HAL_HalfDuplex_EnableReceiver), (68 bytes).
    Removing stm32f4xx_hal_uart.o(i.HAL_HalfDuplex_EnableTransmitter), (68 bytes).
    Removing stm32f4xx_hal_uart.o(i.HAL_HalfDuplex_Init), (118 bytes).
    Removing stm32f4xx_hal_uart.o(i.HAL_LIN_Init), (142 bytes).
    Removing stm32f4xx_hal_uart.o(i.HAL_LIN_SendBreak), (62 bytes).
    Removing stm32f4xx_hal_uart.o(i.HAL_MultiProcessor_EnterMuteMode), (62 bytes).
    Removing stm32f4xx_hal_uart.o(i.HAL_MultiProcessor_ExitMuteMode), (62 bytes).
    Removing stm32f4xx_hal_uart.o(i.HAL_MultiProcessor_Init), (154 bytes).
    Removing stm32f4xx_hal_uart.o(i.HAL_UART_Abort), (170 bytes).
    Removing stm32f4xx_hal_uart.o(i.HAL_UART_AbortCpltCallback), (2 bytes).
    Removing stm32f4xx_hal_uart.o(i.HAL_UART_AbortReceive), (102 bytes).
    Removing stm32f4xx_hal_uart.o(i.HAL_UART_AbortReceiveCpltCallback), (2 bytes).
    Removing stm32f4xx_hal_uart.o(i.HAL_UART_AbortReceive_IT), (120 bytes).
    Removing stm32f4xx_hal_uart.o(i.HAL_UART_AbortTransmit), (90 bytes).
    Removing stm32f4xx_hal_uart.o(i.HAL_UART_AbortTransmitCpltCallback), (2 bytes).
    Removing stm32f4xx_hal_uart.o(i.HAL_UART_AbortTransmit_IT), (108 bytes).
    Removing stm32f4xx_hal_uart.o(i.HAL_UART_Abort_IT), (224 bytes).
    Removing stm32f4xx_hal_uart.o(i.HAL_UART_DMAPause), (124 bytes).
    Removing stm32f4xx_hal_uart.o(i.HAL_UART_DMAResume), (126 bytes).
    Removing stm32f4xx_hal_uart.o(i.HAL_UART_DMAStop), (102 bytes).
    Removing stm32f4xx_hal_uart.o(i.HAL_UART_DeInit), (58 bytes).
    Removing stm32f4xx_hal_uart.o(i.HAL_UART_ErrorCallback), (2 bytes).
    Removing stm32f4xx_hal_uart.o(i.HAL_UART_GetError), (6 bytes).
    Removing stm32f4xx_hal_uart.o(i.HAL_UART_GetState), (20 bytes).
    Removing stm32f4xx_hal_uart.o(i.HAL_UART_IRQHandler), (332 bytes).
    Removing stm32f4xx_hal_uart.o(i.HAL_UART_MspDeInit), (2 bytes).
    Removing stm32f4xx_hal_uart.o(i.HAL_UART_Receive), (222 bytes).
    Removing stm32f4xx_hal_uart.o(i.HAL_UART_Receive_DMA), (196 bytes).
    Removing stm32f4xx_hal_uart.o(i.HAL_UART_Receive_IT), (112 bytes).
    Removing stm32f4xx_hal_uart.o(i.HAL_UART_RxCpltCallback), (2 bytes).
    Removing stm32f4xx_hal_uart.o(i.HAL_UART_RxHalfCpltCallback), (2 bytes).
    Removing stm32f4xx_hal_uart.o(i.HAL_UART_Transmit), (214 bytes).
    Removing stm32f4xx_hal_uart.o(i.HAL_UART_Transmit_DMA), (156 bytes).
    Removing stm32f4xx_hal_uart.o(i.HAL_UART_Transmit_IT), (88 bytes).
    Removing stm32f4xx_hal_uart.o(i.HAL_UART_TxCpltCallback), (2 bytes).
    Removing stm32f4xx_hal_uart.o(i.HAL_UART_TxHalfCpltCallback), (2 bytes).
    Removing stm32f4xx_hal_uart.o(i.UART_DMAAbortOnError), (20 bytes).
    Removing stm32f4xx_hal_uart.o(i.UART_DMAError), (80 bytes).
    Removing stm32f4xx_hal_uart.o(i.UART_DMAReceiveCplt), (70 bytes).
    Removing stm32f4xx_hal_uart.o(i.UART_DMARxAbortCallback), (52 bytes).
    Removing stm32f4xx_hal_uart.o(i.UART_DMARxHalfCplt), (14 bytes).
    Removing stm32f4xx_hal_uart.o(i.UART_DMARxOnlyAbortCallback), (24 bytes).
    Removing stm32f4xx_hal_uart.o(i.UART_DMATransmitCplt), (54 bytes).
    Removing stm32f4xx_hal_uart.o(i.UART_DMATxAbortCallback), (52 bytes).
    Removing stm32f4xx_hal_uart.o(i.UART_DMATxHalfCplt), (14 bytes).
    Removing stm32f4xx_hal_uart.o(i.UART_DMATxOnlyAbortCallback), (24 bytes).
    Removing stm32f4xx_hal_uart.o(i.UART_EndRxTransfer), (32 bytes).
    Removing stm32f4xx_hal_uart.o(i.UART_EndTransmit_IT), (32 bytes).
    Removing stm32f4xx_hal_uart.o(i.UART_EndTxTransfer), (20 bytes).
    Removing stm32f4xx_hal_uart.o(i.UART_Receive_IT), (166 bytes).
    Removing stm32f4xx_hal_uart.o(i.UART_Transmit_IT), (104 bytes).
    Removing stm32f4xx_hal_uart.o(i.UART_WaitOnFlagUntilTimeout), (108 bytes).
    Removing stm32f4xx_hal_usart.o(.rev16_text), (4 bytes).
    Removing stm32f4xx_hal_usart.o(.revsh_text), (4 bytes).
    Removing stm32f4xx_hal_usart.o(.rrx_text), (6 bytes).
    Removing stm32f4xx_hal_usart.o(i.HAL_USART_Abort), (126 bytes).
    Removing stm32f4xx_hal_usart.o(i.HAL_USART_AbortCpltCallback), (2 bytes).
    Removing stm32f4xx_hal_usart.o(i.HAL_USART_Abort_IT), (220 bytes).
    Removing stm32f4xx_hal_usart.o(i.HAL_USART_DMAPause), (50 bytes).
    Removing stm32f4xx_hal_usart.o(i.HAL_USART_DMAResume), (50 bytes).
    Removing stm32f4xx_hal_usart.o(i.HAL_USART_DMAStop), (102 bytes).
    Removing stm32f4xx_hal_usart.o(i.HAL_USART_DeInit), (54 bytes).
    Removing stm32f4xx_hal_usart.o(i.HAL_USART_ErrorCallback), (2 bytes).
    Removing stm32f4xx_hal_usart.o(i.HAL_USART_GetError), (6 bytes).
    Removing stm32f4xx_hal_usart.o(i.HAL_USART_GetState), (8 bytes).
    Removing stm32f4xx_hal_usart.o(i.HAL_USART_IRQHandler), (384 bytes).
    Removing stm32f4xx_hal_usart.o(i.HAL_USART_Init), (90 bytes).
    Removing stm32f4xx_hal_usart.o(i.HAL_USART_MspDeInit), (2 bytes).
    Removing stm32f4xx_hal_usart.o(i.HAL_USART_MspInit), (2 bytes).
    Removing stm32f4xx_hal_usart.o(i.HAL_USART_Receive), (278 bytes).
    Removing stm32f4xx_hal_usart.o(i.HAL_USART_Receive_DMA), (248 bytes).
    Removing stm32f4xx_hal_usart.o(i.HAL_USART_Receive_IT), (108 bytes).
    Removing stm32f4xx_hal_usart.o(i.HAL_USART_RxCpltCallback), (2 bytes).
    Removing stm32f4xx_hal_usart.o(i.HAL_USART_RxHalfCpltCallback), (2 bytes).
    Removing stm32f4xx_hal_usart.o(i.HAL_USART_Transmit), (214 bytes).
    Removing stm32f4xx_hal_usart.o(i.HAL_USART_TransmitReceive), (320 bytes).
    Removing stm32f4xx_hal_usart.o(i.HAL_USART_TransmitReceive_DMA), (268 bytes).
    Removing stm32f4xx_hal_usart.o(i.HAL_USART_TransmitReceive_IT), (132 bytes).
    Removing stm32f4xx_hal_usart.o(i.HAL_USART_Transmit_DMA), (156 bytes).
    Removing stm32f4xx_hal_usart.o(i.HAL_USART_Transmit_IT), (88 bytes).
    Removing stm32f4xx_hal_usart.o(i.HAL_USART_TxCpltCallback), (2 bytes).
    Removing stm32f4xx_hal_usart.o(i.HAL_USART_TxHalfCpltCallback), (2 bytes).
    Removing stm32f4xx_hal_usart.o(i.HAL_USART_TxRxCpltCallback), (2 bytes).
    Removing stm32f4xx_hal_usart.o(i.USART_DMAAbortOnError), (20 bytes).
    Removing stm32f4xx_hal_usart.o(i.USART_DMAError), (84 bytes).
    Removing stm32f4xx_hal_usart.o(i.USART_DMAReceiveCplt), (122 bytes).
    Removing stm32f4xx_hal_usart.o(i.USART_DMARxAbortCallback), (48 bytes).
    Removing stm32f4xx_hal_usart.o(i.USART_DMARxHalfCplt), (14 bytes).
    Removing stm32f4xx_hal_usart.o(i.USART_DMATransmitCplt), (70 bytes).
    Removing stm32f4xx_hal_usart.o(i.USART_DMATxAbortCallback), (48 bytes).
    Removing stm32f4xx_hal_usart.o(i.USART_DMATxHalfCplt), (14 bytes).
    Removing stm32f4xx_hal_usart.o(i.USART_EndRxTransfer), (32 bytes).
    Removing stm32f4xx_hal_usart.o(i.USART_EndTransmit_IT), (44 bytes).
    Removing stm32f4xx_hal_usart.o(i.USART_EndTxTransfer), (20 bytes).
    Removing stm32f4xx_hal_usart.o(i.USART_Receive_IT), (194 bytes).
    Removing stm32f4xx_hal_usart.o(i.USART_SetConfig), (332 bytes).
    Removing stm32f4xx_hal_usart.o(i.USART_TransmitReceive_IT), (270 bytes).
    Removing stm32f4xx_hal_usart.o(i.USART_Transmit_IT), (104 bytes).
    Removing stm32f4xx_hal_usart.o(i.USART_WaitOnFlagUntilTimeout), (128 bytes).
    Removing stm32f4xx_hal_dma_ex.o(.rev16_text), (4 bytes).
    Removing stm32f4xx_hal_dma_ex.o(.revsh_text), (4 bytes).
    Removing stm32f4xx_hal_dma_ex.o(.rrx_text), (6 bytes).
    Removing stm32f4xx_hal_dma_ex.o(i.DMA_MultiBufferSetConfig), (32 bytes).
    Removing stm32f4xx_hal_dma_ex.o(i.HAL_DMAEx_ChangeMemory), (18 bytes).
    Removing stm32f4xx_hal_dma_ex.o(i.HAL_DMAEx_MultiBufferStart), (124 bytes).
    Removing stm32f4xx_hal_dma_ex.o(i.HAL_DMAEx_MultiBufferStart_IT), (4056 bytes).
    Removing stm32f4xx_hal_rcc.o(.rev16_text), (4 bytes).
    Removing stm32f4xx_hal_rcc.o(.revsh_text), (4 bytes).
    Removing stm32f4xx_hal_rcc.o(.rrx_text), (6 bytes).
    Removing stm32f4xx_hal_rcc.o(i.HAL_RCC_CSSCallback), (2 bytes).
    Removing stm32f4xx_hal_rcc.o(i.HAL_RCC_DeInit), (4 bytes).
    Removing stm32f4xx_hal_rcc.o(i.HAL_RCC_DisableCSS), (12 bytes).
    Removing stm32f4xx_hal_rcc.o(i.HAL_RCC_EnableCSS), (12 bytes).
    Removing stm32f4xx_hal_rcc.o(i.HAL_RCC_GetClockConfig), (68 bytes).
    Removing stm32f4xx_hal_rcc.o(i.HAL_RCC_GetOscConfig), (244 bytes).
    Removing stm32f4xx_hal_rcc.o(i.HAL_RCC_MCOConfig), (192 bytes).
    Removing stm32f4xx_hal_rcc.o(i.HAL_RCC_NMI_IRQHandler), (32 bytes).
    Removing stm32f4xx_hal_rcc_ex.o(.rev16_text), (4 bytes).
    Removing stm32f4xx_hal_rcc_ex.o(.revsh_text), (4 bytes).
    Removing stm32f4xx_hal_rcc_ex.o(.rrx_text), (6 bytes).
    Removing stm32f4xx_hal_rcc_ex.o(i.HAL_RCCEx_DisablePLLI2S), (56 bytes).
    Removing stm32f4xx_hal_rcc_ex.o(i.HAL_RCCEx_EnablePLLI2S), (112 bytes).
    Removing stm32f4xx_hal_rcc_ex.o(i.HAL_RCCEx_GetPeriphCLKConfig), (56 bytes).
    Removing stm32f4xx_hal_rcc_ex.o(i.HAL_RCCEx_GetPeriphCLKFreq), (144 bytes).
    Removing stm32f4xx_hal_rcc_ex.o(i.HAL_RCCEx_PeriphCLKConfig), (416 bytes).
    Removing stm32f4xx_hal_rcc_ex.o(i.HAL_RCC_DeInit), (376 bytes).
    Removing eventrecorder.o(.rev16_text), (4 bytes).
    Removing eventrecorder.o(.revsh_text), (4 bytes).
    Removing eventrecorder.o(.rrx_text), (6 bytes).
    Removing eventrecorder.o(i.EventCheckFilter), (40 bytes).
    Removing eventrecorder.o(i.EventRecord2), (70 bytes).
    Removing eventrecorder.o(i.EventRecord4), (118 bytes).
    Removing eventrecorder.o(i.EventRecordData), (280 bytes).
    Removing eventrecorder.o(i.EventRecorderClockUpdate), (44 bytes).
    Removing eventrecorder.o(i.EventRecorderDisable), (92 bytes).
    Removing eventrecorder.o(i.EventRecorderStop), (48 bytes).
    Removing eventrecorder.o(i.GetContext), (16 bytes).
    Removing retarget_io.o(i.__aeabi_assert), (156 bytes).
    Removing retarget_io.o(i.__backspace), (8 bytes).
    Removing retarget_io.o(i.abort), (4 bytes).
    Removing retarget_io.o(i.fgetc), (8 bytes).
    Removing retarget_io.o(i.fputc), (32 bytes).
    Removing retarget_io.o(i.stdout_putchar), (80 bytes).
    Removing retarget_io.o(.data), (12 bytes).
    Removing dadd.o(.text), (334 bytes).
    Removing dmul.o(.text), (228 bytes).
    Removing ddiv.o(.text), (222 bytes).
    Removing dfixul.o(.text), (48 bytes).
    Removing cdrcmple.o(.text), (48 bytes).
    Removing depilogue.o(.text), (186 bytes).

296 unused section(s) (total 22648 bytes) removed from the image.

==============================================================================

Image Symbol Table

    Local Symbols

    Symbol Name                              Value     Ov Type        Size  Object(Section)

    ../clib/microlib/division.c              0x00000000   Number         0  uidiv.o ABSOLUTE
    ../clib/microlib/division.c              0x00000000   Number         0  uldiv.o ABSOLUTE
    ../clib/microlib/init/entry.s            0x00000000   Number         0  entry9a.o ABSOLUTE
    ../clib/microlib/init/entry.s            0x00000000   Number         0  entry2.o ABSOLUTE
    ../clib/microlib/init/entry.s            0x00000000   Number         0  entry5.o ABSOLUTE
    ../clib/microlib/init/entry.s            0x00000000   Number         0  entry.o ABSOLUTE
    ../clib/microlib/init/entry.s            0x00000000   Number         0  entry9b.o ABSOLUTE
    ../clib/microlib/init/entry.s            0x00000000   Number         0  entry7a.o ABSOLUTE
    ../clib/microlib/init/entry.s            0x00000000   Number         0  entry10b.o ABSOLUTE
    ../clib/microlib/init/entry.s            0x00000000   Number         0  entry11a.o ABSOLUTE
    ../clib/microlib/init/entry.s            0x00000000   Number         0  entry11b.o ABSOLUTE
    ../clib/microlib/init/entry.s            0x00000000   Number         0  entry7b.o ABSOLUTE
    ../clib/microlib/init/entry.s            0x00000000   Number         0  entry10a.o ABSOLUTE
    ../clib/microlib/init/entry.s            0x00000000   Number         0  entry8a.o ABSOLUTE
    ../clib/microlib/init/entry.s            0x00000000   Number         0  entry12a.o ABSOLUTE
    ../clib/microlib/init/entry.s            0x00000000   Number         0  entry8b.o ABSOLUTE
    ../clib/microlib/init/entry.s            0x00000000   Number         0  entry12b.o ABSOLUTE
    ../clib/microlib/longlong.c              0x00000000   Number         0  llushr.o ABSOLUTE
    ../clib/microlib/longlong.c              0x00000000   Number         0  llshl.o ABSOLUTE
    ../clib/microlib/longlong.c              0x00000000   Number         0  llsshr.o ABSOLUTE
    ../clib/microlib/printf/printf.c         0x00000000   Number         0  printfa.o ABSOLUTE
    ../clib/microlib/printf/printf.c         0x00000000   Number         0  printf4.o ABSOLUTE
    ../clib/microlib/printf/printf.c         0x00000000   Number         0  printf8.o ABSOLUTE
    ../clib/microlib/printf/printf.c         0x00000000   Number         0  printfb.o ABSOLUTE
    ../clib/microlib/printf/printf.c         0x00000000   Number         0  printf7.o ABSOLUTE
    ../clib/microlib/printf/printf.c         0x00000000   Number         0  printf1.o ABSOLUTE
    ../clib/microlib/printf/printf.c         0x00000000   Number         0  printf6.o ABSOLUTE
    ../clib/microlib/printf/printf.c         0x00000000   Number         0  printf5.o ABSOLUTE
    ../clib/microlib/printf/printf.c         0x00000000   Number         0  printf2.o ABSOLUTE
    ../clib/microlib/printf/printf.c         0x00000000   Number         0  printf0.o ABSOLUTE
    ../clib/microlib/printf/printf.c         0x00000000   Number         0  printf3.o ABSOLUTE
    ../clib/microlib/printf/stubs.s          0x00000000   Number         0  stubs.o ABSOLUTE
    ../clib/microlib/stdio/fputs.c           0x00000000   Number         0  fputs.o ABSOLUTE
    ../clib/microlib/stdio/fputs.c           0x00000000   Number         0  fputs_e.o ABSOLUTE
    ../clib/microlib/stdio/streams.c         0x00000000   Number         0  stdout.o ABSOLUTE
    ../clib/microlib/stdio/streams.c         0x00000000   Number         0  stderr.o ABSOLUTE
    ../clib/microlib/string/memcpy.c         0x00000000   Number         0  memcpyb.o ABSOLUTE
    ../clib/microlib/string/memcpy.c         0x00000000   Number         0  memcpya.o ABSOLUTE
    ../clib/microlib/string/memset.c         0x00000000   Number         0  memseta.o ABSOLUTE
    ../clib/microlib/string/strlen.c         0x00000000   Number         0  strlen.o ABSOLUTE
    ../clib/microlib/stubs.s                 0x00000000   Number         0  iusefp.o ABSOLUTE
    ../fplib/microlib/fpadd.c                0x00000000   Number         0  dadd.o ABSOLUTE
    ../fplib/microlib/fpdiv.c                0x00000000   Number         0  ddiv.o ABSOLUTE
    ../fplib/microlib/fpepilogue.c           0x00000000   Number         0  depilogue.o ABSOLUTE
    ../fplib/microlib/fpfix.c                0x00000000   Number         0  dfixul.o ABSOLUTE
    ../fplib/microlib/fpmul.c                0x00000000   Number         0  dmul.o ABSOLUTE
    ..\Core\startup_stm32f407xx.s            0x00000000   Number         0  startup_stm32f407xx.o ABSOLUTE
    ..\HAL_lib\STM32F4xx_HAL_Driver\Src\stm32f4xx_hal.c 0x00000000   Number         0  stm32f4xx_hal.o ABSOLUTE
    ..\HAL_lib\STM32F4xx_HAL_Driver\Src\stm32f4xx_hal_cortex.c 0x00000000   Number         0  stm32f4xx_hal_cortex.o ABSOLUTE
    ..\HAL_lib\STM32F4xx_HAL_Driver\Src\stm32f4xx_hal_crc.c 0x00000000   Number         0  stm32f4xx_hal_crc.o ABSOLUTE
    ..\HAL_lib\STM32F4xx_HAL_Driver\Src\stm32f4xx_hal_dma.c 0x00000000   Number         0  stm32f4xx_hal_dma.o ABSOLUTE
    ..\HAL_lib\STM32F4xx_HAL_Driver\Src\stm32f4xx_hal_dma_ex.c 0x00000000   Number         0  stm32f4xx_hal_dma_ex.o ABSOLUTE
    ..\HAL_lib\STM32F4xx_HAL_Driver\Src\stm32f4xx_hal_eth.c 0x00000000   Number         0  stm32f4xx_hal_eth.o ABSOLUTE
    ..\HAL_lib\STM32F4xx_HAL_Driver\Src\stm32f4xx_hal_gpio.c 0x00000000   Number         0  stm32f4xx_hal_gpio.o ABSOLUTE
    ..\HAL_lib\STM32F4xx_HAL_Driver\Src\stm32f4xx_hal_pwr.c 0x00000000   Number         0  stm32f4xx_hal_pwr.o ABSOLUTE
    ..\HAL_lib\STM32F4xx_HAL_Driver\Src\stm32f4xx_hal_pwr_ex.c 0x00000000   Number         0  stm32f4xx_hal_pwr_ex.o ABSOLUTE
    ..\HAL_lib\STM32F4xx_HAL_Driver\Src\stm32f4xx_hal_rcc.c 0x00000000   Number         0  stm32f4xx_hal_rcc.o ABSOLUTE
    ..\HAL_lib\STM32F4xx_HAL_Driver\Src\stm32f4xx_hal_rcc_ex.c 0x00000000   Number         0  stm32f4xx_hal_rcc_ex.o ABSOLUTE
    ..\HAL_lib\STM32F4xx_HAL_Driver\Src\stm32f4xx_hal_uart.c 0x00000000   Number         0  stm32f4xx_hal_uart.o ABSOLUTE
    ..\HAL_lib\STM32F4xx_HAL_Driver\Src\stm32f4xx_hal_usart.c 0x00000000   Number         0  stm32f4xx_hal_usart.o ABSOLUTE
    ..\SYSTEM\sys\sys.c                      0x00000000   Number         0  sys.o ABSOLUTE
    ..\SYSTEM\ticktim\ticktim.c              0x00000000   Number         0  ticktim.o ABSOLUTE
    ..\SYSTEM\usart_fifo\bsp_usart_fifo.c    0x00000000   Number         0  bsp_usart_fifo.o ABSOLUTE
    ..\\HAL_lib\\STM32F4xx_HAL_Driver\\Src\\stm32f4xx_hal.c 0x00000000   Number         0  stm32f4xx_hal.o ABSOLUTE
    ..\\HAL_lib\\STM32F4xx_HAL_Driver\\Src\\stm32f4xx_hal_cortex.c 0x00000000   Number         0  stm32f4xx_hal_cortex.o ABSOLUTE
    ..\\HAL_lib\\STM32F4xx_HAL_Driver\\Src\\stm32f4xx_hal_crc.c 0x00000000   Number         0  stm32f4xx_hal_crc.o ABSOLUTE
    ..\\HAL_lib\\STM32F4xx_HAL_Driver\\Src\\stm32f4xx_hal_dma.c 0x00000000   Number         0  stm32f4xx_hal_dma.o ABSOLUTE
    ..\\HAL_lib\\STM32F4xx_HAL_Driver\\Src\\stm32f4xx_hal_dma_ex.c 0x00000000   Number         0  stm32f4xx_hal_dma_ex.o ABSOLUTE
    ..\\HAL_lib\\STM32F4xx_HAL_Driver\\Src\\stm32f4xx_hal_eth.c 0x00000000   Number         0  stm32f4xx_hal_eth.o ABSOLUTE
    ..\\HAL_lib\\STM32F4xx_HAL_Driver\\Src\\stm32f4xx_hal_gpio.c 0x00000000   Number         0  stm32f4xx_hal_gpio.o ABSOLUTE
    ..\\HAL_lib\\STM32F4xx_HAL_Driver\\Src\\stm32f4xx_hal_pwr.c 0x00000000   Number         0  stm32f4xx_hal_pwr.o ABSOLUTE
    ..\\HAL_lib\\STM32F4xx_HAL_Driver\\Src\\stm32f4xx_hal_pwr_ex.c 0x00000000   Number         0  stm32f4xx_hal_pwr_ex.o ABSOLUTE
    ..\\HAL_lib\\STM32F4xx_HAL_Driver\\Src\\stm32f4xx_hal_rcc.c 0x00000000   Number         0  stm32f4xx_hal_rcc.o ABSOLUTE
    ..\\HAL_lib\\STM32F4xx_HAL_Driver\\Src\\stm32f4xx_hal_rcc_ex.c 0x00000000   Number         0  stm32f4xx_hal_rcc_ex.o ABSOLUTE
    ..\\HAL_lib\\STM32F4xx_HAL_Driver\\Src\\stm32f4xx_hal_uart.c 0x00000000   Number         0  stm32f4xx_hal_uart.o ABSOLUTE
    ..\\HAL_lib\\STM32F4xx_HAL_Driver\\Src\\stm32f4xx_hal_usart.c 0x00000000   Number         0  stm32f4xx_hal_usart.o ABSOLUTE
    ..\\SYSTEM\\sys\\sys.c                   0x00000000   Number         0  sys.o ABSOLUTE
    ..\\SYSTEM\\ticktim\\ticktim.c           0x00000000   Number         0  ticktim.o ABSOLUTE
    ..\\SYSTEM\\usart_fifo\\bsp_usart_fifo.c 0x00000000   Number         0  bsp_usart_fifo.o ABSOLUTE
    D:\Users\TRX\AppData\Local\Arm\Packs\Keil\ARM_Compiler\1.7.0\Source\EventRecorder.c 0x00000000   Number         0  eventrecorder.o ABSOLUTE
    D:\Users\TRX\AppData\Local\Arm\Packs\Keil\ARM_Compiler\1.7.0\Source\retarget_io.c 0x00000000   Number         0  retarget_io.o ABSOLUTE
    D:\\Users\\TRX\\AppData\\Local\\Arm\\Packs\\Keil\\ARM_Compiler\\1.7.0\\Source\\EventRecorder.c 0x00000000   Number         0  eventrecorder.o ABSOLUTE
    cdrcmple.s                               0x00000000   Number         0  cdrcmple.o ABSOLUTE
    dc.s                                     0x00000000   Number         0  dc.o ABSOLUTE
    handlers.s                               0x00000000   Number         0  handlers.o ABSOLUTE
    init.s                                   0x00000000   Number         0  init.o ABSOLUTE
    stm32f4_main\\main.c                     0x00000000   Number         0  main.o ABSOLUTE
    stm32f4_main\\stm32f4xx_hal_msp.c        0x00000000   Number         0  stm32f4xx_hal_msp.o ABSOLUTE
    stm32f4_main\\stm32f4xx_it.c             0x00000000   Number         0  stm32f4xx_it.o ABSOLUTE
    stm32f4_main\\system_stm32f4xx.c         0x00000000   Number         0  system_stm32f4xx.o ABSOLUTE
    stm32f4_main\main.c                      0x00000000   Number         0  main.o ABSOLUTE
    stm32f4_main\stm32f4xx_hal_msp.c         0x00000000   Number         0  stm32f4xx_hal_msp.o ABSOLUTE
    stm32f4_main\stm32f4xx_it.c              0x00000000   Number         0  stm32f4xx_it.o ABSOLUTE
    stm32f4_main\system_stm32f4xx.c          0x00000000   Number         0  system_stm32f4xx.o ABSOLUTE
    RESET                                    0x08000000   Section      392  startup_stm32f407xx.o(RESET)
    .ARM.Collect$$$$00000000                 0x08000188   Section        0  entry.o(.ARM.Collect$$$$00000000)
    .ARM.Collect$$$$00000001                 0x08000188   Section        4  entry2.o(.ARM.Collect$$$$00000001)
    .ARM.Collect$$$$00000004                 0x0800018c   Section        4  entry5.o(.ARM.Collect$$$$00000004)
    .ARM.Collect$$$$00000008                 0x08000190   Section        0  entry7b.o(.ARM.Collect$$$$00000008)
    .ARM.Collect$$$$0000000A                 0x08000190   Section        0  entry8b.o(.ARM.Collect$$$$0000000A)
    .ARM.Collect$$$$0000000B                 0x08000190   Section        8  entry9a.o(.ARM.Collect$$$$0000000B)
    .ARM.Collect$$$$0000000E                 0x08000198   Section        4  entry12b.o(.ARM.Collect$$$$0000000E)
    .ARM.Collect$$$$0000000F                 0x0800019c   Section        0  entry10a.o(.ARM.Collect$$$$0000000F)
    .ARM.Collect$$$$00000011                 0x0800019c   Section        0  entry11a.o(.ARM.Collect$$$$00000011)
    .ARM.Collect$$$$00002712                 0x0800019c   Section        4  entry2.o(.ARM.Collect$$$$00002712)
    __lit__00000000                          0x0800019c   Data           4  entry2.o(.ARM.Collect$$$$00002712)
    .emb_text                                0x080001a0   Section      132  eventrecorder.o(.emb_text)
    $v0                                      0x080001a0   Number         0  eventrecorder.o(.emb_text)
    .text                                    0x08000224   Section       36  startup_stm32f407xx.o(.text)
    $v0                                      0x08000224   Number         0  startup_stm32f407xx.o(.text)
    .text                                    0x08000248   Section        0  uldiv.o(.text)
    .text                                    0x080002aa   Section        0  memcpya.o(.text)
    .text                                    0x080002ce   Section        0  memseta.o(.text)
    .text                                    0x080002f2   Section        0  strlen.o(.text)
    .text                                    0x08000300   Section        0  uidiv.o(.text)
    .text                                    0x0800032c   Section        0  llshl.o(.text)
    .text                                    0x0800034a   Section        0  llushr.o(.text)
    .text                                    0x0800036c   Section       36  init.o(.text)
    i.BusFault_Handler                       0x08000390   Section        0  stm32f4xx_it.o(i.BusFault_Handler)
    i.ComToUart                              0x08000394   Section        0  bsp_usart_fifo.o(i.ComToUart)
    i.DebugMon_Handler                       0x08000424   Section        0  stm32f4xx_it.o(i.DebugMon_Handler)
    i.EventGetTS                             0x08000428   Section        0  eventrecorder.o(i.EventGetTS)
    EventGetTS                               0x08000429   Thumb Code    78  eventrecorder.o(i.EventGetTS)
    i.EventRecordItem                        0x08000480   Section        0  eventrecorder.o(i.EventRecordItem)
    EventRecordItem                          0x08000481   Thumb Code   206  eventrecorder.o(i.EventRecordItem)
    i.EventRecorderEnable                    0x08000558   Section        0  eventrecorder.o(i.EventRecorderEnable)
    i.EventRecorderInitialize                0x080005b4   Section        0  eventrecorder.o(i.EventRecorderInitialize)
    i.EventRecorderStart                     0x080006e4   Section        0  eventrecorder.o(i.EventRecorderStart)
    i.EventRecorderTimerGetCount             0x08000714   Section        0  eventrecorder.o(i.EventRecorderTimerGetCount)
    i.EventRecorderTimerGetFreq              0x08000720   Section        0  eventrecorder.o(i.EventRecorderTimerGetFreq)
    i.EventRecorderTimerSetup                0x0800072c   Section        0  eventrecorder.o(i.EventRecorderTimerSetup)
    i.HAL_GPIO_Init                          0x08000750   Section        0  stm32f4xx_hal_gpio.o(i.HAL_GPIO_Init)
    i.HAL_GetREVID                           0x08000950   Section        0  stm32f4xx_hal.o(i.HAL_GetREVID)
    i.HAL_GetTick                            0x0800095c   Section        0  stm32f4xx_hal.o(i.HAL_GetTick)
    i.HAL_IncTick                            0x08000968   Section        0  stm32f4xx_hal.o(i.HAL_IncTick)
    i.HAL_Init                               0x08000980   Section        0  stm32f4xx_hal.o(i.HAL_Init)
    i.HAL_InitTick                           0x080009b0   Section        0  stm32f4xx_hal.o(i.HAL_InitTick)
    i.HAL_MspInit                            0x080009fc   Section        0  stm32f4xx_hal_msp.o(i.HAL_MspInit)
    i.HAL_NVIC_EnableIRQ                     0x080009fe   Section        0  stm32f4xx_hal_cortex.o(i.HAL_NVIC_EnableIRQ)
    i.HAL_NVIC_SetPriority                   0x08000a18   Section        0  stm32f4xx_hal_cortex.o(i.HAL_NVIC_SetPriority)
    i.HAL_NVIC_SetPriorityGrouping           0x08000a94   Section        0  stm32f4xx_hal_cortex.o(i.HAL_NVIC_SetPriorityGrouping)
    i.HAL_RCC_ClockConfig                    0x08000abc   Section        0  stm32f4xx_hal_rcc.o(i.HAL_RCC_ClockConfig)
    i.HAL_RCC_GetHCLKFreq                    0x08000c3c   Section        0  stm32f4xx_hal_rcc.o(i.HAL_RCC_GetHCLKFreq)
    i.HAL_RCC_GetPCLK1Freq                   0x08000c48   Section        0  stm32f4xx_hal_rcc.o(i.HAL_RCC_GetPCLK1Freq)
    i.HAL_RCC_GetPCLK2Freq                   0x08000c68   Section        0  stm32f4xx_hal_rcc.o(i.HAL_RCC_GetPCLK2Freq)
    i.HAL_RCC_GetSysClockFreq                0x08000c88   Section        0  stm32f4xx_hal_rcc.o(i.HAL_RCC_GetSysClockFreq)
    i.HAL_RCC_OscConfig                      0x08000d38   Section        0  stm32f4xx_hal_rcc.o(i.HAL_RCC_OscConfig)
    i.HAL_SYSTICK_Config                     0x08001180   Section        0  stm32f4xx_hal_cortex.o(i.HAL_SYSTICK_Config)
    i.HAL_UART_Init                          0x080011b4   Section        0  stm32f4xx_hal_uart.o(i.HAL_UART_Init)
    i.HAL_UART_MspInit                       0x08001226   Section        0  stm32f4xx_hal_uart.o(i.HAL_UART_MspInit)
    i.HardFault_Handler                      0x08001228   Section        0  stm32f4xx_it.o(i.HardFault_Handler)
    i.InitHardUart                           0x0800122c   Section        0  bsp_usart_fifo.o(i.InitHardUart)
    InitHardUart                             0x0800122d   Thumb Code   636  bsp_usart_fifo.o(i.InitHardUart)
    i.MemManage_Handler                      0x080014c0   Section        0  stm32f4xx_it.o(i.MemManage_Handler)
    i.NMI_Handler                            0x080014c4   Section        0  stm32f4xx_it.o(i.NMI_Handler)
    i.NVIC_GetPriorityGrouping               0x080014c8   Section        0  stm32f4xx_hal_cortex.o(i.NVIC_GetPriorityGrouping)
    NVIC_GetPriorityGrouping                 0x080014c9   Thumb Code    10  stm32f4xx_hal_cortex.o(i.NVIC_GetPriorityGrouping)
    i.NVIC_SetPriority                       0x080014d8   Section        0  stm32f4xx_hal_cortex.o(i.NVIC_SetPriority)
    NVIC_SetPriority                         0x080014d9   Thumb Code    32  stm32f4xx_hal_cortex.o(i.NVIC_SetPriority)
    i.PendSV_Handler                         0x08001500   Section        0  stm32f4xx_it.o(i.PendSV_Handler)
    i.SVC_Handler                            0x08001502   Section        0  stm32f4xx_it.o(i.SVC_Handler)
    i.Stm32_Clock_Init                       0x08001504   Section        0  sys.o(i.Stm32_Clock_Init)
    i.SysTick_Handler                        0x080015d0   Section        0  ticktim.o(i.SysTick_Handler)
    i.SysTick_ISR                            0x080015ec   Section        0  ticktim.o(i.SysTick_ISR)
    SysTick_ISR                              0x080015ed   Thumb Code   168  ticktim.o(i.SysTick_ISR)
    i.SystemInit                             0x080016a4   Section        0  system_stm32f4xx.o(i.SystemInit)
    i.UART_SetConfig                         0x08001708   Section        0  stm32f4xx_hal_uart.o(i.UART_SetConfig)
    UART_SetConfig                           0x08001709   Thumb Code   864  stm32f4xx_hal_uart.o(i.UART_SetConfig)
    i.USART1_IRQHandler                      0x08001a70   Section        0  bsp_usart_fifo.o(i.USART1_IRQHandler)
    i.USART2_IRQHandler                      0x08001a80   Section        0  bsp_usart_fifo.o(i.USART2_IRQHandler)
    i.USART3_IRQHandler                      0x08001a90   Section        0  bsp_usart_fifo.o(i.USART3_IRQHandler)
    i.UartGetChar                            0x08001aa0   Section        0  bsp_usart_fifo.o(i.UartGetChar)
    UartGetChar                              0x08001aa1   Thumb Code    74  bsp_usart_fifo.o(i.UartGetChar)
    i.UartIRQ                                0x08001aea   Section        0  bsp_usart_fifo.o(i.UartIRQ)
    UartIRQ                                  0x08001aeb   Thumb Code   246  bsp_usart_fifo.o(i.UartIRQ)
    i.UartSend                               0x08001be0   Section        0  bsp_usart_fifo.o(i.UartSend)
    UartSend                                 0x08001be1   Thumb Code   146  bsp_usart_fifo.o(i.UartSend)
    i.UartVarInit                            0x08001c74   Section        0  bsp_usart_fifo.o(i.UartVarInit)
    UartVarInit                              0x08001c75   Thumb Code   142  bsp_usart_fifo.o(i.UartVarInit)
    i.UsageFault_Handler                     0x08001d34   Section        0  stm32f4xx_it.o(i.UsageFault_Handler)
    i.__0printf$3                            0x08001d38   Section        0  printf3.o(i.__0printf$3)
    i.__scatterload_copy                     0x08001d58   Section       14  handlers.o(i.__scatterload_copy)
    i.__scatterload_null                     0x08001d66   Section        2  handlers.o(i.__scatterload_null)
    i.__scatterload_zeroinit                 0x08001d68   Section       14  handlers.o(i.__scatterload_zeroinit)
    i.__set_PRIMASK                          0x08001d76   Section        0  ticktim.o(i.__set_PRIMASK)
    __set_PRIMASK                            0x08001d77   Thumb Code     6  ticktim.o(i.__set_PRIMASK)
    i.__set_PRIMASK                          0x08001d7c   Section        0  bsp_usart_fifo.o(i.__set_PRIMASK)
    __set_PRIMASK                            0x08001d7d   Thumb Code     6  bsp_usart_fifo.o(i.__set_PRIMASK)
    i._printf_core                           0x08001d84   Section        0  printf3.o(i._printf_core)
    _printf_core                             0x08001d85   Thumb Code   436  printf3.o(i._printf_core)
    i.bsp_InitTimer                          0x08001f3c   Section        0  ticktim.o(i.bsp_InitTimer)
    i.bsp_InitUart                           0x08001fe8   Section        0  bsp_usart_fifo.o(i.bsp_InitUart)
    i.bsp_RunPer10ms                         0x08001ff4   Section        0  ticktim.o(i.bsp_RunPer10ms)
    i.bsp_RunPer1ms                          0x08001ff6   Section        0  ticktim.o(i.bsp_RunPer1ms)
    i.bsp_RunPer50ms                         0x08001ff8   Section        0  main.o(i.bsp_RunPer50ms)
    i.bsp_SetUartParam                       0x080020ec   Section        0  bsp_usart_fifo.o(i.bsp_SetUartParam)
    i.bsp_SoftTimerDec                       0x0800217c   Section        0  ticktim.o(i.bsp_SoftTimerDec)
    bsp_SoftTimerDec                         0x0800217d   Thumb Code    28  ticktim.o(i.bsp_SoftTimerDec)
    i.bsp_StartAutoTimer                     0x08002198   Section        0  ticktim.o(i.bsp_StartAutoTimer)
    i.bsp_StartOnceTimer                     0x0800223c   Section        0  ticktim.o(i.bsp_StartOnceTimer)
    i.comGetChar                             0x080022dc   Section        0  bsp_usart_fifo.o(i.comGetChar)
    i.comSendBuf                             0x080022fa   Section        0  bsp_usart_fifo.o(i.comSendBuf)
    i.comSendChar                            0x08002328   Section        0  bsp_usart_fifo.o(i.comSendChar)
    i.crc16_ccitt                            0x08002338   Section        0  eventrecorder.o(i.crc16_ccitt)
    crc16_ccitt                              0x08002339   Thumb Code    66  eventrecorder.o(i.crc16_ccitt)
    i.fputc                                  0x0800237a   Section        0  bsp_usart_fifo.o(i.fputc)
    i.func1                                  0x0800238c   Section        0  main.o(i.func1)
    i.func2                                  0x080023a8   Section        0  main.o(i.func2)
    i.func3                                  0x080023c4   Section        0  main.o(i.func3)
    i.main                                   0x080023dc   Section        0  main.o(i.main)
    .constdata                               0x08002434   Section       24  system_stm32f4xx.o(.constdata)
    .constdata                               0x0800244c   Section       38  ticktim.o(.constdata)
    __FUNCTION__                             0x0800244c   Data          19  ticktim.o(.constdata)
    __FUNCTION__                             0x0800245f   Data          19  ticktim.o(.constdata)
    .constdata                               0x08002474   Section       24  eventrecorder.o(.constdata)
    __tagsym$$used                           0x08002474   Number         0  eventrecorder.o(.constdata)
    .data                                    0x20000000   Section        4  system_stm32f4xx.o(.data)
    .data                                    0x20000004   Section        7  ticktim.o(.data)
    g_ucEnableSystickISR                     0x20000008   Data           1  ticktim.o(.data)
    s_count10ms                              0x20000009   Data           1  ticktim.o(.data)
    s_count50ms                              0x2000000a   Data           1  ticktim.o(.data)
    .data                                    0x2000000c   Section        9  stm32f4xx_hal.o(.data)
    .data                                    0x20000018   Section        4  stdout.o(.data)
    .bss                                     0x2000001c   Section       64  ticktim.o(.bss)
    s_tTmr                                   0x2000001c   Data          64  ticktim.o(.bss)
    .bss                                     0x2000005c   Section     6288  bsp_usart_fifo.o(.bss)
    g_tUart1                                 0x2000005c   Data          44  bsp_usart_fifo.o(.bss)
    g_TxBuff1                                0x20000088   Data        1024  bsp_usart_fifo.o(.bss)
    g_RxBuff1                                0x20000488   Data        1024  bsp_usart_fifo.o(.bss)
    g_tUart2                                 0x20000888   Data          44  bsp_usart_fifo.o(.bss)
    g_TxBuf2                                 0x200008b4   Data          10  bsp_usart_fifo.o(.bss)
    g_RxBuf2                                 0x200008be   Data        2048  bsp_usart_fifo.o(.bss)
    g_tUart3                                 0x200010c0   Data          44  bsp_usart_fifo.o(.bss)
    g_TxBuf3                                 0x200010ec   Data        1024  bsp_usart_fifo.o(.bss)
    g_RxBuf3                                 0x200014ec   Data        1024  bsp_usart_fifo.o(.bss)
    STACK                                    0x200018f0   Section     1024  startup_stm32f407xx.o(STACK)
    .bss                                     0x20010000   Section        1  eventrecorder.o(.bss)
    TS_OverflowLock                          0x20010000   Data           1  eventrecorder.o(.bss)
    .bss.noinit                              0x20010040   Section    32932  eventrecorder.o(.bss.noinit)
    EventBuffer                              0x20010040   Data       32768  eventrecorder.o(.bss.noinit)
    EventFilter                              0x20018040   Data         128  eventrecorder.o(.bss.noinit)
    EventStatus                              0x200180c0   Data          36  eventrecorder.o(.bss.noinit)

    Global Symbols

    Symbol Name                              Value     Ov Type        Size  Object(Section)

    BuildAttributes$$THM_ISAv4$E$P$D$K$B$S$7EM$VFPi3$EXTD16$VFPS$VFMA$PE$A:L22UL41UL21$X:L11$S22US41US21$IEEE1$IW$USESV6$~STKCKD$USESV7$~SHL$OSPACE$ROPI$EBA8$MICROLIB$REQ8$PRES8$EABIv2 0x00000000   Number         0  anon$$obj.o ABSOLUTE
    __ARM_use_no_argv                        0x00000000   Number         0  main.o ABSOLUTE
    _printf_a                                0x00000000   Number         0  stubs.o ABSOLUTE
    _printf_c                                0x00000000   Number         0  stubs.o ABSOLUTE
    _printf_charcount                        0x00000000   Number         0  stubs.o ABSOLUTE
    _printf_d                                0x00000000   Number         0  stubs.o ABSOLUTE
    _printf_e                                0x00000000   Number         0  stubs.o ABSOLUTE
    _printf_f                                0x00000000   Number         0  stubs.o ABSOLUTE
    _printf_flags                            0x00000000   Number         0  stubs.o ABSOLUTE
    _printf_fp_dec                           0x00000000   Number         0  stubs.o ABSOLUTE
    _printf_fp_hex                           0x00000000   Number         0  stubs.o ABSOLUTE
    _printf_g                                0x00000000   Number         0  stubs.o ABSOLUTE
    _printf_i                                0x00000000   Number         0  stubs.o ABSOLUTE
    _printf_int_dec                          0x00000000   Number         0  stubs.o ABSOLUTE
    _printf_l                                0x00000000   Number         0  stubs.o ABSOLUTE
    _printf_lc                               0x00000000   Number         0  stubs.o ABSOLUTE
    _printf_ll                               0x00000000   Number         0  stubs.o ABSOLUTE
    _printf_lld                              0x00000000   Number         0  stubs.o ABSOLUTE
    _printf_lli                              0x00000000   Number         0  stubs.o ABSOLUTE
    _printf_llo                              0x00000000   Number         0  stubs.o ABSOLUTE
    _printf_llu                              0x00000000   Number         0  stubs.o ABSOLUTE
    _printf_llx                              0x00000000   Number         0  stubs.o ABSOLUTE
    _printf_longlong_dec                     0x00000000   Number         0  stubs.o ABSOLUTE
    _printf_longlong_hex                     0x00000000   Number         0  stubs.o ABSOLUTE
    _printf_longlong_oct                     0x00000000   Number         0  stubs.o ABSOLUTE
    _printf_ls                               0x00000000   Number         0  stubs.o ABSOLUTE
    _printf_mbtowc                           0x00000000   Number         0  stubs.o ABSOLUTE
    _printf_n                                0x00000000   Number         0  stubs.o ABSOLUTE
    _printf_o                                0x00000000   Number         0  stubs.o ABSOLUTE
    _printf_p                                0x00000000   Number         0  stubs.o ABSOLUTE
    _printf_percent                          0x00000000   Number         0  stubs.o ABSOLUTE
    _printf_pre_padding                      0x00000000   Number         0  stubs.o ABSOLUTE
    _printf_return_value                     0x00000000   Number         0  stubs.o ABSOLUTE
    _printf_s                                0x00000000   Number         0  stubs.o ABSOLUTE
    _printf_sizespec                         0x00000000   Number         0  stubs.o ABSOLUTE
    _printf_str                              0x00000000   Number         0  stubs.o ABSOLUTE
    _printf_truncate_signed                  0x00000000   Number         0  stubs.o ABSOLUTE
    _printf_truncate_unsigned                0x00000000   Number         0  stubs.o ABSOLUTE
    _printf_u                                0x00000000   Number         0  stubs.o ABSOLUTE
    _printf_wc                               0x00000000   Number         0  stubs.o ABSOLUTE
    _printf_wctomb                           0x00000000   Number         0  stubs.o ABSOLUTE
    _printf_widthprec                        0x00000000   Number         0  stubs.o ABSOLUTE
    _printf_x                                0x00000000   Number         0  stubs.o ABSOLUTE
    __arm_fini_                               - Undefined Weak Reference
    __cpp_initialize__aeabi_                  - Undefined Weak Reference
    __cxa_finalize                            - Undefined Weak Reference
    __decompress                              - Undefined Weak Reference
    _clock_init                               - Undefined Weak Reference
    _microlib_exit                            - Undefined Weak Reference
    __Vectors_Size                           0x00000188   Number         0  startup_stm32f407xx.o ABSOLUTE
    __Vectors                                0x08000000   Data           4  startup_stm32f407xx.o(RESET)
    __Vectors_End                            0x08000188   Data           0  startup_stm32f407xx.o(RESET)
    __main                                   0x08000189   Thumb Code     0  entry.o(.ARM.Collect$$$$00000000)
    _main_stk                                0x08000189   Thumb Code     0  entry2.o(.ARM.Collect$$$$00000001)
    _main_scatterload                        0x0800018d   Thumb Code     0  entry5.o(.ARM.Collect$$$$00000004)
    __main_after_scatterload                 0x08000191   Thumb Code     0  entry5.o(.ARM.Collect$$$$00000004)
    _main_clock                              0x08000191   Thumb Code     0  entry7b.o(.ARM.Collect$$$$00000008)
    _main_cpp_init                           0x08000191   Thumb Code     0  entry8b.o(.ARM.Collect$$$$0000000A)
    _main_init                               0x08000191   Thumb Code     0  entry9a.o(.ARM.Collect$$$$0000000B)
    __rt_lib_shutdown_fini                   0x08000199   Thumb Code     0  entry12b.o(.ARM.Collect$$$$0000000E)
    __rt_final_cpp                           0x0800019d   Thumb Code     0  entry10a.o(.ARM.Collect$$$$0000000F)
    __rt_final_exit                          0x0800019d   Thumb Code     0  entry11a.o(.ARM.Collect$$$$00000011)
    __asm___15_EventRecorder_c_e8d3082c__atomic_inc8 0x080001a1   Thumb Code    18  eventrecorder.o(.emb_text)
    __asm___15_EventRecorder_c_e8d3082c__atomic_inc32 0x080001b3   Thumb Code    18  eventrecorder.o(.emb_text)
    __asm___15_EventRecorder_c_e8d3082c__atomic_wr8 0x080001c5   Thumb Code    16  eventrecorder.o(.emb_text)
    __asm___15_EventRecorder_c_e8d3082c__atomic_wr32 0x080001d5   Thumb Code    16  eventrecorder.o(.emb_text)
    __asm___15_EventRecorder_c_e8d3082c__LockRecord 0x080001e5   Thumb Code    34  eventrecorder.o(.emb_text)
    __asm___15_EventRecorder_c_e8d3082c__UnlockRecord 0x08000207   Thumb Code    30  eventrecorder.o(.emb_text)
    Reset_Handler                            0x08000225   Thumb Code     8  startup_stm32f407xx.o(.text)
    ADC_IRQHandler                           0x0800023f   Thumb Code     0  startup_stm32f407xx.o(.text)
    CAN1_RX0_IRQHandler                      0x0800023f   Thumb Code     0  startup_stm32f407xx.o(.text)
    CAN1_RX1_IRQHandler                      0x0800023f   Thumb Code     0  startup_stm32f407xx.o(.text)
    CAN1_SCE_IRQHandler                      0x0800023f   Thumb Code     0  startup_stm32f407xx.o(.text)
    CAN1_TX_IRQHandler                       0x0800023f   Thumb Code     0  startup_stm32f407xx.o(.text)
    CAN2_RX0_IRQHandler                      0x0800023f   Thumb Code     0  startup_stm32f407xx.o(.text)
    CAN2_RX1_IRQHandler                      0x0800023f   Thumb Code     0  startup_stm32f407xx.o(.text)
    CAN2_SCE_IRQHandler                      0x0800023f   Thumb Code     0  startup_stm32f407xx.o(.text)
    CAN2_TX_IRQHandler                       0x0800023f   Thumb Code     0  startup_stm32f407xx.o(.text)
    DCMI_IRQHandler                          0x0800023f   Thumb Code     0  startup_stm32f407xx.o(.text)
    DMA1_Stream0_IRQHandler                  0x0800023f   Thumb Code     0  startup_stm32f407xx.o(.text)
    DMA1_Stream1_IRQHandler                  0x0800023f   Thumb Code     0  startup_stm32f407xx.o(.text)
    DMA1_Stream2_IRQHandler                  0x0800023f   Thumb Code     0  startup_stm32f407xx.o(.text)
    DMA1_Stream3_IRQHandler                  0x0800023f   Thumb Code     0  startup_stm32f407xx.o(.text)
    DMA1_Stream4_IRQHandler                  0x0800023f   Thumb Code     0  startup_stm32f407xx.o(.text)
    DMA1_Stream5_IRQHandler                  0x0800023f   Thumb Code     0  startup_stm32f407xx.o(.text)
    DMA1_Stream6_IRQHandler                  0x0800023f   Thumb Code     0  startup_stm32f407xx.o(.text)
    DMA1_Stream7_IRQHandler                  0x0800023f   Thumb Code     0  startup_stm32f407xx.o(.text)
    DMA2_Stream0_IRQHandler                  0x0800023f   Thumb Code     0  startup_stm32f407xx.o(.text)
    DMA2_Stream1_IRQHandler                  0x0800023f   Thumb Code     0  startup_stm32f407xx.o(.text)
    DMA2_Stream2_IRQHandler                  0x0800023f   Thumb Code     0  startup_stm32f407xx.o(.text)
    DMA2_Stream3_IRQHandler                  0x0800023f   Thumb Code     0  startup_stm32f407xx.o(.text)
    DMA2_Stream4_IRQHandler                  0x0800023f   Thumb Code     0  startup_stm32f407xx.o(.text)
    DMA2_Stream5_IRQHandler                  0x0800023f   Thumb Code     0  startup_stm32f407xx.o(.text)
    DMA2_Stream6_IRQHandler                  0x0800023f   Thumb Code     0  startup_stm32f407xx.o(.text)
    DMA2_Stream7_IRQHandler                  0x0800023f   Thumb Code     0  startup_stm32f407xx.o(.text)
    ETH_IRQHandler                           0x0800023f   Thumb Code     0  startup_stm32f407xx.o(.text)
    ETH_WKUP_IRQHandler                      0x0800023f   Thumb Code     0  startup_stm32f407xx.o(.text)
    EXTI0_IRQHandler                         0x0800023f   Thumb Code     0  startup_stm32f407xx.o(.text)
    EXTI15_10_IRQHandler                     0x0800023f   Thumb Code     0  startup_stm32f407xx.o(.text)
    EXTI1_IRQHandler                         0x0800023f   Thumb Code     0  startup_stm32f407xx.o(.text)
    EXTI2_IRQHandler                         0x0800023f   Thumb Code     0  startup_stm32f407xx.o(.text)
    EXTI3_IRQHandler                         0x0800023f   Thumb Code     0  startup_stm32f407xx.o(.text)
    EXTI4_IRQHandler                         0x0800023f   Thumb Code     0  startup_stm32f407xx.o(.text)
    EXTI9_5_IRQHandler                       0x0800023f   Thumb Code     0  startup_stm32f407xx.o(.text)
    FLASH_IRQHandler                         0x0800023f   Thumb Code     0  startup_stm32f407xx.o(.text)
    FMC_IRQHandler                           0x0800023f   Thumb Code     0  startup_stm32f407xx.o(.text)
    FPU_IRQHandler                           0x0800023f   Thumb Code     0  startup_stm32f407xx.o(.text)
    HASH_RNG_IRQHandler                      0x0800023f   Thumb Code     0  startup_stm32f407xx.o(.text)
    I2C1_ER_IRQHandler                       0x0800023f   Thumb Code     0  startup_stm32f407xx.o(.text)
    I2C1_EV_IRQHandler                       0x0800023f   Thumb Code     0  startup_stm32f407xx.o(.text)
    I2C2_ER_IRQHandler                       0x0800023f   Thumb Code     0  startup_stm32f407xx.o(.text)
    I2C2_EV_IRQHandler                       0x0800023f   Thumb Code     0  startup_stm32f407xx.o(.text)
    I2C3_ER_IRQHandler                       0x0800023f   Thumb Code     0  startup_stm32f407xx.o(.text)
    I2C3_EV_IRQHandler                       0x0800023f   Thumb Code     0  startup_stm32f407xx.o(.text)
    OTG_FS_IRQHandler                        0x0800023f   Thumb Code     0  startup_stm32f407xx.o(.text)
    OTG_FS_WKUP_IRQHandler                   0x0800023f   Thumb Code     0  startup_stm32f407xx.o(.text)
    OTG_HS_EP1_IN_IRQHandler                 0x0800023f   Thumb Code     0  startup_stm32f407xx.o(.text)
    OTG_HS_EP1_OUT_IRQHandler                0x0800023f   Thumb Code     0  startup_stm32f407xx.o(.text)
    OTG_HS_IRQHandler                        0x0800023f   Thumb Code     0  startup_stm32f407xx.o(.text)
    OTG_HS_WKUP_IRQHandler                   0x0800023f   Thumb Code     0  startup_stm32f407xx.o(.text)
    PVD_IRQHandler                           0x0800023f   Thumb Code     0  startup_stm32f407xx.o(.text)
    RCC_IRQHandler                           0x0800023f   Thumb Code     0  startup_stm32f407xx.o(.text)
    RTC_Alarm_IRQHandler                     0x0800023f   Thumb Code     0  startup_stm32f407xx.o(.text)
    RTC_WKUP_IRQHandler                      0x0800023f   Thumb Code     0  startup_stm32f407xx.o(.text)
    SDIO_IRQHandler                          0x0800023f   Thumb Code     0  startup_stm32f407xx.o(.text)
    SPI1_IRQHandler                          0x0800023f   Thumb Code     0  startup_stm32f407xx.o(.text)
    SPI2_IRQHandler                          0x0800023f   Thumb Code     0  startup_stm32f407xx.o(.text)
    SPI3_IRQHandler                          0x0800023f   Thumb Code     0  startup_stm32f407xx.o(.text)
    TAMP_STAMP_IRQHandler                    0x0800023f   Thumb Code     0  startup_stm32f407xx.o(.text)
    TIM1_BRK_TIM9_IRQHandler                 0x0800023f   Thumb Code     0  startup_stm32f407xx.o(.text)
    TIM1_CC_IRQHandler                       0x0800023f   Thumb Code     0  startup_stm32f407xx.o(.text)
    TIM1_TRG_COM_TIM11_IRQHandler            0x0800023f   Thumb Code     0  startup_stm32f407xx.o(.text)
    TIM1_UP_TIM10_IRQHandler                 0x0800023f   Thumb Code     0  startup_stm32f407xx.o(.text)
    TIM2_IRQHandler                          0x0800023f   Thumb Code     0  startup_stm32f407xx.o(.text)
    TIM3_IRQHandler                          0x0800023f   Thumb Code     0  startup_stm32f407xx.o(.text)
    TIM4_IRQHandler                          0x0800023f   Thumb Code     0  startup_stm32f407xx.o(.text)
    TIM5_IRQHandler                          0x0800023f   Thumb Code     0  startup_stm32f407xx.o(.text)
    TIM6_DAC_IRQHandler                      0x0800023f   Thumb Code     0  startup_stm32f407xx.o(.text)
    TIM7_IRQHandler                          0x0800023f   Thumb Code     0  startup_stm32f407xx.o(.text)
    TIM8_BRK_TIM12_IRQHandler                0x0800023f   Thumb Code     0  startup_stm32f407xx.o(.text)
    TIM8_CC_IRQHandler                       0x0800023f   Thumb Code     0  startup_stm32f407xx.o(.text)
    TIM8_TRG_COM_TIM14_IRQHandler            0x0800023f   Thumb Code     0  startup_stm32f407xx.o(.text)
    TIM8_UP_TIM13_IRQHandler                 0x0800023f   Thumb Code     0  startup_stm32f407xx.o(.text)
    UART4_IRQHandler                         0x0800023f   Thumb Code     0  startup_stm32f407xx.o(.text)
    UART5_IRQHandler                         0x0800023f   Thumb Code     0  startup_stm32f407xx.o(.text)
    USART6_IRQHandler                        0x0800023f   Thumb Code     0  startup_stm32f407xx.o(.text)
    WWDG_IRQHandler                          0x0800023f   Thumb Code     0  startup_stm32f407xx.o(.text)
    __aeabi_uldivmod                         0x08000249   Thumb Code    98  uldiv.o(.text)
    __aeabi_memcpy                           0x080002ab   Thumb Code    36  memcpya.o(.text)
    __aeabi_memcpy4                          0x080002ab   Thumb Code     0  memcpya.o(.text)
    __aeabi_memcpy8                          0x080002ab   Thumb Code     0  memcpya.o(.text)
    __aeabi_memset                           0x080002cf   Thumb Code    14  memseta.o(.text)
    __aeabi_memset4                          0x080002cf   Thumb Code     0  memseta.o(.text)
    __aeabi_memset8                          0x080002cf   Thumb Code     0  memseta.o(.text)
    __aeabi_memclr                           0x080002dd   Thumb Code     4  memseta.o(.text)
    __aeabi_memclr4                          0x080002dd   Thumb Code     0  memseta.o(.text)
    __aeabi_memclr8                          0x080002dd   Thumb Code     0  memseta.o(.text)
    _memset$wrapper                          0x080002e1   Thumb Code    18  memseta.o(.text)
    strlen                                   0x080002f3   Thumb Code    14  strlen.o(.text)
    __aeabi_uidiv                            0x08000301   Thumb Code     0  uidiv.o(.text)
    __aeabi_uidivmod                         0x08000301   Thumb Code    44  uidiv.o(.text)
    __aeabi_llsl                             0x0800032d   Thumb Code    30  llshl.o(.text)
    _ll_shift_l                              0x0800032d   Thumb Code     0  llshl.o(.text)
    __aeabi_llsr                             0x0800034b   Thumb Code    32  llushr.o(.text)
    _ll_ushift_r                             0x0800034b   Thumb Code     0  llushr.o(.text)
    __scatterload                            0x0800036d   Thumb Code    28  init.o(.text)
    __scatterload_rt2                        0x0800036d   Thumb Code     0  init.o(.text)
    BusFault_Handler                         0x08000391   Thumb Code     4  stm32f4xx_it.o(i.BusFault_Handler)
    ComToUart                                0x08000395   Thumb Code    42  bsp_usart_fifo.o(i.ComToUart)
    DebugMon_Handler                         0x08000425   Thumb Code     2  stm32f4xx_it.o(i.DebugMon_Handler)
    EventRecorderEnable                      0x08000559   Thumb Code    88  eventrecorder.o(i.EventRecorderEnable)
    EventRecorderInitialize                  0x080005b5   Thumb Code   276  eventrecorder.o(i.EventRecorderInitialize)
    EventRecorderStart                       0x080006e5   Thumb Code    40  eventrecorder.o(i.EventRecorderStart)
    EventRecorderTimerGetCount               0x08000715   Thumb Code     6  eventrecorder.o(i.EventRecorderTimerGetCount)
    EventRecorderTimerGetFreq                0x08000721   Thumb Code     6  eventrecorder.o(i.EventRecorderTimerGetFreq)
    EventRecorderTimerSetup                  0x0800072d   Thumb Code    28  eventrecorder.o(i.EventRecorderTimerSetup)
    HAL_GPIO_Init                            0x08000751   Thumb Code   466  stm32f4xx_hal_gpio.o(i.HAL_GPIO_Init)
    HAL_GetREVID                             0x08000951   Thumb Code     8  stm32f4xx_hal.o(i.HAL_GetREVID)
    HAL_GetTick                              0x0800095d   Thumb Code     6  stm32f4xx_hal.o(i.HAL_GetTick)
    HAL_IncTick                              0x08000969   Thumb Code    16  stm32f4xx_hal.o(i.HAL_IncTick)
    HAL_Init                                 0x08000981   Thumb Code    44  stm32f4xx_hal.o(i.HAL_Init)
    HAL_InitTick                             0x080009b1   Thumb Code    64  stm32f4xx_hal.o(i.HAL_InitTick)
    HAL_MspInit                              0x080009fd   Thumb Code     2  stm32f4xx_hal_msp.o(i.HAL_MspInit)
    HAL_NVIC_EnableIRQ                       0x080009ff   Thumb Code    26  stm32f4xx_hal_cortex.o(i.HAL_NVIC_EnableIRQ)
    HAL_NVIC_SetPriority                     0x08000a19   Thumb Code   124  stm32f4xx_hal_cortex.o(i.HAL_NVIC_SetPriority)
    HAL_NVIC_SetPriorityGrouping             0x08000a95   Thumb Code    32  stm32f4xx_hal_cortex.o(i.HAL_NVIC_SetPriorityGrouping)
    HAL_RCC_ClockConfig                      0x08000abd   Thumb Code   366  stm32f4xx_hal_rcc.o(i.HAL_RCC_ClockConfig)
    HAL_RCC_GetHCLKFreq                      0x08000c3d   Thumb Code     6  stm32f4xx_hal_rcc.o(i.HAL_RCC_GetHCLKFreq)
    HAL_RCC_GetPCLK1Freq                     0x08000c49   Thumb Code    22  stm32f4xx_hal_rcc.o(i.HAL_RCC_GetPCLK1Freq)
    HAL_RCC_GetPCLK2Freq                     0x08000c69   Thumb Code    22  stm32f4xx_hal_rcc.o(i.HAL_RCC_GetPCLK2Freq)
    HAL_RCC_GetSysClockFreq                  0x08000c89   Thumb Code   162  stm32f4xx_hal_rcc.o(i.HAL_RCC_GetSysClockFreq)
    HAL_RCC_OscConfig                        0x08000d39   Thumb Code  1086  stm32f4xx_hal_rcc.o(i.HAL_RCC_OscConfig)
    HAL_SYSTICK_Config                       0x08001181   Thumb Code    52  stm32f4xx_hal_cortex.o(i.HAL_SYSTICK_Config)
    HAL_UART_Init                            0x080011b5   Thumb Code   114  stm32f4xx_hal_uart.o(i.HAL_UART_Init)
    HAL_UART_MspInit                         0x08001227   Thumb Code     2  stm32f4xx_hal_uart.o(i.HAL_UART_MspInit)
    HardFault_Handler                        0x08001229   Thumb Code     4  stm32f4xx_it.o(i.HardFault_Handler)
    MemManage_Handler                        0x080014c1   Thumb Code     4  stm32f4xx_it.o(i.MemManage_Handler)
    NMI_Handler                              0x080014c5   Thumb Code     2  stm32f4xx_it.o(i.NMI_Handler)
    PendSV_Handler                           0x08001501   Thumb Code     2  stm32f4xx_it.o(i.PendSV_Handler)
    SVC_Handler                              0x08001503   Thumb Code     2  stm32f4xx_it.o(i.SVC_Handler)
    Stm32_Clock_Init                         0x08001505   Thumb Code   190  sys.o(i.Stm32_Clock_Init)
    SysTick_Handler                          0x080015d1   Thumb Code    22  ticktim.o(i.SysTick_Handler)
    SystemInit                               0x080016a5   Thumb Code    82  system_stm32f4xx.o(i.SystemInit)
    USART1_IRQHandler                        0x08001a71   Thumb Code    10  bsp_usart_fifo.o(i.USART1_IRQHandler)
    USART2_IRQHandler                        0x08001a81   Thumb Code    10  bsp_usart_fifo.o(i.USART2_IRQHandler)
    USART3_IRQHandler                        0x08001a91   Thumb Code    10  bsp_usart_fifo.o(i.USART3_IRQHandler)
    UsageFault_Handler                       0x08001d35   Thumb Code     4  stm32f4xx_it.o(i.UsageFault_Handler)
    __0printf$3                              0x08001d39   Thumb Code    22  printf3.o(i.__0printf$3)
    __1printf$3                              0x08001d39   Thumb Code     0  printf3.o(i.__0printf$3)
    __2printf                                0x08001d39   Thumb Code     0  printf3.o(i.__0printf$3)
    __scatterload_copy                       0x08001d59   Thumb Code    14  handlers.o(i.__scatterload_copy)
    __scatterload_null                       0x08001d67   Thumb Code     2  handlers.o(i.__scatterload_null)
    __scatterload_zeroinit                   0x08001d69   Thumb Code    14  handlers.o(i.__scatterload_zeroinit)
    bsp_InitTimer                            0x08001f3d   Thumb Code   150  ticktim.o(i.bsp_InitTimer)
    bsp_InitUart                             0x08001fe9   Thumb Code    12  bsp_usart_fifo.o(i.bsp_InitUart)
    bsp_RunPer10ms                           0x08001ff5   Thumb Code     2  ticktim.o(i.bsp_RunPer10ms)
    bsp_RunPer1ms                            0x08001ff7   Thumb Code     2  ticktim.o(i.bsp_RunPer1ms)
    bsp_RunPer50ms                           0x08001ff9   Thumb Code   164  main.o(i.bsp_RunPer50ms)
    bsp_SetUartParam                         0x080020ed   Thumb Code    54  bsp_usart_fifo.o(i.bsp_SetUartParam)
    bsp_StartAutoTimer                       0x08002199   Thumb Code    94  ticktim.o(i.bsp_StartAutoTimer)
    bsp_StartOnceTimer                       0x0800223d   Thumb Code    92  ticktim.o(i.bsp_StartOnceTimer)
    comGetChar                               0x080022dd   Thumb Code    30  bsp_usart_fifo.o(i.comGetChar)
    comSendBuf                               0x080022fb   Thumb Code    46  bsp_usart_fifo.o(i.comSendBuf)
    comSendChar                              0x08002329   Thumb Code    16  bsp_usart_fifo.o(i.comSendChar)
    fputc                                    0x0800237b   Thumb Code    18  bsp_usart_fifo.o(i.fputc)
    func1                                    0x0800238d   Thumb Code    10  main.o(i.func1)
    func2                                    0x080023a9   Thumb Code    10  main.o(i.func2)
    func3                                    0x080023c5   Thumb Code    10  main.o(i.func3)
    main                                     0x080023dd   Thumb Code    74  main.o(i.main)
    AHBPrescTable                            0x08002434   Data          16  system_stm32f4xx.o(.constdata)
    APBPrescTable                            0x08002444   Data           8  system_stm32f4xx.o(.constdata)
    EventRecorderInfo                        0x08002474   Data          24  eventrecorder.o(.constdata)
    Region$$Table$$Base                      0x0800248c   Number         0  anon$$obj.o(Region$$Table)
    Region$$Table$$Limit                     0x080024ac   Number         0  anon$$obj.o(Region$$Table)
    SystemCoreClock                          0x20000000   Data           4  system_stm32f4xx.o(.data)
    g_iRunTime                               0x20000004   Data           4  ticktim.o(.data)
    uwTick                                   0x2000000c   Data           4  stm32f4xx_hal.o(.data)
    uwTickPrio                               0x20000010   Data           4  stm32f4xx_hal.o(.data)
    uwTickFreq                               0x20000014   Data           1  stm32f4xx_hal.o(.data)
    __stdout                                 0x20000018   Data           4  stdout.o(.data)
    __initial_sp                             0x20001cf0   Data           0  startup_stm32f407xx.o(STACK)



==============================================================================

Memory Map of the image

  Image Entry point : 0x08000189

  Load Region LR_IROM1 (Base: 0x08000000, Size: 0x000024c8, Max: 0x00100000, ABSOLUTE)

    Execution Region ER_IROM1 (Exec base: 0x08000000, Load base: 0x08000000, Size: 0x000024ac, Max: 0x00100000, ABSOLUTE)

    Exec Addr    Load Addr    Size         Type   Attr      Idx    E Section Name        Object

    0x08000000   0x08000000   0x00000188   Data   RO          753    RESET               startup_stm32f407xx.o
    0x08000188   0x08000188   0x00000000   Code   RO         2491  * .ARM.Collect$$$$00000000  mc_w.l(entry.o)
    0x08000188   0x08000188   0x00000004   Code   RO         2771    .ARM.Collect$$$$00000001  mc_w.l(entry2.o)
    0x0800018c   0x0800018c   0x00000004   Code   RO         2774    .ARM.Collect$$$$00000004  mc_w.l(entry5.o)
    0x08000190   0x08000190   0x00000000   Code   RO         2776    .ARM.Collect$$$$00000008  mc_w.l(entry7b.o)
    0x08000190   0x08000190   0x00000000   Code   RO         2778    .ARM.Collect$$$$0000000A  mc_w.l(entry8b.o)
    0x08000190   0x08000190   0x00000008   Code   RO         2779    .ARM.Collect$$$$0000000B  mc_w.l(entry9a.o)
    0x08000198   0x08000198   0x00000004   Code   RO         2786    .ARM.Collect$$$$0000000E  mc_w.l(entry12b.o)
    0x0800019c   0x0800019c   0x00000000   Code   RO         2781    .ARM.Collect$$$$0000000F  mc_w.l(entry10a.o)
    0x0800019c   0x0800019c   0x00000000   Code   RO         2783    .ARM.Collect$$$$00000011  mc_w.l(entry11a.o)
    0x0800019c   0x0800019c   0x00000004   Code   RO         2772    .ARM.Collect$$$$00002712  mc_w.l(entry2.o)
    0x080001a0   0x080001a0   0x00000084   Code   RO         2302    .emb_text           eventrecorder.o
    0x08000224   0x08000224   0x00000024   Code   RO          754    .text               startup_stm32f407xx.o
    0x08000248   0x08000248   0x00000062   Code   RO         2500    .text               mc_w.l(uldiv.o)
    0x080002aa   0x080002aa   0x00000024   Code   RO         2502    .text               mc_w.l(memcpya.o)
    0x080002ce   0x080002ce   0x00000024   Code   RO         2504    .text               mc_w.l(memseta.o)
    0x080002f2   0x080002f2   0x0000000e   Code   RO         2506    .text               mc_w.l(strlen.o)
    0x08000300   0x08000300   0x0000002c   Code   RO         2787    .text               mc_w.l(uidiv.o)
    0x0800032c   0x0800032c   0x0000001e   Code   RO         2789    .text               mc_w.l(llshl.o)
    0x0800034a   0x0800034a   0x00000020   Code   RO         2791    .text               mc_w.l(llushr.o)
    0x0800036a   0x0800036a   0x00000002   PAD
    0x0800036c   0x0800036c   0x00000024   Code   RO         2804    .text               mc_w.l(init.o)
    0x08000390   0x08000390   0x00000004   Code   RO          301    i.BusFault_Handler  stm32f4xx_it.o
    0x08000394   0x08000394   0x00000090   Code   RO          638    i.ComToUart         bsp_usart_fifo.o
    0x08000424   0x08000424   0x00000002   Code   RO          302    i.DebugMon_Handler  stm32f4xx_it.o
    0x08000426   0x08000426   0x00000002   PAD
    0x08000428   0x08000428   0x00000058   Code   RO         2304    i.EventGetTS        eventrecorder.o
    0x08000480   0x08000480   0x000000d8   Code   RO         2308    i.EventRecordItem   eventrecorder.o
    0x08000558   0x08000558   0x0000005c   Code   RO         2311    i.EventRecorderEnable  eventrecorder.o
    0x080005b4   0x080005b4   0x00000130   Code   RO         2312    i.EventRecorderInitialize  eventrecorder.o
    0x080006e4   0x080006e4   0x00000030   Code   RO         2313    i.EventRecorderStart  eventrecorder.o
    0x08000714   0x08000714   0x0000000c   Code   RO         2315    i.EventRecorderTimerGetCount  eventrecorder.o
    0x08000720   0x08000720   0x0000000c   Code   RO         2316    i.EventRecorderTimerGetFreq  eventrecorder.o
    0x0800072c   0x0800072c   0x00000024   Code   RO         2317    i.EventRecorderTimerSetup  eventrecorder.o
    0x08000750   0x08000750   0x00000200   Code   RO         1271    i.HAL_GPIO_Init     stm32f4xx_hal_gpio.o
    0x08000950   0x08000950   0x0000000c   Code   RO          773    i.HAL_GetREVID      stm32f4xx_hal.o
    0x0800095c   0x0800095c   0x0000000c   Code   RO          774    i.HAL_GetTick       stm32f4xx_hal.o
    0x08000968   0x08000968   0x00000018   Code   RO          780    i.HAL_IncTick       stm32f4xx_hal.o
    0x08000980   0x08000980   0x00000030   Code   RO          781    i.HAL_Init          stm32f4xx_hal.o
    0x080009b0   0x080009b0   0x0000004c   Code   RO          782    i.HAL_InitTick      stm32f4xx_hal.o
    0x080009fc   0x080009fc   0x00000002   Code   RO          272    i.HAL_MspInit       stm32f4xx_hal_msp.o
    0x080009fe   0x080009fe   0x0000001a   Code   RO          949    i.HAL_NVIC_EnableIRQ  stm32f4xx_hal_cortex.o
    0x08000a18   0x08000a18   0x0000007c   Code   RO          955    i.HAL_NVIC_SetPriority  stm32f4xx_hal_cortex.o
    0x08000a94   0x08000a94   0x00000028   Code   RO          956    i.HAL_NVIC_SetPriorityGrouping  stm32f4xx_hal_cortex.o
    0x08000abc   0x08000abc   0x00000180   Code   RO         2147    i.HAL_RCC_ClockConfig  stm32f4xx_hal_rcc.o
    0x08000c3c   0x08000c3c   0x0000000c   Code   RO         2152    i.HAL_RCC_GetHCLKFreq  stm32f4xx_hal_rcc.o
    0x08000c48   0x08000c48   0x00000020   Code   RO         2154    i.HAL_RCC_GetPCLK1Freq  stm32f4xx_hal_rcc.o
    0x08000c68   0x08000c68   0x00000020   Code   RO         2155    i.HAL_RCC_GetPCLK2Freq  stm32f4xx_hal_rcc.o
    0x08000c88   0x08000c88   0x000000b0   Code   RO         2156    i.HAL_RCC_GetSysClockFreq  stm32f4xx_hal_rcc.o
    0x08000d38   0x08000d38   0x00000448   Code   RO         2159    i.HAL_RCC_OscConfig  stm32f4xx_hal_rcc.o
    0x08001180   0x08001180   0x00000034   Code   RO          960    i.HAL_SYSTICK_Config  stm32f4xx_hal_cortex.o
    0x080011b4   0x080011b4   0x00000072   Code   RO         1533    i.HAL_UART_Init     stm32f4xx_hal_uart.o
    0x08001226   0x08001226   0x00000002   Code   RO         1535    i.HAL_UART_MspInit  stm32f4xx_hal_uart.o
    0x08001228   0x08001228   0x00000004   Code   RO          303    i.HardFault_Handler  stm32f4xx_it.o
    0x0800122c   0x0800122c   0x00000294   Code   RO          639    i.InitHardUart      bsp_usart_fifo.o
    0x080014c0   0x080014c0   0x00000004   Code   RO          304    i.MemManage_Handler  stm32f4xx_it.o
    0x080014c4   0x080014c4   0x00000002   Code   RO          305    i.NMI_Handler       stm32f4xx_it.o
    0x080014c6   0x080014c6   0x00000002   PAD
    0x080014c8   0x080014c8   0x00000010   Code   RO          962    i.NVIC_GetPriorityGrouping  stm32f4xx_hal_cortex.o
    0x080014d8   0x080014d8   0x00000028   Code   RO          963    i.NVIC_SetPriority  stm32f4xx_hal_cortex.o
    0x08001500   0x08001500   0x00000002   Code   RO          306    i.PendSV_Handler    stm32f4xx_it.o
    0x08001502   0x08001502   0x00000002   Code   RO          307    i.SVC_Handler       stm32f4xx_it.o
    0x08001504   0x08001504   0x000000cc   Code   RO          499    i.Stm32_Clock_Init  sys.o
    0x080015d0   0x080015d0   0x0000001c   Code   RO          526    i.SysTick_Handler   ticktim.o
    0x080015ec   0x080015ec   0x000000b8   Code   RO          527    i.SysTick_ISR       ticktim.o
    0x080016a4   0x080016a4   0x00000064   Code   RO          374    i.SystemInit        system_stm32f4xx.o
    0x08001708   0x08001708   0x00000368   Code   RO         1560    i.UART_SetConfig    stm32f4xx_hal_uart.o
    0x08001a70   0x08001a70   0x00000010   Code   RO          640    i.USART1_IRQHandler  bsp_usart_fifo.o
    0x08001a80   0x08001a80   0x00000010   Code   RO          641    i.USART2_IRQHandler  bsp_usart_fifo.o
    0x08001a90   0x08001a90   0x00000010   Code   RO          642    i.USART3_IRQHandler  bsp_usart_fifo.o
    0x08001aa0   0x08001aa0   0x0000004a   Code   RO          643    i.UartGetChar       bsp_usart_fifo.o
    0x08001aea   0x08001aea   0x000000f6   Code   RO          644    i.UartIRQ           bsp_usart_fifo.o
    0x08001be0   0x08001be0   0x00000092   Code   RO          645    i.UartSend          bsp_usart_fifo.o
    0x08001c72   0x08001c72   0x00000002   PAD
    0x08001c74   0x08001c74   0x000000c0   Code   RO          646    i.UartVarInit       bsp_usart_fifo.o
    0x08001d34   0x08001d34   0x00000004   Code   RO          308    i.UsageFault_Handler  stm32f4xx_it.o
    0x08001d38   0x08001d38   0x00000020   Code   RO         2599    i.__0printf$3       mc_w.l(printf3.o)
    0x08001d58   0x08001d58   0x0000000e   Code   RO         2812    i.__scatterload_copy  mc_w.l(handlers.o)
    0x08001d66   0x08001d66   0x00000002   Code   RO         2813    i.__scatterload_null  mc_w.l(handlers.o)
    0x08001d68   0x08001d68   0x0000000e   Code   RO         2814    i.__scatterload_zeroinit  mc_w.l(handlers.o)
    0x08001d76   0x08001d76   0x00000006   Code   RO          528    i.__set_PRIMASK     ticktim.o
    0x08001d7c   0x08001d7c   0x00000006   Code   RO          647    i.__set_PRIMASK     bsp_usart_fifo.o
    0x08001d82   0x08001d82   0x00000002   PAD
    0x08001d84   0x08001d84   0x000001b8   Code   RO         2606    i._printf_core      mc_w.l(printf3.o)
    0x08001f3c   0x08001f3c   0x000000ac   Code   RO          531    i.bsp_InitTimer     ticktim.o
    0x08001fe8   0x08001fe8   0x0000000c   Code   RO          648    i.bsp_InitUart      bsp_usart_fifo.o
    0x08001ff4   0x08001ff4   0x00000002   Code   RO          532    i.bsp_RunPer10ms    ticktim.o
    0x08001ff6   0x08001ff6   0x00000002   Code   RO          533    i.bsp_RunPer1ms     ticktim.o
    0x08001ff8   0x08001ff8   0x000000f4   Code   RO            4    i.bsp_RunPer50ms    main.o
    0x080020ec   0x080020ec   0x00000090   Code   RO          649    i.bsp_SetUartParam  bsp_usart_fifo.o
    0x0800217c   0x0800217c   0x0000001c   Code   RO          535    i.bsp_SoftTimerDec  ticktim.o
    0x08002198   0x08002198   0x000000a4   Code   RO          536    i.bsp_StartAutoTimer  ticktim.o
    0x0800223c   0x0800223c   0x000000a0   Code   RO          537    i.bsp_StartOnceTimer  ticktim.o
    0x080022dc   0x080022dc   0x0000001e   Code   RO          650    i.comGetChar        bsp_usart_fifo.o
    0x080022fa   0x080022fa   0x0000002e   Code   RO          651    i.comSendBuf        bsp_usart_fifo.o
    0x08002328   0x08002328   0x00000010   Code   RO          652    i.comSendChar       bsp_usart_fifo.o
    0x08002338   0x08002338   0x00000042   Code   RO         2319    i.crc16_ccitt       eventrecorder.o
    0x0800237a   0x0800237a   0x00000012   Code   RO          654    i.fputc             bsp_usart_fifo.o
    0x0800238c   0x0800238c   0x0000001c   Code   RO            5    i.func1             main.o
    0x080023a8   0x080023a8   0x0000001c   Code   RO            6    i.func2             main.o
    0x080023c4   0x080023c4   0x00000018   Code   RO            7    i.func3             main.o
    0x080023dc   0x080023dc   0x00000058   Code   RO            8    i.main              main.o
    0x08002434   0x08002434   0x00000018   Data   RO          375    .constdata          system_stm32f4xx.o
    0x0800244c   0x0800244c   0x00000026   Data   RO          540    .constdata          ticktim.o
    0x08002472   0x08002472   0x00000002   PAD
    0x08002474   0x08002474   0x00000018   Data   RO         2322    .constdata          eventrecorder.o
    0x0800248c   0x0800248c   0x00000020   Data   RO         2810    Region$$Table       anon$$obj.o


    Execution Region RW_IRAM1 (Exec base: 0x20000000, Load base: 0x080024ac, Size: 0x00001cf0, Max: 0x00010000, ABSOLUTE)

    Exec Addr    Load Addr    Size         Type   Attr      Idx    E Section Name        Object

    0x20000000   0x080024ac   0x00000004   Data   RW          376    .data               system_stm32f4xx.o
    0x20000004   0x080024b0   0x00000007   Data   RW          541    .data               ticktim.o
    0x2000000b   0x080024b7   0x00000001   PAD
    0x2000000c   0x080024b8   0x00000009   Data   RW          788    .data               stm32f4xx_hal.o
    0x20000015   0x080024c1   0x00000003   PAD
    0x20000018   0x080024c4   0x00000004   Data   RW         2498    .data               mc_w.l(stdout.o)
    0x2000001c        -       0x00000040   Zero   RW          539    .bss                ticktim.o
    0x2000005c        -       0x00001890   Zero   RW          655    .bss                bsp_usart_fifo.o
    0x200018ec   0x080024c8   0x00000004   PAD
    0x200018f0        -       0x00000400   Zero   RW          751    STACK               startup_stm32f407xx.o


    Execution Region RW_IRAM2 (Exec base: 0x20010000, Load base: 0x080024c8, Size: 0x000080e4, Max: 0x00010000, ABSOLUTE, UNINIT)

    Exec Addr    Load Addr    Size         Type   Attr      Idx    E Section Name        Object

    0x20010000        -       0x00000001   Zero   RW         2320    .bss                eventrecorder.o
    0x20010001   0x080024c8   0x0000003f   PAD
    0x20010040        -       0x000080a4   Zero   RW         2321    .bss.noinit         eventrecorder.o


==============================================================================

Image component sizes


      Code (inc. data)   RO Data    RW Data    ZI Data      Debug   Object Name

      1782        284          0          0       6288      12326   bsp_usart_fifo.o
      1006         80         24          0      32933      12108   eventrecorder.o
       412        144          0          0          0     667132   main.o
        36          8        392          0       1024        824   startup_stm32f407xx.o
       172         34          0          9          0       4444   stm32f4xx_hal.o
       298         22          0          0          0      30759   stm32f4xx_hal_cortex.o
       512         46          0          0          0       1652   stm32f4xx_hal_gpio.o
         2          0          0          0          0        462   stm32f4xx_hal_msp.o
      1732         84          0          0          0       5520   stm32f4xx_hal_rcc.o
       988          8          0          0          0       2355   stm32f4xx_hal_uart.o
        24          0          0          0          0       3720   stm32f4xx_it.o
       204         14          0          0          0       1219   sys.o
       100         18         24          4          0       1147   system_stm32f4xx.o
       746        182         38          7         64      36729   ticktim.o

    ----------------------------------------------------------------------
      8022        924        512         24      40376     780397   Object Totals
         0          0         32          0          0          0   (incl. Generated)
         8          0          2          4         67          0   (incl. Padding)

    ----------------------------------------------------------------------

      Code (inc. data)   RO Data    RW Data    ZI Data      Debug   Library Member Name

         0          0          0          0          0          0   entry.o
         0          0          0          0          0          0   entry10a.o
         0          0          0          0          0          0   entry11a.o
         4          0          0          0          0          0   entry12b.o
         8          4          0          0          0          0   entry2.o
         4          0          0          0          0          0   entry5.o
         0          0          0          0          0          0   entry7b.o
         0          0          0          0          0          0   entry8b.o
         8          4          0          0          0          0   entry9a.o
        30          0          0          0          0          0   handlers.o
        36          8          0          0          0         68   init.o
        30          0          0          0          0         68   llshl.o
        32          0          0          0          0         68   llushr.o
        36          0          0          0          0         68   memcpya.o
        36          0          0          0          0        108   memseta.o
       472         14          0          0          0        184   printf3.o
         0          0          0          4          0          0   stdout.o
        14          0          0          0          0         68   strlen.o
        44          0          0          0          0         80   uidiv.o
        98          0          0          0          0         92   uldiv.o

    ----------------------------------------------------------------------
       854         30          0          4          0        804   Library Totals
         2          0          0          0          0          0   (incl. Padding)

    ----------------------------------------------------------------------

      Code (inc. data)   RO Data    RW Data    ZI Data      Debug   Library Name

       852         30          0          4          0        804   mc_w.l

    ----------------------------------------------------------------------
       854         30          0          4          0        804   Library Totals

    ----------------------------------------------------------------------

==============================================================================


      Code (inc. data)   RO Data    RW Data    ZI Data      Debug   

      8876        954        512         28      40376     774493   Grand Totals
      8876        954        512         28      40376     774493   ELF Image Totals
      8876        954        512         28          0          0   ROM Totals

==============================================================================

    Total RO  Size (Code + RO Data)                 9388 (   9.17kB)
    Total RW  Size (RW Data + ZI Data)             40404 (  39.46kB)
    Total ROM Size (Code + RO Data + RW Data)       9416 (   9.20kB)

==============================================================================

