<html>
<body>
<pre>
<h1>�Vision Build Log</h1>
<h2>Tool Versions:</h2>
IDE-Version: ��Vision V5.36.0.0
Copyright (C) 2021 ARM Ltd and ARM Germany GmbH. All rights reserved.
License Information: XIAN Administrator, XIAN, LIC=WHYH9-4DSDA-II85V-PT8DG-BZKP9-U4WGQ
 
Tool Versions:
Toolchain:       MDK-ARM Plus  Version: 5.36.0.0
Toolchain Path:  E:\Keil_v5\ARM\ARMCC\Bin
C Compiler:      Armcc.exe V5.06 update 7 (build 960)
Assembler:       Armasm.exe V5.06 update 7 (build 960)
Linker/Locator:  ArmLink.exe V5.06 update 7 (build 960)
Library Manager: ArmAr.exe V5.06 update 7 (build 960)
Hex Converter:   FromElf.exe V5.06 update 7 (build 960)
CPU DLL:         SARMCM3.DLL V5.36.0.0
Dialog DLL:      DCM.DLL V1.17.3.0
Target DLL:      STLink\ST-LINKIII-KEIL_SWO.dll V3.0.9.0
Dialog DLL:      TCM.DLL V1.53.0.0
 
<h2>Project:</h2>
D:\stm32F407zet6Template\Xian_Template\User\Run_Xian.uvprojx
Project File Date:  04/24/2022

<h2>Output:</h2>
*** Using Compiler 'V5.06 update 7 (build 960)', folder: 'E:\Keil_v5\ARM\ARMCC\Bin'
Rebuild target 'xian'
assembling startup_stm32f407xx.s...
compiling ticktim.c...
compiling stm32f4xx_hal_msp.c...
compiling sys.c...
compiling stm32f4xx_it.c...
compiling bsp_spi_bus.c...
compiling system_stm32f4xx.c...
compiling bsp_key.c...
compiling main.c...
compiling bsp_spi_flash.c...
..\SYSTEM\flash\bsp_spi_flash.c(132): warning:  #223-D: function "strcpy" declared implicitly
  				strcpy(g_tSF.ChipName, "SST25VF016B");
..\SYSTEM\flash\bsp_spi_flash.c(34): warning:  #177-D: function "sf_NeedErase"  was declared but never referenced
  static uint8_t sf_NeedErase(uint8_t * _ucpOldBuf, uint8_t *_ucpNewBuf, uint16_t _uiLen);
..\SYSTEM\flash\bsp_spi_flash.c(35): warning:  #177-D: function "sf_CmpData"  was declared but never referenced
  static uint8_t sf_CmpData(uint32_t _uiSrcAddr, uint8_t *_ucpTar, uint32_t _uiSize);
..\SYSTEM\flash\bsp_spi_flash.c(36): warning:  #177-D: function "sf_AutoWriteSector"  was declared but never referenced
  static uint8_t sf_AutoWriteSector(uint8_t *_ucpSrc, uint32_t _uiWrAddr, uint16_t _usWrLen);
..\SYSTEM\flash\bsp_spi_flash.c(38): warning:  #177-D: variable "s_spiBuf"  was declared but never referenced
  static uint8_t s_spiBuf[4*1024];	/* 用于写函数，先读出整个扇区，修改缓冲区后，再整个扇区回写 */
..\SYSTEM\flash\bsp_spi_flash.c: 5 warnings, 0 errors
compiling stm32f4xx_hal.c...
compiling bsp_usart_fifo.c...
compiling stm32f4xx_hal_dma.c...
compiling stm32f4xx_hal_pwr_ex.c...
compiling stm32f4xx_hal_crc.c...
compiling stm32f4xx_hal_eth.c...
compiling stm32f4xx_hal_pwr.c...
compiling stm32f4xx_hal_cortex.c...
compiling stm32f4xx_hal_usart.c...
compiling stm32f4xx_hal_gpio.c...
compiling stm32f4xx_hal_uart.c...
compiling retarget_io.c...
compiling stm32f4xx_hal_rcc.c...
compiling stm32f4xx_hal_dma_ex.c...
compiling stm32f4xx_hal_rcc_ex.c...
compiling EventRecorder.c...
compiling stm32f4xx_hal_spi.c...
linking...
Program Size: Code=9700 RO-data=528 RW-data=28 ZI-data=40352  
FromELF: creating hex file...
"..\Obj\Run_Xian.axf" - 0 Error(s), 5 Warning(s).

<h2>Software Packages used:</h2>

Package Vendor: Keil
                http://www.keil.com/pack/Keil.ARM_Compiler.1.6.3.pack
                Keil.ARM_Compiler.1.6.3
                Keil ARM Compiler extensions for ARM Compiler 5 and ARM Compiler 6
   * Component: Event Recorder Variant: DAP Version: 1.4.0
   * Component: STDOUT Variant: EVR Version: 1.2.0

Package Vendor: Keil
                http://www.keil.com/pack/Keil.STM32F4xx_DFP.2.12.0.pack
                Keil.STM32F4xx_DFP.2.12.0
                STMicroelectronics STM32F4 Series Device Support, Drivers and Examples

<h2>Collection of Component include folders:</h2>
  .\RTE\Compiler
  .\RTE\_xian
  E:\Users\Administrator\AppData\Local\Arm\Packs\Keil\ARM_Compiler\1.6.3\Include
  E:\Users\Administrator\AppData\Local\Arm\Packs\Keil\STM32F4xx_DFP\2.12.0\Drivers\CMSIS\Device\ST\STM32F4xx\Include

<h2>Collection of Component Files used:</h2>

   * Component: Keil.ARM Compiler::Compiler:Event Recorder:DAP:1.4.0
      Include file:  Include\EventRecorder.h
      Include file:  Config\EventRecorderConf.h
      Source file:   Source\EventRecorder.c

   * Component: Keil.ARM Compiler::Compiler:I/O:STDOUT:EVR:1.2.0
      Source file:   Source\retarget_io.c
Build Time Elapsed:  00:00:08
</pre>
</body>
</html>
